\BOOKMARK [1][-]{section.1}{\376\377\000ま\000え\000が\000き}{}% 1
\BOOKMARK [1][-]{section.2}{\376\377\000関\000連\000研\000究}{}% 2
\BOOKMARK [2][-]{subsection.2.1}{\376\377\000次\000元\000削\000減\000と\000内\000在\000次\000元}{section.2}% 3
\BOOKMARK [2][-]{subsection.2.2}{\376\377\000潜\000在\000次\000元\000の\000選\000択}{section.2}% 4
\BOOKMARK [2][-]{subsection.2.3}{\376\377\000学\000習\000中\000の\000剪\000定}{section.2}% 5
\BOOKMARK [2][-]{subsection.2.4}{\376\377\000活\000性\000ユ\000ニ\000ッ\000ト\000と\000事\000後\000崩\000壊}{section.2}% 6
\BOOKMARK [2][-]{subsection.2.5}{\376\377\000先\000行\000会\000議\000論\000文\000と\000の\000関\000係}{section.2}% 7
\BOOKMARK [1][-]{section.3}{\376\377\000評\000価\000の\000枠\000組\000み}{}% 8
\BOOKMARK [2][-]{subsection.3.1}{\376\377\000品\000質\000目\000標}{section.3}% 9
\BOOKMARK [2][-]{subsection.3.2}{\376\377\000費\000用\000の\000計\000上}{section.3}% 10
\BOOKMARK [2][-]{subsection.3.3}{\376\377\000終\000了\000状\000態}{section.3}% 11
\BOOKMARK [1][-]{section.4}{\376\377\000理\000論\000的\000背\000景}{}% 12
\BOOKMARK [1][-]{section.5}{\376\377\000実\000験\000設\000定}{}% 13
\BOOKMARK [2][-]{subsection.5.1}{\376\377\000目\000的\000関\000数\000と\000尤\000度}{section.5}% 14
\BOOKMARK [2][-]{subsection.5.2}{\376\377\000デ\000ー\000タ\000，\000分\000割\000，\000反\000復}{section.5}% 15
\BOOKMARK [2][-]{subsection.5.3}{\376\377\000モ\000デ\000ル\000，\000グ\000リ\000ッ\000ド\000，\000比\000較\000法}{section.5}% 16
\BOOKMARK [2][-]{subsection.5.4}{\376\377\000出\000所\000情\000報}{section.5}% 17
\BOOKMARK [1][-]{section.6}{\376\377\000結\000果}{}% 18
\BOOKMARK [2][-]{subsection.6.1}{\376\377\000手\000法\000単\000位\000の\000比\000較}{section.6}% 19
\BOOKMARK [2][-]{subsection.6.2}{\376\377\000内\000在\000次\000元\000推\000定\000の\000感\000度}{section.6}% 20
\BOOKMARK [2][-]{subsection.6.3}{\376\377\000閾\000値\000に\000よ\000る\000支\000配\000と\000そ\000の\000序\000列}{section.6}% 21
\BOOKMARK [2][-]{subsection.6.4}{\376\377\000活\000性\000度\000読\000み\000取\000り\000の\000安\000定\000性}{section.6}% 22
\BOOKMARK [2][-]{subsection.6.5}{\376\377\000自\000然\000画\000像}{section.6}% 23
\BOOKMARK [2][-]{subsection.6.6}{\376\377\000実\000装\000上\000の\000失\000敗\000様\000式}{section.6}% 24
\BOOKMARK [1][-]{section.7}{\376\377\000考\000察}{}% 25
\BOOKMARK [2][-]{subsection.7.1}{\376\377\000比\000較\000が\000示\000す\000も\000の}{section.7}% 26
\BOOKMARK [2][-]{subsection.7.2}{\376\377\000既\000存\000研\000究\000と\000の\000関\000係}{section.7}% 27
\BOOKMARK [2][-]{subsection.7.3}{\376\377\000結\000論\000を\000変\000え\000う\000る\000条\000件}{section.7}% 28
\BOOKMARK [2][-]{subsection.7.4}{\376\377\000合\000成\000デ\000ー\000タ\000と\000実\000デ\000ー\000タ}{section.7}% 29
\BOOKMARK [1][-]{section.8}{\376\377\000む\000す\000び}{}% 30
