This is pdfTeX, Version 3.141592653-2.6-1.40.29 (TeX Live 2026) (preloaded format=pdflatex)
 restricted \write18 enabled.
entering extended mode
(./main_paper_MAKE52.tex
LaTeX2e <2025-11-01>
L3 programming layer <2026-01-19>
(./Definitions/mdpi.cls
Document Class: Definitions/mdpi 13/03/2026 MDPI paper class
(/usr/local/texlive/2026/texmf-dist/tex/latex/base/article.cls
Document Class: article 2025/01/22 v1.4n Standard LaTeX document class
(/usr/local/texlive/2026/texmf-dist/tex/latex/base/size10.clo))
(/usr/local/texlive/2026/texmf-dist/tex/latex/base/fontenc.sty)
(/usr/local/texlive/2026/texmf-dist/tex/latex/base/inputenc.sty)
(/usr/local/texlive/2026/texmf-dist/tex/latex/tools/calc.sty)
(/usr/local/texlive/2026/texmf-dist/tex/latex/tools/indentfirst.sty)
(/usr/local/texlive/2026/texmf-dist/tex/latex/fancyhdr/fancyhdr.sty)
(/usr/local/texlive/2026/texmf-dist/tex/latex/graphics/graphicx.sty
(/usr/local/texlive/2026/texmf-dist/tex/latex/graphics/keyval.sty)
(/usr/local/texlive/2026/texmf-dist/tex/latex/graphics/graphics.sty
(/usr/local/texlive/2026/texmf-dist/tex/latex/graphics/trig.sty)
(/usr/local/texlive/2026/texmf-dist/tex/latex/graphics-cfg/graphics.cfg)
(/usr/local/texlive/2026/texmf-dist/tex/latex/graphics-def/pdftex.def)))
(/usr/local/texlive/2026/texmf-dist/tex/latex/epstopdf-pkg/epstopdf.sty
(/usr/local/texlive/2026/texmf-dist/tex/generic/infwarerr/infwarerr.sty)
(/usr/local/texlive/2026/texmf-dist/tex/latex/grfext/grfext.sty
(/usr/local/texlive/2026/texmf-dist/tex/generic/kvdefinekeys/kvdefinekeys.sty))
 (/usr/local/texlive/2026/texmf-dist/tex/latex/kvoptions/kvoptions.sty
(/usr/local/texlive/2026/texmf-dist/tex/generic/ltxcmds/ltxcmds.sty)
(/usr/local/texlive/2026/texmf-dist/tex/latex/kvsetkeys/kvsetkeys.sty))
(/usr/local/texlive/2026/texmf-dist/tex/generic/pdftexcmds/pdftexcmds.sty
(/usr/local/texlive/2026/texmf-dist/tex/generic/iftex/iftex.sty))
(/usr/local/texlive/2026/texmf-dist/tex/latex/epstopdf-pkg/epstopdf-base.sty
(/usr/local/texlive/2026/texmf-dist/tex/latex/latexconfig/epstopdf-sys.cfg)))
(/usr/local/texlive/2026/texmf-dist/tex/latex/lastpage/lastpage.sty
(/usr/local/texlive/2026/texmf-dist/tex/latex/lastpage/lastpage2e.sty
(/usr/local/texlive/2026/texmf-dist/tex/latex/lastpage/lastpagemodern.sty) 
)) (/usr/local/texlive/2026/texmf-dist/tex/latex/base/ifthen.sty)
(/usr/local/texlive/2026/texmf-dist/tex/latex/float/float.sty)
(/usr/local/texlive/2026/texmf-dist/tex/latex/amsmath/amsmath.sty
For additional information on amsmath, use the `?' option.
(/usr/local/texlive/2026/texmf-dist/tex/latex/amsmath/amstext.sty
(/usr/local/texlive/2026/texmf-dist/tex/latex/amsmath/amsgen.sty))
(/usr/local/texlive/2026/texmf-dist/tex/latex/amsmath/amsbsy.sty)
(/usr/local/texlive/2026/texmf-dist/tex/latex/amsmath/amsopn.sty))
(/usr/local/texlive/2026/texmf-dist/tex/latex/amsfonts/amssymb.sty
(/usr/local/texlive/2026/texmf-dist/tex/latex/amsfonts/amsfonts.sty))
(/usr/local/texlive/2026/texmf-dist/tex/latex/lineno/lineno.sty
(/usr/local/texlive/2026/texmf-dist/tex/latex/etoolbox/etoolbox.sty))
(/usr/local/texlive/2026/texmf-dist/tex/latex/setspace/setspace.sty)
(/usr/local/texlive/2026/texmf-dist/tex/latex/enumitem/enumitem.sty)
(/usr/local/texlive/2026/texmf-dist/tex/latex/psnfss/mathpazo.sty)
(/usr/local/texlive/2026/texmf-dist/tex/latex/booktabs/booktabs.sty)
(/usr/local/texlive/2026/texmf-dist/tex/latex/titlesec/titlesec.sty)
(/usr/local/texlive/2026/texmf-dist/tex/latex/tabto-ltx/tabto.sty)
(/usr/local/texlive/2026/texmf-dist/tex/latex/xcolor/xcolor.sty
(/usr/local/texlive/2026/texmf-dist/tex/latex/graphics-cfg/color.cfg)
(/usr/local/texlive/2026/texmf-dist/tex/latex/graphics/mathcolor.ltx))
(/usr/local/texlive/2026/texmf-dist/tex/latex/colortbl/colortbl.sty
(/usr/local/texlive/2026/texmf-dist/tex/latex/tools/array.sty))
(/usr/local/texlive/2026/texmf-dist/tex/generic/soul/soul.sty
(/usr/local/texlive/2026/texmf-dist/tex/generic/soul/soul-ori.sty)
(/usr/local/texlive/2026/texmf-dist/tex/generic/etexcmds/etexcmds.sty))
(/usr/local/texlive/2026/texmf-dist/tex/latex/multirow/multirow.sty)
(/usr/local/texlive/2026/texmf-dist/tex/latex/microtype/microtype.sty
(/usr/local/texlive/2026/texmf-dist/tex/latex/microtype/microtype-pdftex.def)
(/usr/local/texlive/2026/texmf-dist/tex/latex/microtype/microtype.cfg))
(/usr/local/texlive/2026/texmf-dist/tex/latex/pgf/frontendlayer/tikz.sty
(/usr/local/texlive/2026/texmf-dist/tex/latex/pgf/basiclayer/pgf.sty
(/usr/local/texlive/2026/texmf-dist/tex/latex/pgf/utilities/pgfrcs.sty
(/usr/local/texlive/2026/texmf-dist/tex/generic/pgf/utilities/pgfutil-common.te
x)
(/usr/local/texlive/2026/texmf-dist/tex/generic/pgf/utilities/pgfutil-latex.def
) (/usr/local/texlive/2026/texmf-dist/tex/generic/pgf/utilities/pgfrcs.code.tex
(/usr/local/texlive/2026/texmf-dist/tex/generic/pgf/pgf.revision.tex)))
(/usr/local/texlive/2026/texmf-dist/tex/latex/pgf/basiclayer/pgfcore.sty
(/usr/local/texlive/2026/texmf-dist/tex/latex/pgf/systemlayer/pgfsys.sty
(/usr/local/texlive/2026/texmf-dist/tex/generic/pgf/systemlayer/pgfsys.code.tex
(/usr/local/texlive/2026/texmf-dist/tex/generic/pgf/utilities/pgfkeys.code.tex
(/usr/local/texlive/2026/texmf-dist/tex/generic/pgf/utilities/pgfkeyslibraryfil
tered.code.tex))
(/usr/local/texlive/2026/texmf-dist/tex/generic/pgf/systemlayer/pgf.cfg)
(/usr/local/texlive/2026/texmf-dist/tex/generic/pgf/systemlayer/pgfsys-pdftex.d
ef
(/usr/local/texlive/2026/texmf-dist/tex/generic/pgf/systemlayer/pgfsys-common-p
df.def)))
(/usr/local/texlive/2026/texmf-dist/tex/generic/pgf/systemlayer/pgfsyssoftpath.
code.tex)
(/usr/local/texlive/2026/texmf-dist/tex/generic/pgf/systemlayer/pgfsysprotocol.
code.tex))
(/usr/local/texlive/2026/texmf-dist/tex/generic/pgf/basiclayer/pgfcore.code.tex
(/usr/local/texlive/2026/texmf-dist/tex/generic/pgf/math/pgfmath.code.tex
(/usr/local/texlive/2026/texmf-dist/tex/generic/pgf/math/pgfmathutil.code.tex)
(/usr/local/texlive/2026/texmf-dist/tex/generic/pgf/math/pgfmathparser.code.tex
)
(/usr/local/texlive/2026/texmf-dist/tex/generic/pgf/math/pgfmathfunctions.code.
tex)
(/usr/local/texlive/2026/texmf-dist/tex/generic/pgf/math/pgfmathfunctions.basic
.code.tex)
(/usr/local/texlive/2026/texmf-dist/tex/generic/pgf/math/pgfmathfunctions.trigo
nometric.code.tex)
(/usr/local/texlive/2026/texmf-dist/tex/generic/pgf/math/pgfmathfunctions.rando
m.code.tex)
(/usr/local/texlive/2026/texmf-dist/tex/generic/pgf/math/pgfmathfunctions.compa
rison.code.tex)
(/usr/local/texlive/2026/texmf-dist/tex/generic/pgf/math/pgfmathfunctions.base.
code.tex)
(/usr/local/texlive/2026/texmf-dist/tex/generic/pgf/math/pgfmathfunctions.round
.code.tex)
(/usr/local/texlive/2026/texmf-dist/tex/generic/pgf/math/pgfmathfunctions.misc.
code.tex)
(/usr/local/texlive/2026/texmf-dist/tex/generic/pgf/math/pgfmathfunctions.integ
erarithmetics.code.tex)
(/usr/local/texlive/2026/texmf-dist/tex/generic/pgf/math/pgfmathcalc.code.tex)
(/usr/local/texlive/2026/texmf-dist/tex/generic/pgf/math/pgfmathfloat.code.tex)
) (/usr/local/texlive/2026/texmf-dist/tex/generic/pgf/math/pgfint.code.tex)
(/usr/local/texlive/2026/texmf-dist/tex/generic/pgf/basiclayer/pgfcorepoints.co
de.tex)
(/usr/local/texlive/2026/texmf-dist/tex/generic/pgf/basiclayer/pgfcorepathconst
ruct.code.tex)
(/usr/local/texlive/2026/texmf-dist/tex/generic/pgf/basiclayer/pgfcorepathusage
.code.tex)
(/usr/local/texlive/2026/texmf-dist/tex/generic/pgf/basiclayer/pgfcorescopes.co
de.tex)
(/usr/local/texlive/2026/texmf-dist/tex/generic/pgf/basiclayer/pgfcoregraphicst
ate.code.tex)
(/usr/local/texlive/2026/texmf-dist/tex/generic/pgf/basiclayer/pgfcoretransform
ations.code.tex)
(/usr/local/texlive/2026/texmf-dist/tex/generic/pgf/basiclayer/pgfcorequick.cod
e.tex)
(/usr/local/texlive/2026/texmf-dist/tex/generic/pgf/basiclayer/pgfcoreobjects.c
ode.tex)
(/usr/local/texlive/2026/texmf-dist/tex/generic/pgf/basiclayer/pgfcorepathproce
ssing.code.tex)
(/usr/local/texlive/2026/texmf-dist/tex/generic/pgf/basiclayer/pgfcorearrows.co
de.tex)
(/usr/local/texlive/2026/texmf-dist/tex/generic/pgf/basiclayer/pgfcoreshade.cod
e.tex)
(/usr/local/texlive/2026/texmf-dist/tex/generic/pgf/basiclayer/pgfcoreimage.cod
e.tex)
(/usr/local/texlive/2026/texmf-dist/tex/generic/pgf/basiclayer/pgfcoreexternal.
code.tex)
(/usr/local/texlive/2026/texmf-dist/tex/generic/pgf/basiclayer/pgfcorelayers.co
de.tex)
(/usr/local/texlive/2026/texmf-dist/tex/generic/pgf/basiclayer/pgfcoretranspare
ncy.code.tex)
(/usr/local/texlive/2026/texmf-dist/tex/generic/pgf/basiclayer/pgfcorepatterns.
code.tex)
(/usr/local/texlive/2026/texmf-dist/tex/generic/pgf/basiclayer/pgfcorerdf.code.
tex)))
(/usr/local/texlive/2026/texmf-dist/tex/generic/pgf/modules/pgfmoduleshapes.cod
e.tex)
(/usr/local/texlive/2026/texmf-dist/tex/generic/pgf/modules/pgfmoduleplot.code.
tex)
(/usr/local/texlive/2026/texmf-dist/tex/latex/pgf/compatibility/pgfcomp-version
-0-65.sty)
(/usr/local/texlive/2026/texmf-dist/tex/latex/pgf/compatibility/pgfcomp-version
-1-18.sty))
(/usr/local/texlive/2026/texmf-dist/tex/latex/pgf/utilities/pgffor.sty
(/usr/local/texlive/2026/texmf-dist/tex/latex/pgf/utilities/pgfkeys.sty
(/usr/local/texlive/2026/texmf-dist/tex/generic/pgf/utilities/pgfkeys.code.tex)
) (/usr/local/texlive/2026/texmf-dist/tex/latex/pgf/math/pgfmath.sty
(/usr/local/texlive/2026/texmf-dist/tex/generic/pgf/math/pgfmath.code.tex))
(/usr/local/texlive/2026/texmf-dist/tex/generic/pgf/utilities/pgffor.code.tex))

(/usr/local/texlive/2026/texmf-dist/tex/generic/pgf/frontendlayer/tikz/tikz.cod
e.tex
(/usr/local/texlive/2026/texmf-dist/tex/generic/pgf/libraries/pgflibraryplothan
dlers.code.tex)
(/usr/local/texlive/2026/texmf-dist/tex/generic/pgf/modules/pgfmodulematrix.cod
e.tex)
(/usr/local/texlive/2026/texmf-dist/tex/generic/pgf/frontendlayer/tikz/librarie
s/tikzlibrarytopaths.code.tex)))
(/usr/local/texlive/2026/texmf-dist/tex/latex/refcount/refcount.sty)
(/usr/local/texlive/2026/texmf-dist/tex/latex/changepage/changepage.sty)
(/usr/local/texlive/2026/texmf-dist/tex/latex/frankenstein/attrib.sty
(/usr/local/texlive/2026/texmf-dist/tex/latex/frankenstein/moredefs.sty))
(/usr/local/texlive/2026/texmf-dist/tex/latex/was/upgreek.sty)
(/usr/local/texlive/2026/texmf-dist/tex/latex/tools/tabularx.sty)
(/usr/local/texlive/2026/texmf-dist/tex/latex/pbox/pbox.sty)
(/usr/local/texlive/2026/texmf-dist/tex/latex/ragged2e/ragged2e.sty)
(/usr/local/texlive/2026/texmf-dist/tex/latex/tocloft/tocloft.sty)
(/usr/local/texlive/2026/texmf-dist/tex/latex/marginnote/marginnote.sty)
(/usr/local/texlive/2026/texmf-dist/tex/latex/marginfix/marginfix.sty)
==> First Aid for marginfix.sty applied!
(/usr/local/texlive/2026/texmf-dist/tex/latex/enotez/enotez.sty
(/usr/local/texlive/2026/texmf-dist/tex/latex/l3kernel/expl3.sty
(/usr/local/texlive/2026/texmf-dist/tex/latex/l3backend/l3backend-pdftex.def))
(/usr/local/texlive/2026/texmf-dist/tex/latex/l3packages/xparse/xparse.sty)
(/usr/local/texlive/2026/texmf-dist/tex/latex/l3packages/l3keys2e/l3keys2e.sty)

(/usr/local/texlive/2026/texmf-dist/tex/latex/l3packages/xtemplate/xtemplate.st
y) (/usr/local/texlive/2026/texmf-dist/tex/latex/translations/translations.sty)
) (/usr/local/texlive/2026/texmf-dist/tex/generic/xstring/xstring.sty
(/usr/local/texlive/2026/texmf-dist/tex/generic/xstring/xstring.tex))
(/usr/local/texlive/2026/texmf-dist/tex/latex/subfig/subfig.sty
(/usr/local/texlive/2026/texmf-dist/tex/latex/caption/caption.sty
(/usr/local/texlive/2026/texmf-dist/tex/latex/caption/caption3.sty)))
(/usr/local/texlive/2026/texmf-dist/tex/generic/alphalph/alphalph.sty
(/usr/local/texlive/2026/texmf-dist/tex/generic/intcalc/intcalc.sty))
(./Definitions/journalnames.tex)
(/usr/local/texlive/2026/texmf-dist/tex/latex/amscls/amsthm.sty)
(/usr/local/texlive/2026/texmf-dist/tex/latex/natbib/natbib.sty)
(/usr/local/texlive/2026/texmf-dist/tex/latex/koma-script/scrextend.sty
(/usr/local/texlive/2026/texmf-dist/tex/latex/koma-script/scrkbase.sty
(/usr/local/texlive/2026/texmf-dist/tex/latex/koma-script/scrbase.sty
(/usr/local/texlive/2026/texmf-dist/tex/latex/koma-script/scrlfile.sty
(/usr/local/texlive/2026/texmf-dist/tex/latex/koma-script/scrlfile-hook.sty
(/usr/local/texlive/2026/texmf-dist/tex/latex/koma-script/scrlogo.sty))))))
(/usr/local/texlive/2026/texmf-dist/tex/latex/geometry/geometry.sty
(/usr/local/texlive/2026/texmf-dist/tex/generic/iftex/ifvtex.sty))
(/usr/local/texlive/2026/texmf-dist/tex/latex/newfloat/newfloat.sty)
(/usr/local/texlive/2026/texmf-dist/tex/latex/seqsplit/seqsplit.sty))
(/usr/local/texlive/2026/texmf-dist/tex/latex/xurl/xurl.sty
(/usr/local/texlive/2026/texmf-dist/tex/latex/url/url.sty))
(/usr/local/texlive/2026/texmf-dist/tex/latex/hyperref/hyperref.sty
(/usr/local/texlive/2026/texmf-dist/tex/generic/pdfescape/pdfescape.sty)
(/usr/local/texlive/2026/texmf-dist/tex/latex/hycolor/hycolor.sty)
(/usr/local/texlive/2026/texmf-dist/tex/latex/hyperref/nameref.sty
(/usr/local/texlive/2026/texmf-dist/tex/generic/gettitlestring/gettitlestring.s
ty)) (/usr/local/texlive/2026/texmf-dist/tex/generic/stringenc/stringenc.sty)
(/usr/local/texlive/2026/texmf-dist/tex/latex/hyperref/pd1enc.def)
(/usr/local/texlive/2026/texmf-dist/tex/latex/hyperref/puenc.def)
(/usr/local/texlive/2026/texmf-dist/tex/generic/bitset/bitset.sty
(/usr/local/texlive/2026/texmf-dist/tex/generic/bigintcalc/bigintcalc.sty)))
(/usr/local/texlive/2026/texmf-dist/tex/latex/hyperref/hpdftex.def
(/usr/local/texlive/2026/texmf-dist/tex/latex/rerunfilecheck/rerunfilecheck.sty

(/usr/local/texlive/2026/texmf-dist/tex/generic/uniquecounter/uniquecounter.sty
))) (/usr/local/texlive/2026/texmf-dist/tex/latex/cleveref/cleveref.sty)
==> First Aid for cleveref.sty applied!
(/usr/local/texlive/2026/texmf-dist/tex/latex/psnfss/t1ppl.fd)
(tmp/pdfs/MAKE52/build/main_paper_MAKE52.aux)
(/usr/local/texlive/2026/texmf-dist/tex/context/base/mkii/supp-pdf.mkii
[Loading MPS to PDF converter (version 2006.09.02).]
) (/usr/local/texlive/2026/texmf-dist/tex/latex/microtype/mt-ppl.cfg)
(/usr/local/texlive/2026/texmf-dist/tex/latex/translations/translations-basic-d
ictionary-english.trsl)
*geometry* detected driver: pdftex
(tmp/pdfs/MAKE52/build/main_paper_MAKE52.out)
(tmp/pdfs/MAKE52/build/main_paper_MAKE52.out)
(/usr/local/texlive/2026/texmf-dist/tex/latex/psnfss/ts1ppl.fd)
(/usr/local/texlive/2026/texmf-dist/tex/latex/psnfss/ot1ppl.fd)
(/usr/local/texlive/2026/texmf-dist/tex/latex/psnfss/omlzplm.fd)
(/usr/local/texlive/2026/texmf-dist/tex/latex/psnfss/omszplm.fd)
(/usr/local/texlive/2026/texmf-dist/tex/latex/psnfss/omxzplm.fd)
(/usr/local/texlive/2026/texmf-dist/tex/latex/microtype/mt-msa.cfg)
(/usr/local/texlive/2026/texmf-dist/tex/latex/microtype/mt-msb.cfg)
(/usr/local/texlive/2026/texmf-dist/tex/latex/psnfss/ot1zplm.fd)
(/usr/local/texlive/2026/texmf-dist/tex/latex/microtype/mt-eur.cfg) [1{/usr/loc
al/texlive/2026/texmf-var/fonts/map/pdftex/updmap/pdftex.map}{/usr/local/texliv
e/2026/texmf-dist/fonts/enc/dvips/base/8r.enc}{/usr/local/texlive/2026/texmf-di
st/fonts/enc/dvips/cm-super/cm-super-t1.enc} <./Definitions/logo-mdpi-eps-conve
rted-to.pdf> <./Definitions/logo-orcid.pdf>] [2]
Underfull \hbox (badness 1783) in paragraph at lines 199--199
[]|\T1/ppl/m/n/9 (+20) ID-guided choice with

Underfull \hbox (badness 4899) in paragraph at lines 199--199
[]|\T1/ppl/m/n/9 (+20) Selection qual-ity, cost

Underfull \hbox (badness 6220) in paragraph at lines 199--199
\T1/ppl/m/n/9 (+20) and di-ag-nos-tic lim-i-ta-

Underfull \hbox (badness 10000) in paragraph at lines 199--199
\T1/ppl/m/n/9 (+20) struc-tures; MNIST

Underfull \hbox (badness 10000) in paragraph at lines 199--199
[]|\T1/ppl/m/n/9 (+20) FC/CNN and syn-

Underfull \hbox (badness 1939) in paragraph at lines 199--199
\T1/ppl/m/n/9 (+20) cies; sep-a-rate prun-ing

Underfull \hbox (badness 10000) in paragraph at lines 199--199
[]|\T1/ppl/m/n/9 (+20) AU-based op-er-a-tional

Underfull \hbox (badness 10000) in paragraph at lines 199--199
[]|\T1/ppl/m/n/9 (+20) Same-checkpoint

Underfull \hbox (badness 10000) in paragraph at lines 199--199
\T1/ppl/m/n/9 (+20) type/AU tra-jec-to-ries

Underfull \hbox (badness 6220) in paragraph at lines 199--199
\T1/ppl/m/n/9 (+20) and paired pre-dic-tive

Underfull \hbox (badness 10000) in paragraph at lines 199--199
[]|\T1/ppl/m/n/9 (+20) Corrected-loss records;
[3] [4]
Underfull \hbox (badness 1796) in paragraph at lines 358--367
[]\T1/ppl/m/n/10 (+20) The co-ef-fi-cient set is $\OMS/zplm/m/n/10 f\OT1/ppl/m/
n/10 (+20) 1, 1.5, 2, 3, 4\OMS/zplm/m/n/10 g$\T1/ppl/m/n/10 (+20) , in-her-ited
 from the ear-lier con-fig-u-ra-tion.

Underfull \hbox (badness 1067) in paragraph at lines 358--367
\T1/ppl/m/n/10 (+20) The ret-ro-spec-tive re-li-a-bil-ity grids are $\OML/zplm/
m/it/10 R[] \OMS/zplm/m/n/10 2 f\OT1/ppl/m/n/10 (+20) 0.10, 0.15, 0.25, 0.50\OM
S/zplm/m/n/10 g$ \T1/ppl/m/n/10 (+20) and $\OML/zplm/m/it/10 A[] \OMS/zplm/m/n/
10 2
[5] [6] [7] [8] [9] [10] [11] [12] [13] [14] [15] [16 <./results/figures/MAKE51
/id.pdf>] [17 <./results/figures/MAKE51/beta.pdf> <./results/figures/MAKE51/sel
ected_curves.pdf>] [18 <./results/figures/MAKE51/learning.pdf>] [19] [20 <./res
ults/figures/MAKE51/readouts.pdf>] [21 <./results/figures/MAKE51/delta.pdf>]
[22] [23] [24] [25] [26] [27] [28]
pdfTeX warning (ext4): destination with the same identifier (name{algorithm.1})
 has been already used, duplicate ignored
<to be read again> 
                   \relax 
l.1811 \begin{Algorithm}
                        [Historical fixed-window ID procedure (audit)] [29]
[30]
pdfTeX warning (ext4): destination with the same identifier (name{equation.1}) 
has been already used, duplicate ignored
<to be read again> 
                   \relax 
l.1928 \begin{equation}
                       
pdfTeX warning (ext4): destination with the same identifier (name{equation.1}) 
has been already used, duplicate ignored
<to be read again> 
                   \relax 
l.1928 \begin{equation}
                       
pdfTeX warning (ext4): destination with the same identifier (name{equation.1}) 
has been already used, duplicate ignored
<to be read again> 
                   \relax 
l.1928 \begin{equation}
                       
pdfTeX warning (ext4): destination with the same identifier (name{equation.1}) 
has been already used, duplicate ignored
<to be read again> 
                   \relax 
l.1928 \begin{equation}
                        [31 <./results/figures/MAKE51/native_hc.pdf>]
pdfTeX warning (ext4): destination with the same identifier (name{equation.2}) 
has been already used, duplicate ignored
<to be read again> 
                   \relax 
l.1947 \begin{equation}
                       
pdfTeX warning (ext4): destination with the same identifier (name{equation.2}) 
has been already used, duplicate ignored
<to be read again> 
                   \relax 
l.1947 \begin{equation}
                       
pdfTeX warning (ext4): destination with the same identifier (name{equation.2}) 
has been already used, duplicate ignored
<to be read again> 
                   \relax 
l.1947 \begin{equation}
                       
pdfTeX warning (ext4): destination with the same identifier (name{equation.2}) 
has been already used, duplicate ignored
<to be read again> 
                   \relax 
l.1947 \begin{equation}
                       
Underfull \hbox (badness 1147) in paragraph at lines 1981--1998
\T1/ppl/m/n/10 (+20) i-tory [][]$h t t p s : / / g i t h u b . c o m / b o n h 
e m l / V A E _ l e a r n i n g _ d y n a m i cs$[][] at com-mit

Underfull \hbox (badness 1297) in paragraph at lines 1981--1998
\T1/cmtt/m/n/10 f6d6e66b536bcbe635392d3438338949d4dc8730\T1/ppl/m/n/10 (+20) . 
The lo-cal im-ple-men-ta-tion uses the
[32] [33] [34] [35 <./results/figures/MAKE51/new_mnist_curves.pdf>] [36 <./resu
lts/figures/MAKE52/arm_constraints.pdf>] [37 <./results/figures/MAKE52/arm_curv
es.pdf> <./results/figures/MAKE52/ard_curves.pdf>] [38] [39] [40] [41]

enddocument/afterlastpage (AED): lastpage setting LastPage.
(tmp/pdfs/MAKE52/build/main_paper_MAKE52.aux) )
(see the transcript file for additional information)</usr/local/texlive/2026/te
xmf-dist/fonts/type1/public/amsfonts/cm/cmex10.pfb></usr/local/texlive/2026/tex
mf-dist/fonts/type1/public/amsfonts/cm/cmmi10.pfb></usr/local/texlive/2026/texm
f-dist/fonts/type1/public/amsfonts/cm/cmr10.pfb></usr/local/texlive/2026/texmf-
dist/fonts/type1/public/amsfonts/cm/cmsy10.pfb></usr/local/texlive/2026/texmf-d
ist/fonts/type1/public/mathpazo/fplmr.pfb></usr/local/texlive/2026/texmf-dist/f
onts/type1/public/mathpazo/fplmri.pfb></usr/local/texlive/2026/texmf-dist/fonts
/type1/public/amsfonts/symbols/msbm10.pfb></usr/local/texlive/2026/texmf-dist/f
onts/type1/public/cm-super/sfss0800.pfb></usr/local/texlive/2026/texmf-dist/fon
ts/type1/public/cm-super/sftt0800.pfb></usr/local/texlive/2026/texmf-dist/fonts
/type1/public/cm-super/sftt0900.pfb></usr/local/texlive/2026/texmf-dist/fonts/t
ype1/public/cm-super/sftt1000.pfb></usr/local/texlive/2026/texmf-dist/fonts/typ
e1/urw/palatino/uplb8a.pfb></usr/local/texlive/2026/texmf-dist/fonts/type1/urw/
palatino/uplr8a.pfb></usr/local/texlive/2026/texmf-dist/fonts/type1/urw/palatin
o/uplri8a.pfb>
Output written on tmp/pdfs/MAKE52/build/main_paper_MAKE52.pdf (41 pages, 745118
 bytes).
Transcript written on tmp/pdfs/MAKE52/build/main_paper_MAKE52.log.
