This is pdfTeX, Version 3.141592653-2.6-1.40.29 (TeX Live 2026) (preloaded format=pdflatex)
 restricted \write18 enabled.
entering extended mode
(./main_paper_MAKE53.tex
LaTeX2e <2025-11-01>
L3 programming layer <2026-01-19>
(./Definitions/mdpi.cls
Document Class: Definitions/mdpi 13/03/2026 MDPI paper class
(/usr/local/texlive/2026/texmf-dist/tex/latex/base/article.cls
Document Class: article 2025/01/22 v1.4n Standard LaTeX document class
(/usr/local/texlive/2026/texmf-dist/tex/latex/base/size10.clo))
(/usr/local/texlive/2026/texmf-dist/tex/latex/base/fontenc.sty)
(/usr/local/texlive/2026/texmf-dist/tex/latex/base/inputenc.sty)
(/usr/local/texlive/2026/texmf-dist/tex/latex/tools/calc.sty)
(/usr/local/texlive/2026/texmf-dist/tex/latex/tools/indentfirst.sty)
(/usr/local/texlive/2026/texmf-dist/tex/latex/fancyhdr/fancyhdr.sty)
(/usr/local/texlive/2026/texmf-dist/tex/latex/graphics/graphicx.sty
(/usr/local/texlive/2026/texmf-dist/tex/latex/graphics/keyval.sty)
(/usr/local/texlive/2026/texmf-dist/tex/latex/graphics/graphics.sty
(/usr/local/texlive/2026/texmf-dist/tex/latex/graphics/trig.sty)
(/usr/local/texlive/2026/texmf-dist/tex/latex/graphics-cfg/graphics.cfg)
(/usr/local/texlive/2026/texmf-dist/tex/latex/graphics-def/pdftex.def)))
(/usr/local/texlive/2026/texmf-dist/tex/latex/epstopdf-pkg/epstopdf.sty
(/usr/local/texlive/2026/texmf-dist/tex/generic/infwarerr/infwarerr.sty)
(/usr/local/texlive/2026/texmf-dist/tex/latex/grfext/grfext.sty
(/usr/local/texlive/2026/texmf-dist/tex/generic/kvdefinekeys/kvdefinekeys.sty))
 (/usr/local/texlive/2026/texmf-dist/tex/latex/kvoptions/kvoptions.sty
(/usr/local/texlive/2026/texmf-dist/tex/generic/ltxcmds/ltxcmds.sty)
(/usr/local/texlive/2026/texmf-dist/tex/latex/kvsetkeys/kvsetkeys.sty))
(/usr/local/texlive/2026/texmf-dist/tex/generic/pdftexcmds/pdftexcmds.sty
(/usr/local/texlive/2026/texmf-dist/tex/generic/iftex/iftex.sty))
(/usr/local/texlive/2026/texmf-dist/tex/latex/epstopdf-pkg/epstopdf-base.sty
(/usr/local/texlive/2026/texmf-dist/tex/latex/latexconfig/epstopdf-sys.cfg)))
(/usr/local/texlive/2026/texmf-dist/tex/latex/lastpage/lastpage.sty
(/usr/local/texlive/2026/texmf-dist/tex/latex/lastpage/lastpage2e.sty
(/usr/local/texlive/2026/texmf-dist/tex/latex/lastpage/lastpagemodern.sty) 
)) (/usr/local/texlive/2026/texmf-dist/tex/latex/base/ifthen.sty)
(/usr/local/texlive/2026/texmf-dist/tex/latex/float/float.sty)
(/usr/local/texlive/2026/texmf-dist/tex/latex/amsmath/amsmath.sty
For additional information on amsmath, use the `?' option.
(/usr/local/texlive/2026/texmf-dist/tex/latex/amsmath/amstext.sty
(/usr/local/texlive/2026/texmf-dist/tex/latex/amsmath/amsgen.sty))
(/usr/local/texlive/2026/texmf-dist/tex/latex/amsmath/amsbsy.sty)
(/usr/local/texlive/2026/texmf-dist/tex/latex/amsmath/amsopn.sty))
(/usr/local/texlive/2026/texmf-dist/tex/latex/amsfonts/amssymb.sty
(/usr/local/texlive/2026/texmf-dist/tex/latex/amsfonts/amsfonts.sty))
(/usr/local/texlive/2026/texmf-dist/tex/latex/lineno/lineno.sty
(/usr/local/texlive/2026/texmf-dist/tex/latex/etoolbox/etoolbox.sty))
(/usr/local/texlive/2026/texmf-dist/tex/latex/setspace/setspace.sty)
(/usr/local/texlive/2026/texmf-dist/tex/latex/enumitem/enumitem.sty)
(/usr/local/texlive/2026/texmf-dist/tex/latex/psnfss/mathpazo.sty)
(/usr/local/texlive/2026/texmf-dist/tex/latex/booktabs/booktabs.sty)
(/usr/local/texlive/2026/texmf-dist/tex/latex/titlesec/titlesec.sty)
(/usr/local/texlive/2026/texmf-dist/tex/latex/tabto-ltx/tabto.sty)
(/usr/local/texlive/2026/texmf-dist/tex/latex/xcolor/xcolor.sty
(/usr/local/texlive/2026/texmf-dist/tex/latex/graphics-cfg/color.cfg)
(/usr/local/texlive/2026/texmf-dist/tex/latex/graphics/mathcolor.ltx))
(/usr/local/texlive/2026/texmf-dist/tex/latex/colortbl/colortbl.sty
(/usr/local/texlive/2026/texmf-dist/tex/latex/tools/array.sty))
(/usr/local/texlive/2026/texmf-dist/tex/generic/soul/soul.sty
(/usr/local/texlive/2026/texmf-dist/tex/generic/soul/soul-ori.sty)
(/usr/local/texlive/2026/texmf-dist/tex/generic/etexcmds/etexcmds.sty))
(/usr/local/texlive/2026/texmf-dist/tex/latex/multirow/multirow.sty)
(/usr/local/texlive/2026/texmf-dist/tex/latex/microtype/microtype.sty
(/usr/local/texlive/2026/texmf-dist/tex/latex/microtype/microtype-pdftex.def)
(/usr/local/texlive/2026/texmf-dist/tex/latex/microtype/microtype.cfg))
(/usr/local/texlive/2026/texmf-dist/tex/latex/pgf/frontendlayer/tikz.sty
(/usr/local/texlive/2026/texmf-dist/tex/latex/pgf/basiclayer/pgf.sty
(/usr/local/texlive/2026/texmf-dist/tex/latex/pgf/utilities/pgfrcs.sty
(/usr/local/texlive/2026/texmf-dist/tex/generic/pgf/utilities/pgfutil-common.te
x)
(/usr/local/texlive/2026/texmf-dist/tex/generic/pgf/utilities/pgfutil-latex.def
) (/usr/local/texlive/2026/texmf-dist/tex/generic/pgf/utilities/pgfrcs.code.tex
(/usr/local/texlive/2026/texmf-dist/tex/generic/pgf/pgf.revision.tex)))
(/usr/local/texlive/2026/texmf-dist/tex/latex/pgf/basiclayer/pgfcore.sty
(/usr/local/texlive/2026/texmf-dist/tex/latex/pgf/systemlayer/pgfsys.sty
(/usr/local/texlive/2026/texmf-dist/tex/generic/pgf/systemlayer/pgfsys.code.tex
(/usr/local/texlive/2026/texmf-dist/tex/generic/pgf/utilities/pgfkeys.code.tex
(/usr/local/texlive/2026/texmf-dist/tex/generic/pgf/utilities/pgfkeyslibraryfil
tered.code.tex))
(/usr/local/texlive/2026/texmf-dist/tex/generic/pgf/systemlayer/pgf.cfg)
(/usr/local/texlive/2026/texmf-dist/tex/generic/pgf/systemlayer/pgfsys-pdftex.d
ef
(/usr/local/texlive/2026/texmf-dist/tex/generic/pgf/systemlayer/pgfsys-common-p
df.def)))
(/usr/local/texlive/2026/texmf-dist/tex/generic/pgf/systemlayer/pgfsyssoftpath.
code.tex)
(/usr/local/texlive/2026/texmf-dist/tex/generic/pgf/systemlayer/pgfsysprotocol.
code.tex))
(/usr/local/texlive/2026/texmf-dist/tex/generic/pgf/basiclayer/pgfcore.code.tex
(/usr/local/texlive/2026/texmf-dist/tex/generic/pgf/math/pgfmath.code.tex
(/usr/local/texlive/2026/texmf-dist/tex/generic/pgf/math/pgfmathutil.code.tex)
(/usr/local/texlive/2026/texmf-dist/tex/generic/pgf/math/pgfmathparser.code.tex
)
(/usr/local/texlive/2026/texmf-dist/tex/generic/pgf/math/pgfmathfunctions.code.
tex)
(/usr/local/texlive/2026/texmf-dist/tex/generic/pgf/math/pgfmathfunctions.basic
.code.tex)
(/usr/local/texlive/2026/texmf-dist/tex/generic/pgf/math/pgfmathfunctions.trigo
nometric.code.tex)
(/usr/local/texlive/2026/texmf-dist/tex/generic/pgf/math/pgfmathfunctions.rando
m.code.tex)
(/usr/local/texlive/2026/texmf-dist/tex/generic/pgf/math/pgfmathfunctions.compa
rison.code.tex)
(/usr/local/texlive/2026/texmf-dist/tex/generic/pgf/math/pgfmathfunctions.base.
code.tex)
(/usr/local/texlive/2026/texmf-dist/tex/generic/pgf/math/pgfmathfunctions.round
.code.tex)
(/usr/local/texlive/2026/texmf-dist/tex/generic/pgf/math/pgfmathfunctions.misc.
code.tex)
(/usr/local/texlive/2026/texmf-dist/tex/generic/pgf/math/pgfmathfunctions.integ
erarithmetics.code.tex)
(/usr/local/texlive/2026/texmf-dist/tex/generic/pgf/math/pgfmathcalc.code.tex)
(/usr/local/texlive/2026/texmf-dist/tex/generic/pgf/math/pgfmathfloat.code.tex)
) (/usr/local/texlive/2026/texmf-dist/tex/generic/pgf/math/pgfint.code.tex)
(/usr/local/texlive/2026/texmf-dist/tex/generic/pgf/basiclayer/pgfcorepoints.co
de.tex)
(/usr/local/texlive/2026/texmf-dist/tex/generic/pgf/basiclayer/pgfcorepathconst
ruct.code.tex)
(/usr/local/texlive/2026/texmf-dist/tex/generic/pgf/basiclayer/pgfcorepathusage
.code.tex)
(/usr/local/texlive/2026/texmf-dist/tex/generic/pgf/basiclayer/pgfcorescopes.co
de.tex)
(/usr/local/texlive/2026/texmf-dist/tex/generic/pgf/basiclayer/pgfcoregraphicst
ate.code.tex)
(/usr/local/texlive/2026/texmf-dist/tex/generic/pgf/basiclayer/pgfcoretransform
ations.code.tex)
(/usr/local/texlive/2026/texmf-dist/tex/generic/pgf/basiclayer/pgfcorequick.cod
e.tex)
(/usr/local/texlive/2026/texmf-dist/tex/generic/pgf/basiclayer/pgfcoreobjects.c
ode.tex)
(/usr/local/texlive/2026/texmf-dist/tex/generic/pgf/basiclayer/pgfcorepathproce
ssing.code.tex)
(/usr/local/texlive/2026/texmf-dist/tex/generic/pgf/basiclayer/pgfcorearrows.co
de.tex)
(/usr/local/texlive/2026/texmf-dist/tex/generic/pgf/basiclayer/pgfcoreshade.cod
e.tex)
(/usr/local/texlive/2026/texmf-dist/tex/generic/pgf/basiclayer/pgfcoreimage.cod
e.tex)
(/usr/local/texlive/2026/texmf-dist/tex/generic/pgf/basiclayer/pgfcoreexternal.
code.tex)
(/usr/local/texlive/2026/texmf-dist/tex/generic/pgf/basiclayer/pgfcorelayers.co
de.tex)
(/usr/local/texlive/2026/texmf-dist/tex/generic/pgf/basiclayer/pgfcoretranspare
ncy.code.tex)
(/usr/local/texlive/2026/texmf-dist/tex/generic/pgf/basiclayer/pgfcorepatterns.
code.tex)
(/usr/local/texlive/2026/texmf-dist/tex/generic/pgf/basiclayer/pgfcorerdf.code.
tex)))
(/usr/local/texlive/2026/texmf-dist/tex/generic/pgf/modules/pgfmoduleshapes.cod
e.tex)
(/usr/local/texlive/2026/texmf-dist/tex/generic/pgf/modules/pgfmoduleplot.code.
tex)
(/usr/local/texlive/2026/texmf-dist/tex/latex/pgf/compatibility/pgfcomp-version
-0-65.sty)
(/usr/local/texlive/2026/texmf-dist/tex/latex/pgf/compatibility/pgfcomp-version
-1-18.sty))
(/usr/local/texlive/2026/texmf-dist/tex/latex/pgf/utilities/pgffor.sty
(/usr/local/texlive/2026/texmf-dist/tex/latex/pgf/utilities/pgfkeys.sty
(/usr/local/texlive/2026/texmf-dist/tex/generic/pgf/utilities/pgfkeys.code.tex)
) (/usr/local/texlive/2026/texmf-dist/tex/latex/pgf/math/pgfmath.sty
(/usr/local/texlive/2026/texmf-dist/tex/generic/pgf/math/pgfmath.code.tex))
(/usr/local/texlive/2026/texmf-dist/tex/generic/pgf/utilities/pgffor.code.tex))

(/usr/local/texlive/2026/texmf-dist/tex/generic/pgf/frontendlayer/tikz/tikz.cod
e.tex
(/usr/local/texlive/2026/texmf-dist/tex/generic/pgf/libraries/pgflibraryplothan
dlers.code.tex)
(/usr/local/texlive/2026/texmf-dist/tex/generic/pgf/modules/pgfmodulematrix.cod
e.tex)
(/usr/local/texlive/2026/texmf-dist/tex/generic/pgf/frontendlayer/tikz/librarie
s/tikzlibrarytopaths.code.tex)))
(/usr/local/texlive/2026/texmf-dist/tex/latex/refcount/refcount.sty)
(/usr/local/texlive/2026/texmf-dist/tex/latex/changepage/changepage.sty)
(/usr/local/texlive/2026/texmf-dist/tex/latex/frankenstein/attrib.sty
(/usr/local/texlive/2026/texmf-dist/tex/latex/frankenstein/moredefs.sty))
(/usr/local/texlive/2026/texmf-dist/tex/latex/was/upgreek.sty)
(/usr/local/texlive/2026/texmf-dist/tex/latex/tools/tabularx.sty)
(/usr/local/texlive/2026/texmf-dist/tex/latex/pbox/pbox.sty)
(/usr/local/texlive/2026/texmf-dist/tex/latex/ragged2e/ragged2e.sty)
(/usr/local/texlive/2026/texmf-dist/tex/latex/tocloft/tocloft.sty)
(/usr/local/texlive/2026/texmf-dist/tex/latex/marginnote/marginnote.sty)
(/usr/local/texlive/2026/texmf-dist/tex/latex/marginfix/marginfix.sty)
==> First Aid for marginfix.sty applied!
(/usr/local/texlive/2026/texmf-dist/tex/latex/enotez/enotez.sty
(/usr/local/texlive/2026/texmf-dist/tex/latex/l3kernel/expl3.sty
(/usr/local/texlive/2026/texmf-dist/tex/latex/l3backend/l3backend-pdftex.def))
(/usr/local/texlive/2026/texmf-dist/tex/latex/l3packages/xparse/xparse.sty)
(/usr/local/texlive/2026/texmf-dist/tex/latex/l3packages/l3keys2e/l3keys2e.sty)

(/usr/local/texlive/2026/texmf-dist/tex/latex/l3packages/xtemplate/xtemplate.st
y) (/usr/local/texlive/2026/texmf-dist/tex/latex/translations/translations.sty)
) (/usr/local/texlive/2026/texmf-dist/tex/generic/xstring/xstring.sty
(/usr/local/texlive/2026/texmf-dist/tex/generic/xstring/xstring.tex))
(/usr/local/texlive/2026/texmf-dist/tex/latex/subfig/subfig.sty
(/usr/local/texlive/2026/texmf-dist/tex/latex/caption/caption.sty
(/usr/local/texlive/2026/texmf-dist/tex/latex/caption/caption3.sty)))
(/usr/local/texlive/2026/texmf-dist/tex/generic/alphalph/alphalph.sty
(/usr/local/texlive/2026/texmf-dist/tex/generic/intcalc/intcalc.sty))
(./Definitions/journalnames.tex)
(/usr/local/texlive/2026/texmf-dist/tex/latex/amscls/amsthm.sty)
(/usr/local/texlive/2026/texmf-dist/tex/latex/natbib/natbib.sty)
(/usr/local/texlive/2026/texmf-dist/tex/latex/koma-script/scrextend.sty
(/usr/local/texlive/2026/texmf-dist/tex/latex/koma-script/scrkbase.sty
(/usr/local/texlive/2026/texmf-dist/tex/latex/koma-script/scrbase.sty
(/usr/local/texlive/2026/texmf-dist/tex/latex/koma-script/scrlfile.sty
(/usr/local/texlive/2026/texmf-dist/tex/latex/koma-script/scrlfile-hook.sty
(/usr/local/texlive/2026/texmf-dist/tex/latex/koma-script/scrlogo.sty))))))
(/usr/local/texlive/2026/texmf-dist/tex/latex/geometry/geometry.sty
(/usr/local/texlive/2026/texmf-dist/tex/generic/iftex/ifvtex.sty))
(/usr/local/texlive/2026/texmf-dist/tex/latex/newfloat/newfloat.sty)
(/usr/local/texlive/2026/texmf-dist/tex/latex/seqsplit/seqsplit.sty))
(/usr/local/texlive/2026/texmf-dist/tex/latex/xurl/xurl.sty
(/usr/local/texlive/2026/texmf-dist/tex/latex/url/url.sty))
(/usr/local/texlive/2026/texmf-dist/tex/latex/hyperref/hyperref.sty
(/usr/local/texlive/2026/texmf-dist/tex/generic/pdfescape/pdfescape.sty)
(/usr/local/texlive/2026/texmf-dist/tex/latex/hycolor/hycolor.sty)
(/usr/local/texlive/2026/texmf-dist/tex/latex/hyperref/nameref.sty
(/usr/local/texlive/2026/texmf-dist/tex/generic/gettitlestring/gettitlestring.s
ty)) (/usr/local/texlive/2026/texmf-dist/tex/generic/stringenc/stringenc.sty)
(/usr/local/texlive/2026/texmf-dist/tex/latex/hyperref/pd1enc.def)
(/usr/local/texlive/2026/texmf-dist/tex/latex/hyperref/puenc.def)
(/usr/local/texlive/2026/texmf-dist/tex/generic/bitset/bitset.sty
(/usr/local/texlive/2026/texmf-dist/tex/generic/bigintcalc/bigintcalc.sty)))
(/usr/local/texlive/2026/texmf-dist/tex/latex/hyperref/hpdftex.def
(/usr/local/texlive/2026/texmf-dist/tex/latex/rerunfilecheck/rerunfilecheck.sty

(/usr/local/texlive/2026/texmf-dist/tex/generic/uniquecounter/uniquecounter.sty
))) (/usr/local/texlive/2026/texmf-dist/tex/latex/cleveref/cleveref.sty)
==> First Aid for cleveref.sty applied!
(/usr/local/texlive/2026/texmf-dist/tex/latex/psnfss/t1ppl.fd)
No file main_paper_MAKE53.aux.
(/usr/local/texlive/2026/texmf-dist/tex/context/base/mkii/supp-pdf.mkii
[Loading MPS to PDF converter (version 2006.09.02).]
) (/usr/local/texlive/2026/texmf-dist/tex/latex/microtype/mt-ppl.cfg)
(/usr/local/texlive/2026/texmf-dist/tex/latex/translations/translations-basic-d
ictionary-english.trsl)
*geometry* detected driver: pdftex
(/usr/local/texlive/2026/texmf-dist/tex/latex/psnfss/ts1ppl.fd)
(/usr/local/texlive/2026/texmf-dist/tex/latex/psnfss/ot1ppl.fd)
(/usr/local/texlive/2026/texmf-dist/tex/latex/psnfss/omlzplm.fd)
(/usr/local/texlive/2026/texmf-dist/tex/latex/psnfss/omszplm.fd)
(/usr/local/texlive/2026/texmf-dist/tex/latex/psnfss/omxzplm.fd)
(/usr/local/texlive/2026/texmf-dist/tex/latex/microtype/mt-msa.cfg)
(/usr/local/texlive/2026/texmf-dist/tex/latex/microtype/mt-msb.cfg)
(/usr/local/texlive/2026/texmf-dist/tex/latex/psnfss/ot1zplm.fd)
(/usr/local/texlive/2026/texmf-dist/tex/latex/microtype/mt-eur.cfg)

Package natbib Warning: Citation `kingma2014vae' on page 1 undefined on input l
ine 93.


Package natbib Warning: Citation `facco2017twonn' on page 1 undefined on input 
line 97.


Package natbib Warning: Citation `levina2005mle' on page 1 undefined on input l
ine 97.


Package natbib Warning: Citation `bonheme2022fondue' on page 1 undefined on inp
ut line 98.


Package natbib Warning: Citation `burda2016iwae' on page 1 undefined on input l
ine 99.


Package natbib Warning: Citation `bonheme2023active' on page 1 undefined on inp
ut line 99.


Package natbib Warning: Citation `deboom2020geco' on page 1 undefined on input 
line 100.


Package natbib Warning: Citation `saha2025ardvae' on page 1 undefined on input 
line 100.

[1{/usr/local/texlive/2026/texmf-var/fonts/map/pdftex/updmap/pdftex.map}{/usr/l
ocal/texlive/2026/texmf-dist/fonts/enc/dvips/base/8r.enc}{/usr/local/texlive/20
26/texmf-dist/fonts/enc/dvips/cm-super/cm-super-t1.enc} <./Definitions/logo-mdp
i-eps-converted-to.pdf> <./Definitions/logo-orcid.pdf>]

LaTeX Warning: Reference `sec:framework' on page 2 undefined on input line 127.



LaTeX Warning: Reference `sec:setup' on page 2 undefined on input line 127.


LaTeX Warning: Reference `sec:results' on page 2 undefined on input line 128.


LaTeX Warning: Reference `sec:discussion' on page 2 undefined on input line 129
.


Package natbib Warning: Citation `tippingbishop1999ppca' on page 2 undefined on
 input line 134.


Package natbib Warning: Citation `tenenbaum2000isomap' on page 2 undefined on i
nput line 134.


Package natbib Warning: Citation `roweis2000lle' on page 2 undefined on input l
ine 135.


Package natbib Warning: Citation `ceruti2014danco' on page 2 undefined on input
 line 139.


Package natbib Warning: Citation `johnsson2015ess' on page 2 undefined on input
 line 139.


Package natbib Warning: Citation `costa2004geodesic' on page 2 undefined on inp
ut line 139.


Package natbib Warning: Citation `camastra2016intrinsic' on page 2 undefined on
 input line 141.


Package natbib Warning: Citation `allegra2020data' on page 2 undefined on input
 line 141.


Package natbib Warning: Citation `galka2022isolation' on page 2 undefined on in
put line 145.


Package natbib Warning: Citation `ansuini2019intrinsic' on page 2 undefined on 
input line 148.


Package natbib Warning: Citation `pope2021intrinsic' on page 2 undefined on inp
ut line 148.


Package natbib Warning: Citation `bonheme2022fondue' on page 2 undefined on inp
ut line 150.


Package natbib Warning: Citation `bonheme2023active' on page 2 undefined on inp
ut line 156.


Package natbib Warning: Citation `deboom2020geco' on page 2 undefined on input 
line 160.


Package natbib Warning: Citation `rezende2018geco' on page 2 undefined on input
 line 160.


Package natbib Warning: Citation `louizos2018l0' on page 2 undefined on input l
ine 162.


LaTeX Warning: Reference `sec:gpuvalidation' on page 2 undefined on input line 
164.


Package natbib Warning: Citation `saha2025ardvae' on page 2 undefined on input 
line 167.


LaTeX Warning: Reference `app:adaptations' on page 2 undefined on input line 17
2.


Package natbib Warning: Citation `obata2025manifold' on page 2 undefined on inp
ut line 178.


LaTeX Warning: Reference `tab:history' on page 2 undefined on input line 186.


LaTeX Warning: Reference `LastPage' on page 2 undefined on input line 189.

[2]
Underfull \hbox (badness 1783) in paragraph at lines 208--208
[]|\T1/ppl/m/n/9 (+20) ID-guided choice with

Underfull \hbox (badness 4899) in paragraph at lines 208--208
[]|\T1/ppl/m/n/9 (+20) Selection qual-ity, cost

Underfull \hbox (badness 6220) in paragraph at lines 208--208
\T1/ppl/m/n/9 (+20) and di-ag-nos-tic lim-i-ta-

Underfull \hbox (badness 10000) in paragraph at lines 208--208
\T1/ppl/m/n/9 (+20) struc-tures; MNIST

Underfull \hbox (badness 10000) in paragraph at lines 208--208
[]|\T1/ppl/m/n/9 (+20) FC/CNN and syn-

Underfull \hbox (badness 1939) in paragraph at lines 208--208
\T1/ppl/m/n/9 (+20) cies; sep-a-rate prun-ing

Underfull \hbox (badness 10000) in paragraph at lines 208--208
[]|\T1/ppl/m/n/9 (+20) AU-based op-er-a-tional

Underfull \hbox (badness 10000) in paragraph at lines 208--208
[]|\T1/ppl/m/n/9 (+20) Same-checkpoint

Underfull \hbox (badness 10000) in paragraph at lines 208--208
\T1/ppl/m/n/9 (+20) type/AU tra-jec-to-ries

Underfull \hbox (badness 6220) in paragraph at lines 208--208
\T1/ppl/m/n/9 (+20) and paired pre-dic-tive

Underfull \hbox (badness 10000) in paragraph at lines 208--208
[]|\T1/ppl/m/n/9 (+20) Corrected-loss records;

LaTeX Warning: Reference `app:targets' on page 3 undefined on input line 232.


LaTeX Warning: Reference `LastPage' on page 3 undefined on input line 241.

[3]

LaTeX Warning: Reference `app:timing' on page 4 undefined on input line 254.


LaTeX Warning: Reference `app:legacy' on page 4 undefined on input line 314.


LaTeX Warning: Reference `LastPage' on page 4 undefined on input line 315.

[4]

LaTeX Warning: Reference `eq:target' on page 5 undefined on input line 331.


LaTeX Warning: Reference `eq:checks' on page 5 undefined on input line 333.


Underfull \hbox (badness 1796) in paragraph at lines 367--376
[]\T1/ppl/m/n/10 (+20) The co-ef-fi-cient set is $\OMS/zplm/m/n/10 f\OT1/ppl/m/
n/10 (+20) 1, 1.5, 2, 3, 4\OMS/zplm/m/n/10 g$\T1/ppl/m/n/10 (+20) , in-her-ited
 from the ear-lier con-fig-u-ra-tion.

Underfull \hbox (badness 1067) in paragraph at lines 367--376
\T1/ppl/m/n/10 (+20) The ret-ro-spec-tive re-li-a-bil-ity grids are $\OML/zplm/
m/it/10 R[] \OMS/zplm/m/n/10 2 f\OT1/ppl/m/n/10 (+20) 0.10, 0.15, 0.25, 0.50\OM
S/zplm/m/n/10 g$ \T1/ppl/m/n/10 (+20) and $\OML/zplm/m/it/10 A[] \OMS/zplm/m/n/
10 2

Package natbib Warning: Citation `whitney1944' on page 5 undefined on input lin
e 379.


LaTeX Warning: Reference `LastPage' on page 5 undefined on input line 385.

[5]

Package natbib Warning: Citation `tippingbishop1999ppca' on page 6 undefined on
 input line 388.


Package natbib Warning: Citation `lucas2019elbo' on page 6 undefined on input l
ine 388.


Package natbib Warning: Citation `rolinek2019pca' on page 6 undefined on input 
line 390.


LaTeX Warning: Reference `tab:data' on page 6 undefined on input line 398.


Package natbib Warning: Citation `lecun1998' on page 6 undefined on input line 
399.


Package natbib Warning: Citation `xiao2017fashion' on page 6 undefined on input
 line 399.


Package natbib Warning: Citation `krizhevsky2009learning' on page 6 undefined o
n input line 400.


Package natbib Warning: Citation `matthey2017dsprites' on page 6 undefined on i
nput line 404.


LaTeX Warning: Reference `LastPage' on page 6 undefined on input line 453.

[6]

Package natbib Warning: Citation `fu2019cyclical' on page 7 undefined on input 
line 458.


LaTeX Warning: Reference `alg:legacy' on page 7 undefined on input line 484.


LaTeX Warning: Reference `app:coverage' on page 7 undefined on input line 496.


LaTeX Warning: Reference `app:adaptations' on page 7 undefined on input line 51
0.


LaTeX Warning: Reference `LastPage' on page 7 undefined on input line 527.

[7]

LaTeX Warning: Reference `app:adaptations' on page 8 undefined on input line 53
1.


LaTeX Warning: Reference `app:inventory' on page 8 undefined on input line 560.



LaTeX Warning: Reference `LastPage' on page 8 undefined on input line 594.

[8]

LaTeX Warning: Reference `sec:provenance' on page 9 undefined on input line 611
.


Package natbib Warning: Citation `deboom2020geco' on page 9 undefined on input 
line 630.


Package natbib Warning: Citation `saha2025ardvae' on page 9 undefined on input 
line 644.


LaTeX Warning: Reference `LastPage' on page 9 undefined on input line 666.

[9]

LaTeX Warning: Reference `eq:exactard' on page 10 undefined on input line 703.


LaTeX Warning: Reference `app:gpu' on page 10 undefined on input line 709.


LaTeX Warning: Reference `sec:newvalidation' on page 10 undefined on input line
 719.


LaTeX Warning: Reference `LastPage' on page 10 undefined on input line 732.

[10]

LaTeX Warning: Reference `app:timing' on page 11 undefined on input line 738.


LaTeX Warning: Reference `tab:replay1' on page 11 undefined on input line 741.


LaTeX Warning: Reference `tab:replay2' on page 11 undefined on input line 741.


LaTeX Warning: Reference `LastPage' on page 11 undefined on input line 801.

[11]

LaTeX Warning: Reference `tab:gated' on page 12 undefined on input line 817.


LaTeX Warning: Reference `LastPage' on page 12 undefined on input line 846.

[12]

LaTeX Warning: Reference `tab:coefficient' on page 13 undefined on input line 8
71.


LaTeX Warning: Reference `tab:reliability' on page 13 undefined on input line 8
71.


LaTeX Warning: Reference `tab:amortization' on page 13 undefined on input line 
881.


LaTeX Warning: Reference `LastPage' on page 13 undefined on input line 897.

[13]

LaTeX Warning: Reference `tab:main1' on page 14 undefined on input line 900.


LaTeX Warning: Reference `tab:main2' on page 14 undefined on input line 900.


LaTeX Warning: Reference `app:adaptations' on page 14 undefined on input line 9
06.


LaTeX Warning: Reference `app:timing' on page 14 undefined on input line 909.


LaTeX Warning: Reference `app:timing' on page 14 undefined on input line 934.


LaTeX Warning: Reference `app:outcomes' on page 14 undefined on input line 964.



LaTeX Warning: Reference `LastPage' on page 14 undefined on input line 968.

[14]

LaTeX Warning: Reference `app:gpu' on page 15 undefined on input line 973.


LaTeX Warning: Reference `tab:armnew' on page 15 undefined on input line 975.


LaTeX Warning: Reference `app:gpu' on page 15 undefined on input line 981.


LaTeX Warning: Reference `tab:ardnew' on page 15 undefined on input line 1009.


LaTeX Warning: Reference `LastPage' on page 15 undefined on input line 1035.

[15]

LaTeX Warning: Reference `tab:ardpruned' on page 16 undefined on input line 103
6.


LaTeX Warning: Reference `app:gpu' on page 16 undefined on input line 1075.


LaTeX Warning: Reference `tab:id' on page 16 undefined on input line 1080.


LaTeX Warning: Reference `fig:id' on page 16 undefined on input line 1095.


LaTeX Warning: Reference `LastPage' on page 16 undefined on input line 1104.

[16]

LaTeX Warning: Reference `tab:id' on page 17 undefined on input line 1110.


LaTeX Warning: Reference `fig:beta' on page 17 undefined on input line 1159.


LaTeX Warning: Reference `LastPage' on page 17 undefined on input line 1161.

[17 <./results/figures/MAKE51/id.pdf>]

LaTeX Warning: Reference `eq:au' on page 18 undefined on input line 1173.


LaTeX Warning: Reference `sec:au' on page 18 undefined on input line 1176.


LaTeX Warning: Reference `app:sensitivity' on page 18 undefined on input line 1
176.


LaTeX Warning: Reference `fig:selectedcurves' on page 18 undefined on input lin
e 1181.


LaTeX Warning: Reference `app:newmodels' on page 18 undefined on input line 118
7.


LaTeX Warning: Reference `fig:learning' on page 18 undefined on input line 1195
.


LaTeX Warning: Reference `fig:learning' on page 18 undefined on input line 1201
.


LaTeX Warning: Reference `tab:data' on page 18 undefined on input line 1218.


LaTeX Warning: Reference `LastPage' on page 18 undefined on input line 1240.

[18 <./results/figures/MAKE51/beta.pdf>]

LaTeX Warning: Reference `tab:selection' on page 19 undefined on input line 124
2.


LaTeX Warning: Reference `tab:mcselection' on page 19 undefined on input line 1
249.


LaTeX Warning: Reference `sec:newvalidation' on page 19 undefined on input line
 1251.


LaTeX Warning: Reference `app:newmodels' on page 19 undefined on input line 125
4.


LaTeX Warning: Reference `sec:gpuvalidation' on page 19 undefined on input line
 1257.


LaTeX Warning: Reference `LastPage' on page 19 undefined on input line 1258.

[19 <./results/figures/MAKE51/selected_curves.pdf>]

LaTeX Warning: Reference `LastPage' on page 20 undefined on input line 1258.

[20 <./results/figures/MAKE51/learning.pdf>]

LaTeX Warning: Reference `fig:readouts' on page 21 undefined on input line 1275
.


LaTeX Warning: Reference `tab:readouts' on page 21 undefined on input line 1275
.


LaTeX Warning: Reference `fig:delta' on page 21 undefined on input line 1312.


LaTeX Warning: Reference `fig:beta' on page 21 undefined on input line 1324.


LaTeX Warning: Reference `LastPage' on page 21 undefined on input line 1356.

[21]

LaTeX Warning: Reference `LastPage' on page 22 undefined on input line 1356.

[22 <./results/figures/MAKE51/readouts.pdf>]

LaTeX Warning: Reference `app:sensitivity' on page 23 undefined on input line 1
385.


LaTeX Warning: Reference `LastPage' on page 23 undefined on input line 1404.

[23 <./results/figures/MAKE51/delta.pdf>]

LaTeX Warning: Reference `app:scaling' on page 24 undefined on input line 1407.



LaTeX Warning: Reference `tab:armnew' on page 24 undefined on input line 1416.


LaTeX Warning: Reference `tab:var' on page 24 undefined on input line 1422.


LaTeX Warning: Reference `tab:data' on page 24 undefined on input line 1425.


LaTeX Warning: Reference `LastPage' on page 24 undefined on input line 1463.

[24]

LaTeX Warning: Reference `app:synthetic' on page 25 undefined on input line 150
1.


LaTeX Warning: Reference `LastPage' on page 25 undefined on input line 1526.

[25]

LaTeX Warning: Reference `app:inventory' on page 26 undefined on input line 154
3.


LaTeX Warning: Reference `LastPage' on page 26 undefined on input line 1625.

[26]

LaTeX Warning: Reference `alg:replay' on page 27 undefined on input line 1659.


LaTeX Warning: Reference `tab:data' on page 27 undefined on input line 1662.


LaTeX Warning: Reference `LastPage' on page 27 undefined on input line 1691.

[27]

LaTeX Warning: Reference `tab:cost' on page 28 undefined on input line 1729.


LaTeX Warning: Reference `LastPage' on page 28 undefined on input line 1739.

[28]

LaTeX Warning: Reference `LastPage' on page 29 undefined on input line 1805.

[29]

LaTeX Warning: Reference `LastPage' on page 30 undefined on input line 1841.

[30]
pdfTeX warning (ext4): destination with the same identifier (name{algorithm.1})
 has been already used, duplicate ignored
<to be read again> 
                   \relax 
l.1884 \begin{Algorithm}
                        [Historical fixed-window ID procedure (audit)]

LaTeX Warning: Reference `tab:data' on page 31 undefined on input line 1888.


LaTeX Warning: Reference `eq:target' on page 31 undefined on input line 1891.


LaTeX Warning: Reference `LastPage' on page 31 undefined on input line 1917.

[31]

LaTeX Warning: Reference `LastPage' on page 32 undefined on input line 1969.

[32]

LaTeX Warning: Reference `fig:hc' on page 33 undefined on input line 1981.


pdfTeX warning (ext4): destination with the same identifier (name{equation.1}) 
has been already used, duplicate ignored
<to be read again> 
                   \relax 
l.2019 \begin{equation}
                       
pdfTeX warning (ext4): destination with the same identifier (name{equation.1}) 
has been already used, duplicate ignored
<to be read again> 
                   \relax 
l.2019 \begin{equation}
                       
pdfTeX warning (ext4): destination with the same identifier (name{equation.1}) 
has been already used, duplicate ignored
<to be read again> 
                   \relax 
l.2019 \begin{equation}
                       
pdfTeX warning (ext4): destination with the same identifier (name{equation.1}) 
has been already used, duplicate ignored
<to be read again> 
                   \relax 
l.2019 \begin{equation}
                       

LaTeX Warning: Reference `LastPage' on page 33 undefined on input line 2038.

[33]
pdfTeX warning (ext4): destination with the same identifier (name{equation.2}) 
has been already used, duplicate ignored
<to be read again> 
                   \relax 
l.2038 \begin{equation}
                       
pdfTeX warning (ext4): destination with the same identifier (name{equation.2}) 
has been already used, duplicate ignored
<to be read again> 
                   \relax 
l.2038 \begin{equation}
                       
pdfTeX warning (ext4): destination with the same identifier (name{equation.2}) 
has been already used, duplicate ignored
<to be read again> 
                   \relax 
l.2038 \begin{equation}
                       
pdfTeX warning (ext4): destination with the same identifier (name{equation.2}) 
has been already used, duplicate ignored
<to be read again> 
                   \relax 
l.2038 \begin{equation}
                       

LaTeX Warning: Reference `tab:ard_normalized' on page 34 undefined on input lin
e 2046.


LaTeX Warning: Reference `sec:newpruning' on page 34 undefined on input line 20
70.


Package natbib Warning: Citation `bonheme2022fondue' on page 34 undefined on in
put line 2079.


Underfull \hbox (badness 1147) in paragraph at lines 2072--2089
\T1/ppl/m/n/10 (+20) i-tory [][]$h t t p s : / / g i t h u b . c o m / b o n h 
e m l / V A E _ l e a r n i n g _ d y n a m i cs$[][] at com-mit

Underfull \hbox (badness 1297) in paragraph at lines 2072--2089
\T1/cmtt/m/n/10 f6d6e66b536bcbe635392d3438338949d4dc8730\T1/ppl/m/n/10 (+20) . 
The lo-cal im-ple-men-ta-tion uses the

LaTeX Warning: Reference `LastPage' on page 34 undefined on input line 2089.

[34 <./results/figures/MAKE51/native_hc.pdf>]

LaTeX Warning: Reference `tab:saturation' on page 35 undefined on input line 20
92.


LaTeX Warning: Reference `tab:margin' on page 35 undefined on input line 2138.


LaTeX Warning: Reference `LastPage' on page 35 undefined on input line 2157.

[35]

LaTeX Warning: Reference `tab:synthetic' on page 36 undefined on input line 217
6.


LaTeX Warning: Reference `tab:mcgrid' on page 36 undefined on input line 2221.


LaTeX Warning: Reference `LastPage' on page 36 undefined on input line 2248.

[36]

LaTeX Warning: Reference `tab:newcounts' on page 37 undefined on input line 226
2.


LaTeX Warning: Reference `tab:ard_normalized' on page 37 undefined on input lin
e 2266.


LaTeX Warning: Reference `tab:ard_normalized' on page 37 undefined on input lin
e 2270.


LaTeX Warning: Reference `LastPage' on page 37 undefined on input line 2283.

[37 <./results/figures/MAKE51/new_mnist_curves.pdf>]

LaTeX Warning: Reference `tab:armgates' on page 38 undefined on input line 2286
.


LaTeX Warning: Reference `fig:armconstraints' on page 38 undefined on input lin
e 2287.


LaTeX Warning: Reference `fig:armcurves' on page 38 undefined on input line 232
5.


LaTeX Warning: Reference `fig:ardcurves' on page 38 undefined on input line 232
5.


LaTeX Warning: Reference `tab:newtest' on page 38 undefined on input line 2353.



LaTeX Warning: Reference `LastPage' on page 38 undefined on input line 2380.

[38]

LaTeX Warning: Reference `LastPage' on page 39 undefined on input line 2380.

[39 <./results/figures/MAKE52/arm_constraints.pdf> <./results/figures/MAKE52/ar
m_curves.pdf>]

LaTeX Warning: Reference `tab:newcost' on page 40 undefined on input line 2382.



LaTeX Warning: Reference `LastPage' on page 40 undefined on input line 2412.

[40 <./results/figures/MAKE52/ard_curves.pdf>]

LaTeX Warning: Reference `tab:ardprunedseeds' on page 41 undefined on input lin
e 2415.


LaTeX Warning: Reference `tab:ardprunedtest' on page 41 undefined on input line
 2415.


LaTeX Warning: Reference `tab:ardpruned' on page 41 undefined on input line 244
7.


LaTeX Warning: Reference `tab:ardprunedcost' on page 41 undefined on input line
 2462.


LaTeX Warning: Reference `LastPage' on page 41 undefined on input line 2485.

[41]

LaTeX Warning: Reference `sec:gpuvalidation' on page 42 undefined on input line
 2490.


LaTeX Warning: Reference `LastPage' on page 42 undefined on input line 2540.

[42]

LaTeX Warning: Reference `LastPage' on page 43 undefined on input line 2606.

[43]

LaTeX Warning: Reference `LastPage' on page 44 undefined on input line 2730.

[44]

Package natbib Warning: There were undefined citations.


LaTeX Warning: Reference `LastPage' on page 45 undefined on input line 2774.

[45] 
enddocument/afterlastpage (AED): lastpage setting LastPage.
(tmp/pdfs/MAKE53/build/main_paper_MAKE53.aux

Package natbib Warning: Citation(s) may have changed.
(natbib)                Rerun to get citations correct.

)

LaTeX Warning: There were undefined references.


LaTeX Warning: Label(s) may have changed. Rerun to get cross-references right.


Package rerunfilecheck Warning: File `main_paper_MAKE53.out' has changed.
(rerunfilecheck)                Rerun to get outlines right
(rerunfilecheck)                or use package `bookmark'.


Package lastpage Warning: Rerun to get the references right on input line 2774.


 )
(see the transcript file for additional information)</usr/local/texlive/2026/te
xmf-dist/fonts/type1/public/amsfonts/cm/cmex10.pfb></usr/local/texlive/2026/tex
mf-dist/fonts/type1/public/amsfonts/cm/cmmi10.pfb></usr/local/texlive/2026/texm
f-dist/fonts/type1/public/amsfonts/cm/cmr10.pfb></usr/local/texlive/2026/texmf-
dist/fonts/type1/public/amsfonts/cm/cmsy10.pfb></usr/local/texlive/2026/texmf-d
ist/fonts/type1/public/mathpazo/fplmr.pfb></usr/local/texlive/2026/texmf-dist/f
onts/type1/public/mathpazo/fplmri.pfb></usr/local/texlive/2026/texmf-dist/fonts
/type1/public/amsfonts/symbols/msbm10.pfb></usr/local/texlive/2026/texmf-dist/f
onts/type1/public/cm-super/sfss0800.pfb></usr/local/texlive/2026/texmf-dist/fon
ts/type1/public/cm-super/sftt0800.pfb></usr/local/texlive/2026/texmf-dist/fonts
/type1/public/cm-super/sftt0900.pfb></usr/local/texlive/2026/texmf-dist/fonts/t
ype1/public/cm-super/sftt1000.pfb></usr/local/texlive/2026/texmf-dist/fonts/typ
e1/urw/palatino/uplb8a.pfb></usr/local/texlive/2026/texmf-dist/fonts/type1/urw/
palatino/uplr8a.pfb></usr/local/texlive/2026/texmf-dist/fonts/type1/urw/palatin
o/uplri8a.pfb>
Output written on tmp/pdfs/MAKE53/build/main_paper_MAKE53.pdf (45 pages, 747066
 bytes).
Transcript written on tmp/pdfs/MAKE53/build/main_paper_MAKE53.log.
