\BOOKMARK [1][-]{section.1}{\376\377\060\250\060\260\060\274\060\257\060\306\060\243\060\326\060\265\060\336\060\352\060\374}{}% 1
\BOOKMARK [1][-]{section.2}{\376\377\133\237\232\023\000\040\000E\0001\377\032\124\010\142\020\131\032\151\330\117\123\060\147\060\156\127\372\171\016\151\034\212\074}{}% 2
\BOOKMARK [2][-]{subsection.2.1}{\376\377\000S\000w\000i\000s\000s\000\040\000R\000o\000l\000l\377\010\000d\000t\000r\000u\000e\000=\000\040\0002\377\014\000a\000m\000b\000i\000e\000n\000t\000\040\000=\000\040\0003\377\011}{section.2}% 3
\BOOKMARK [2][-]{subsection.2.2}{\376\377\000T\000o\000r\000u\000s\377\010\000d\000t\000r\000u\000e\000=\000\040\0002\377\014\000a\000m\000b\000i\000e\000n\000t\000\040\000=\000\040\0003\377\011}{section.2}% 4
\BOOKMARK [1][-]{section.3}{\376\377\133\237\232\023\000\040\000E\0002\377\032\060\344\060\263\060\323\060\242\060\363\162\171\165\160\120\044\060\271\060\332\060\257\060\310\060\353\211\343\147\220}{}% 5
\BOOKMARK [2][-]{subsection.3.1}{\376\377\147\011\141\017\162\171\165\160\120\044\145\160\060\150\147\141\116\366\145\160\377\010\133\232\164\006\0002\060\373\0003\060\156\151\034\212\074\377\011}{section.3}% 6
\BOOKMARK [1][-]{section.4}{\376\377\133\237\232\023\000\040\000E\0003\377\032\060\316\060\244\060\272\145\271\124\021\220\170\142\236\140\047}{}% 7
\BOOKMARK [2][-]{subsection.4.1}{\376\377\000N\000S\000R\000\040\060\156\000\040\000m\000\040\117\235\133\130\140\047\377\010\000=\000\040\0000\000.\0001\377\011}{section.4}% 8
\BOOKMARK [1][-]{section.5}{\376\377\133\237\232\023\000\040\000E\0004\377\032\000M\000N\000I\000S\000T\000\040\060\334\060\310\060\353\060\315\060\303\060\257\153\041\121\103\060\271\060\244\060\374\060\327}{}% 9
\BOOKMARK [2][-]{subsection.5.1}{\376\377\000A\000E\000\040\060\150\000\040\000V\000A\000E\000\040\060\156\153\324\217\003}{section.5}% 10
\BOOKMARK [1][-]{section.6}{\376\377\133\237\232\023\000\040\000E\000A\377\032\000A\000U\000\040\230\375\124\214\060\156\174\276\133\306\151\034\212\074}{}% 11
\BOOKMARK [2][-]{subsection.6.1}{\376\377\000S\000w\000i\000s\000s\000\040\000R\000o\000l\000l\000\040\060\153\060\112\060\121\060\213\000\040\000A\000U\000\040\060\156\000\040\000m\000\040\117\235\133\130\140\047}{section.6}% 12
\BOOKMARK [2][-]{subsection.6.2}{\376\377\000T\000o\000r\000u\000s\000\040\060\153\060\112\060\121\060\213\000\040\000V\000A\000E\000\040\060\156\000\040\000A\000U}{section.6}% 13
\BOOKMARK [1][-]{section.7}{\376\377\133\237\232\023\000\040\000E\0005\377\032\151\313\220\040\117\335\133\130\060\341\060\310\060\352\060\257\060\271\212\125\117\241}{}% 14
\BOOKMARK [2][-]{subsection.7.1}{\376\377\000S\000w\000i\000s\000s\000\040\000R\000o\000l\000l\000\040\060\156\151\313\220\040\117\335\133\130\143\007\152\031}{section.7}% 15
\BOOKMARK [2][-]{subsection.7.2}{\376\377\000T\000o\000r\000u\000s\000\040\060\156\151\313\220\040\117\335\133\130\143\007\152\031}{section.7}% 16
\BOOKMARK [1][-]{section.8}{\376\377\133\237\232\023\000\040\000E\0006\377\032\133\146\177\322\060\300\060\244\060\312\060\337\060\257\060\271}{}% 17
\BOOKMARK [2][-]{subsection.8.1}{\376\377\000S\000w\000i\000s\000s\000\040\000R\000o\000l\000l\377\010\000m\000\040\000=\000\040\0002\377\011\060\153\060\112\060\121\060\213\146\102\174\373\122\027\143\250\171\373}{section.8}% 18
\BOOKMARK [1][-]{section.9}{\376\377\133\237\232\023\000\040\000E\000D\377\032\060\342\060\307\060\353\153\324\217\003\377\010\000A\000E\000\040\000/\000\040\000C\000A\000E\000\040\000/\000\040\000D\000A\000E\000\040\000/\000\040\000V\000A\000E\377\011}{}% 19
\BOOKMARK [2][-]{subsection.9.1}{\376\377\000S\000w\000i\000s\000s\000\040\000R\000o\000l\000l\377\010\000m\000\040\000=\000\040\0002\000\040\000=\000\040\000d\000t\000r\000u\000e\377\011\060\153\060\112\060\121\060\213\153\324\217\003}{section.9}% 20
\BOOKMARK [1][-]{section.10}{\376\377\133\237\232\023\000\040\000E\0004\000\137\000e\000x\000t\000e\000n\000d\000e\000d\377\032\000M\000N\000I\000S\000T\000\040\225\167\147\037\133\146\177\322\377\010\0003\0000\0000\060\250\060\335\060\303\060\257\377\014\000m\000\040\147\000\131\047\000\040\0002\0005\0006\377\011}{}% 21
\BOOKMARK [2][-]{subsection.10.1}{\376\377\000A\000E\000\040\060\112\060\210\060\163\000\040\000V\000A\000E\000\040\060\156\175\120\147\234}{section.10}% 22
\BOOKMARK [1][-]{section.11}{\376\377\133\237\232\023\000\040\000E\0006\000\137\000m\000n\000i\000s\000t\377\032\000M\000N\000I\000S\000T\000\040\133\146\177\322\060\300\060\244\060\312\060\337\060\257\060\271\377\010\146\102\174\373\122\027\230\006\136\217\060\156\151\034\212\074\377\011}{}% 23
\BOOKMARK [2][-]{subsection.11.1}{\376\377\000S\000w\000i\000s\000s\000\040\000R\000o\000l\000l\000\040\060\150\060\156\153\324\217\003}{section.11}% 24
\BOOKMARK [1][-]{section.12}{\376\377\133\237\232\023\000\040\000E\000B\377\032\117\115\166\370\166\204\000\040\000A\000U\000\040\133\237\232\023\377\010\131\032\151\330\117\123\060\156\117\115\166\370\060\150\147\000\220\151\127\313\060\201\217\274\060\177\153\041\121\103\377\011}{}% 25
\BOOKMARK [2][-]{subsection.12.1}{\376\377\0004\172\056\230\136\060\156\131\032\151\330\117\123\060\153\060\112\060\121\060\213\000\040\000V\000A\000E\000\040\000A\000U\000\040\230\375\124\214\120\044}{section.12}% 26
\BOOKMARK [1][-]{section.13}{\376\377\133\237\232\023\000\040\000E\0005\000\137\000e\000x\000t\000e\000n\000d\000e\000d\377\032\156\054\127\060\175\332\215\335\226\342\166\370\225\242\060\156\000\040\000k\000-\000N\000N\000\040\060\321\060\351\060\341\060\374\060\277\141\037\136\246\122\006\147\220}{}% 27
\BOOKMARK [2][-]{subsection.13.1}{\376\377\156\054\127\060\175\332\166\370\225\242\060\156\000\040\000k\000\040\117\235\133\130\140\047}{section.13}% 28
\BOOKMARK [1][-]{section.14}{\376\377\133\237\232\023\000\040\000E\000C\377\032\173\111\225\167\000\040\000A\000E\377\010\060\307\060\263\060\374\060\300\060\344\060\263\060\323\060\242\060\363\153\143\122\107\123\026\060\153\060\210\060\213\173\111\225\167\140\047\145\071\125\204\377\011}{}% 29
\BOOKMARK [2][-]{subsection.14.1}{\376\377\000I\000s\000o\000m\000e\000t\000r\000i\000c\000A\000E\000\040\000v\000s\000\040\145\342\133\130\060\342\060\307\060\353\060\156\153\324\217\003}{section.14}% 30
\BOOKMARK [1][-]{section.15}{\376\377\152\052\145\255\166\204\122\006\147\220\377\032\131\032\151\330\117\123\060\156\117\115\166\370\166\204\211\007\226\321\060\125\060\150\147\000\220\151\060\334\060\310\060\353\060\315\060\303\060\257\153\041\121\103}{}% 31
\BOOKMARK [1][-]{section.16}{\376\377\153\213\212\262\230\114\060\150\116\312\137\214\060\156\133\237\232\023\143\320\150\110}{}% 32
\BOOKMARK [2][-]{subsection.16.1}{\376\377\217\375\122\240\133\237\232\023\060\147\211\343\155\210\060\125\060\214\060\137\212\262\230\114}{section.16}% 33
\BOOKMARK [2][-]{subsection.16.2}{\376\377\153\213\133\130\060\131\060\213\212\262\230\114}{section.16}% 34
\BOOKMARK [1][-]{section.17}{\376\377\212\326\145\207\060\170\060\156\175\104\060\177\217\274\060\177\143\007\221\335}{}% 35
\BOOKMARK [2][-]{subsection.17.1}{\376\377\116\073\211\201\060\152\145\260\167\345\211\213\377\010\212\326\145\207\060\153\146\016\171\072\060\131\060\171\060\115\160\271\377\011}{section.17}% 36
\BOOKMARK [2][-]{subsection.17.2}{\376\377\126\363\210\150\060\156\143\250\131\150\143\262\217\011\230\006}{section.17}% 37
