
=== FashionMNIST  尤度=gaussian  グリッド 12 点 × 5 seeds = 60 ラン ===
  [  1/60] m=  2 s=42     val_MSE=0.02540 AU=  2 ep=162 新 累計 1分
  [  2/60] m=  2 s=123    val_MSE=0.02535 AU=  2 ep=168 新 累計 2分
  [  3/60] m=  2 s=777    val_MSE=0.02559 AU=  2 ep=146 新 累計 3分
  [  4/60] m=  2 s=2024   val_MSE=0.02561 AU=  2 ep=184 新 累計 4分
  [  5/60] m=  2 s=31337  val_MSE=0.02552 AU=  2 ep=147 新 累計 6分
  [  6/60] m=  4 s=42     val_MSE=0.01915 AU=  4 ep=204 新 累計 7分
  [  7/60] m=  4 s=123    val_MSE=0.01955 AU=  4 ep=127 新 累計 8分
  [  8/60] m=  4 s=777    val_MSE=0.01914 AU=  4 ep=190 新 累計 10分
  [  9/60] m=  4 s=2024   val_MSE=0.01967 AU=  4 ep=120 新 累計 12分
  [ 10/60] m=  4 s=31337  val_MSE=0.01940 AU=  4 ep=144 新 累計 13分
  [ 11/60] m=  6 s=42     val_MSE=0.01970 AU=  4 ep=106 新 累計 14分
  [ 12/60] m=  6 s=123    val_MSE=0.01817 AU=  5 ep=177 新 累計 16分
  [ 13/60] m=  6 s=777    val_MSE=0.01945 AU=  4 ep=123 新 累計 17分
  [ 14/60] m=  6 s=2024   val_MSE=0.01945 AU=  4 ep=111 新 累計 18分
  [ 15/60] m=  6 s=31337  val_MSE=0.01914 AU=  5 ep=153 新 累計 19分
  [ 16/60] m=  8 s=42     val_MSE=0.01907 AU=  5 ep=174 新 累計 21分
  [ 17/60] m=  8 s=123    val_MSE=0.01941 AU=  5 ep=106 新 累計 21分
  [ 18/60] m=  8 s=777    val_MSE=0.01885 AU=  5 ep= 84 新 累計 22分
  [ 19/60] m=  8 s=2024   val_MSE=0.01854 AU=  5 ep=166 新 累計 23分
  [ 20/60] m=  8 s=31337  val_MSE=0.01835 AU=  5 ep=113 新 累計 24分
  [ 21/60] m= 10 s=42     val_MSE=0.01942 AU=  4 ep=133 新 累計 25分
  [ 22/60] m= 10 s=123    val_MSE=0.01961 AU=  4 ep=100 新 累計 25分
  [ 23/60] m= 10 s=777    val_MSE=0.01848 AU=  5 ep=123 新 累計 26分
  [ 24/60] m= 10 s=2024   val_MSE=0.01976 AU=  4 ep= 94 新 累計 27分
  [ 25/60] m= 10 s=31337  val_MSE=0.01832 AU=  5 ep=190 新 累計 28分
  [ 26/60] m= 12 s=42     val_MSE=0.01940 AU=  5 ep=120 新 累計 29分
  [ 27/60] m= 12 s=123    val_MSE=0.01971 AU=  4 ep= 99 新 累計 29分
  [ 28/60] m= 12 s=777    val_MSE=0.01937 AU=  4 ep=156 新 累計 30分
  [ 29/60] m= 12 s=2024   val_MSE=0.01889 AU=  5 ep=132 新 累計 31分
  [ 30/60] m= 12 s=31337  val_MSE=0.01914 AU=  4 ep=172 新 累計 32分
  [ 31/60] m= 16 s=42     val_MSE=0.01926 AU=  5 ep=166 新 累計 33分
  [ 32/60] m= 16 s=123    val_MSE=0.01839 AU=  5 ep=212 新 累計 34分
  [ 33/60] m= 16 s=777    val_MSE=0.01841 AU=  5 ep=161 新 累計 35分
  [ 34/60] m= 16 s=2024   val_MSE=0.01943 AU=  4 ep=156 新 累計 36分
  [ 35/60] m= 16 s=31337  val_MSE=0.01832 AU=  5 ep=189 新 累計 37分
  [ 36/60] m= 20 s=42     val_MSE=0.01880 AU=  5 ep=106 新 累計 38分
  [ 37/60] m= 20 s=123    val_MSE=0.02030 AU=  4 ep= 77 新 累計 39分
  [ 38/60] m= 20 s=777    val_MSE=0.01943 AU=  4 ep=190 新 累計 40分
  [ 39/60] m= 20 s=2024   val_MSE=0.01827 AU=  5 ep=229 新 累計 41分
  [ 40/60] m= 20 s=31337  val_MSE=0.01934 AU=  4 ep=163 新 累計 42分
  [ 41/60] m= 24 s=42     val_MSE=0.01953 AU=  4 ep=133 新 累計 43分
  [ 42/60] m= 24 s=123    val_MSE=0.01970 AU=  4 ep=104 新 累計 44分
  [ 43/60] m= 24 s=777    val_MSE=0.01823 AU=  5 ep=193 新 累計 45分
  [ 44/60] m= 24 s=2024   val_MSE=0.01951 AU=  4 ep=138 新 累計 46分
  [ 45/60] m= 24 s=31337  val_MSE=0.01846 AU=  5 ep=134 新 累計 47分
  [ 46/60] m= 32 s=42     val_MSE=0.01959 AU=  4 ep=137 新 累計 47分
  [ 47/60] m= 32 s=123    val_MSE=0.01919 AU=  5 ep=114 新 累計 48分
  [ 48/60] m= 32 s=777    val_MSE=0.01931 AU=  4 ep=185 新 累計 49分
  [ 49/60] m= 32 s=2024   val_MSE=0.01972 AU=  4 ep=110 新 累計 50分
  [ 50/60] m= 32 s=31337  val_MSE=0.01837 AU=  5 ep=171 新 累計 51分
  [ 51/60] m= 48 s=42     val_MSE=0.01867 AU=  5 ep=185 新 累計 53分
  [ 52/60] m= 48 s=123    val_MSE=0.01956 AU=  4 ep=160 新 累計 54分
  [ 53/60] m= 48 s=777    val_MSE=0.02005 AU=  4 ep=104 新 累計 54分
  [ 54/60] m= 48 s=2024   val_MSE=0.01957 AU=  4 ep=168 新 累計 55分
  [ 55/60] m= 48 s=31337  val_MSE=0.01894 AU=  5 ep=132 新 累計 56分
  [ 56/60] m= 64 s=42     val_MSE=0.01983 AU=  4 ep=170 新 累計 58分
  [ 57/60] m= 64 s=123    val_MSE=0.01982 AU=  4 ep=138 新 累計 59分
  [ 58/60] m= 64 s=777    val_MSE=0.01943 AU=  4 ep=214 新 累計 60分
  [ 59/60] m= 64 s=2024   val_MSE=0.01968 AU=  4 ep=166 新 累計 62分
  [ 60/60] m= 64 s=31337  val_MSE=0.01964 AU=  4 ep=177 新 累計 63分
=== FashionMNIST 完了 63.0 分 ===

全データ完了
