
==========================================================================
=== MNIST ===
==========================================================================

--- 1. 推定用サンプル数への依存（入力空間）---
        n    TwoNN      MLE      相対差
     1000   11.925   14.390    0.207
     2000   13.319   14.806    0.112
     5000   13.626   15.071    0.106
    10000   13.615   15.390    0.130
  → TwoNN の n 依存の振れ幅 11.92–13.63 （相対 0.13）

--- 2. PCA 前処理空間での推定 ---
     PCA 次元    TwoNN      MLE
         16    7.875    8.463
         32    8.850    9.963
         64    9.790   11.518
        128   10.945   12.993
  → PCA 次元による振れ幅 7.87–10.94

--- 3. 参照 AE の容量と seed への依存 ---
    m_ref  seeds      TwoNN mean±SD   MLE mean
       55      3      10.931±0.085      12.371
      111      3      11.784±0.124      13.581
      221      3      12.320±0.088      14.320
  → 容量間の相対範囲 0.118 （基準 ≤0.15）→ 安定

==========================================================================
=== FashionMNIST ===
==========================================================================

--- 1. 推定用サンプル数への依存（入力空間）---
        n    TwoNN      MLE      相対差
     1000   12.805   13.501    0.054
     2000   13.113   14.944    0.140
     5000   12.886   16.600    0.288
    10000   12.672   17.953    0.417
  → TwoNN の n 依存の振れ幅 12.67–13.11 （相対 0.03）

--- 2. PCA 前処理空間での推定 ---
     PCA 次元    TwoNN      MLE
         16    7.099    7.452
         32    7.984    8.843
         64    8.884   10.538
        128    9.852   12.511
  → PCA 次元による振れ幅 7.10–9.85

--- 3. 参照 AE の容量と seed への依存 ---
  （段階 4 で参照 AE を学習していない）

==========================================================================
=== dSprites ===
==========================================================================

--- 1. 推定用サンプル数への依存（入力空間）---
        n    TwoNN      MLE      相対差
     1000   10.727   11.453    0.068
     2000    9.662   12.993    0.345
     5000    8.711   14.122    0.621
    10000    7.699   14.510    0.885
  → TwoNN の n 依存の振れ幅 7.70–10.73 （相対 0.33）

--- 2. PCA 前処理空間での推定 ---
     PCA 次元    TwoNN      MLE
         16    2.682    4.450
         32    3.311    5.417
         64    3.890    6.472
        128    4.323    7.655
  → PCA 次元による振れ幅 2.68–4.32

--- 3. 参照 AE の容量と seed への依存 ---
    m_ref  seeds      TwoNN mean±SD   MLE mean
       30      3       3.955±0.478       7.914
       61      3       3.908±1.121       9.528
      122      3       2.104±0.024      10.627
  → 容量間の相対範囲 0.474 （基準 ≤0.15）→ **不安定**

==========================================================================
=== CIFAR10 ===
==========================================================================

--- 1. 推定用サンプル数への依存（入力空間）---
        n    TwoNN      MLE      相対差
     1000   22.602   24.018    0.063
     2000   24.351   26.507    0.089
     5000   23.527   29.954    0.273
    10000   19.495   32.864    0.686
  → TwoNN の n 依存の振れ幅 19.50–24.35 （相対 0.21）

--- 2. PCA 前処理空間での推定 ---
     PCA 次元    TwoNN      MLE
         16   11.486   13.395
         32   14.027   18.060
         64   15.970   22.016
        128   17.057   25.458
  → PCA 次元による振れ幅 11.49–17.06

--- 3. 参照 AE の容量と seed への依存 ---
  （段階 4 で参照 AE を学習していない）


==========================================================================
=== まとめ: 表現ごとの $\hat d$ の食い違い ===
==========================================================================
データ              入力(n=10k)     PCA 最小     PCA 最大              参照 AE
MNIST                13.62       7.87      10.94        10.85–12.41
FashionMNIST         12.67       7.10       9.85                  —
dSprites              7.70       2.68       4.32          2.08–4.56
CIFAR10              19.50      11.49      17.06                  —

書き出し: results/make49/stage5_e3_reference.json
