E6: 合成多様体の再確認（A4 の標準化修正後、損失は A1 修正版、β=1、3 seeds）

=== SwissRoll（真の次元 2、埋め込み次元 3）===
  未標準化: 座標別 std [6.566 0.29  6.965]  全分散 31.11
  標準化後: 座標別 std [1. 1. 1.]  全分散 1.00

    m     MSE(標準化)   AU      無効化後 MSE          差
    1      0.35107  1.0       0.35107   +0.00000
    2      0.19969  2.0       0.19969   +0.00000
    3      0.14071  3.0       0.14071   +0.00000
    4      0.14036  3.0       0.14057   +0.00020
    6      0.13651  3.0       0.13676   +0.00025
    8      0.14372  3.0       0.14395   +0.00024

  --- 参考: 未標準化（原稿 Table 4 の条件）---
    m      MSE(未標準化)   AU
    1        0.97376  1.0
    2        0.04768  2.0
    3        0.06679  2.0
    4        0.04846  2.0
    6        0.06205  2.0
    8        0.05615  2.0

=== Torus（真の次元 2、埋め込み次元 3）===
  未標準化: 座標別 std [2.183 2.186 0.701]  全分散 3.34
  標準化後: 座標別 std [1. 1. 1.]  全分散 1.00

    m     MSE(標準化)   AU      無効化後 MSE          差
    1      0.32173  1.0       0.32173   +0.00000
    2      0.16542  2.0       0.16542   +0.00000
    3      0.10829  3.0       0.10829   +0.00000
    4      0.11237  3.0       0.11244   +0.00007
    6      0.10953  3.0       0.10964   +0.00012
    8      0.11036  3.0       0.11053   +0.00017

  --- 参考: 未標準化（原稿 Table 4 の条件）---
    m      MSE(未標準化)   AU
    1        0.36150  1.0
    2        0.19976  2.0
    3        0.20633  2.0
    4        0.20380  2.0
    6        0.20611  2.0
    8        0.20958  2.0

書き出し: results/make49/stage6_e6_synthetic.json
