
########## beta = 0.25 ##########

=== MNIST  beta=0.25  尤度=gaussian  グリッド 12 点 × 5 seeds = 60 ラン ===
  [  1/60] b=0.25 m=  2 s=42     val_MSE=0.03794 AU=  2 ep= 80 累計 0分
  [  2/60] b=0.25 m=  2 s=123    val_MSE=0.03810 AU=  2 ep= 80 累計 1分
  [  3/60] b=0.25 m=  2 s=777    val_MSE=0.03808 AU=  2 ep= 88 累計 1分
  [  4/60] b=0.25 m=  2 s=2024   val_MSE=0.03841 AU=  2 ep= 67 累計 2分
  [  5/60] b=0.25 m=  2 s=31337  val_MSE=0.03721 AU=  2 ep=103 累計 2分
  [  6/60] b=0.25 m=  4 s=42     val_MSE=0.02774 AU=  4 ep= 93 累計 3分
  [  7/60] b=0.25 m=  4 s=123    val_MSE=0.02796 AU=  4 ep=101 累計 3分
  [  8/60] b=0.25 m=  4 s=777    val_MSE=0.02869 AU=  4 ep= 58 累計 4分
  [  9/60] b=0.25 m=  4 s=2024   val_MSE=0.02767 AU=  4 ep=109 累計 4分
  [ 10/60] b=0.25 m=  4 s=31337  val_MSE=0.02816 AU=  4 ep= 70 累計 5分
  [ 11/60] b=0.25 m=  6 s=42     val_MSE=0.02163 AU=  6 ep= 94 累計 5分
  [ 12/60] b=0.25 m=  6 s=123    val_MSE=0.02134 AU=  6 ep= 99 累計 6分
  [ 13/60] b=0.25 m=  6 s=777    val_MSE=0.02246 AU=  6 ep= 63 累計 6分
  [ 14/60] b=0.25 m=  6 s=2024   val_MSE=0.02172 AU=  6 ep= 93 累計 7分
  [ 15/60] b=0.25 m=  6 s=31337  val_MSE=0.02169 AU=  6 ep= 85 累計 7分
  [ 16/60] b=0.25 m=  8 s=42     val_MSE=0.01796 AU=  8 ep=131 累計 8分
  [ 17/60] b=0.25 m=  8 s=123    val_MSE=0.01849 AU=  8 ep= 86 累計 9分
  [ 18/60] b=0.25 m=  8 s=777    val_MSE=0.01813 AU=  8 ep= 93 累計 9分
  [ 19/60] b=0.25 m=  8 s=2024   val_MSE=0.01856 AU=  8 ep= 83 累計 10分
  [ 20/60] b=0.25 m=  8 s=31337  val_MSE=0.01814 AU=  8 ep=129 累計 10分
  [ 21/60] b=0.25 m= 10 s=42     val_MSE=0.01625 AU= 10 ep= 86 累計 11分
  [ 22/60] b=0.25 m= 10 s=123    val_MSE=0.01601 AU= 10 ep= 91 累計 11分
  [ 23/60] b=0.25 m= 10 s=777    val_MSE=0.01562 AU= 10 ep=123 累計 12分
  [ 24/60] b=0.25 m= 10 s=2024   val_MSE=0.01618 AU= 10 ep= 93 累計 12分
  [ 25/60] b=0.25 m= 10 s=31337  val_MSE=0.01583 AU= 10 ep=147 累計 13分
  [ 26/60] b=0.25 m= 12 s=42     val_MSE=0.01610 AU= 11 ep= 93 累計 14分
  [ 27/60] b=0.25 m= 12 s=123    val_MSE=0.01590 AU= 10 ep= 95 累計 14分
  [ 28/60] b=0.25 m= 12 s=777    val_MSE=0.01494 AU= 11 ep=106 累計 15分
  [ 29/60] b=0.25 m= 12 s=2024   val_MSE=0.01520 AU= 11 ep=101 累計 16分
  [ 30/60] b=0.25 m= 12 s=31337  val_MSE=0.01566 AU= 10 ep=136 累計 17分
  [ 31/60] b=0.25 m= 16 s=42     val_MSE=0.01715 AU= 11 ep= 51 累計 17分
  [ 32/60] b=0.25 m= 16 s=123    val_MSE=0.01518 AU= 11 ep= 93 累計 18分
  [ 33/60] b=0.25 m= 16 s=777    val_MSE=0.01410 AU= 12 ep=123 累計 18分
  [ 34/60] b=0.25 m= 16 s=2024   val_MSE=0.01580 AU= 10 ep=117 累計 19分
  [ 35/60] b=0.25 m= 16 s=31337  val_MSE=0.01518 AU= 12 ep= 71 累計 20分
  [ 36/60] b=0.25 m= 20 s=42     val_MSE=0.01367 AU= 13 ep=120 累計 20分
  [ 37/60] b=0.25 m= 20 s=123    val_MSE=0.01438 AU= 12 ep= 99 累計 21分
  [ 38/60] b=0.25 m= 20 s=777    val_MSE=0.01515 AU= 12 ep= 77 累計 22分
  [ 39/60] b=0.25 m= 20 s=2024   val_MSE=0.01506 AU= 11 ep= 99 累計 22分
  [ 40/60] b=0.25 m= 20 s=31337  val_MSE=0.01440 AU= 12 ep=105 累計 23分
  [ 41/60] b=0.25 m= 24 s=42     val_MSE=0.01514 AU= 11 ep=120 累計 24分
  [ 42/60] b=0.25 m= 24 s=123    val_MSE=0.01639 AU= 15 ep= 60 累計 24分
  [ 43/60] b=0.25 m= 24 s=777    val_MSE=0.01633 AU= 11 ep= 66 累計 25分
  [ 44/60] b=0.25 m= 24 s=2024   val_MSE=0.01341 AU= 13 ep=140 累計 26分
  [ 45/60] b=0.25 m= 24 s=31337  val_MSE=0.01453 AU= 12 ep=109 累計 26分
  [ 46/60] b=0.25 m= 32 s=42     val_MSE=0.01441 AU= 12 ep=137 累計 27分
  [ 47/60] b=0.25 m= 32 s=123    val_MSE=0.01434 AU= 12 ep=114 累計 28分
  [ 48/60] b=0.25 m= 32 s=777    val_MSE=0.01455 AU= 12 ep=102 累計 29分
  [ 49/60] b=0.25 m= 32 s=2024   val_MSE=0.01410 AU= 12 ep=147 累計 30分
  [ 50/60] b=0.25 m= 32 s=31337  val_MSE=0.01493 AU= 13 ep= 73 累計 31分
  [ 51/60] b=0.25 m= 48 s=42     val_MSE=0.01616 AU= 10 ep=119 累計 31分
  [ 52/60] b=0.25 m= 48 s=123    val_MSE=0.01514 AU= 12 ep= 89 累計 32分
  [ 53/60] b=0.25 m= 48 s=777    val_MSE=0.01631 AU= 13 ep= 66 累計 33分
  [ 54/60] b=0.25 m= 48 s=2024   val_MSE=0.01442 AU= 12 ep=126 累計 33分
  [ 55/60] b=0.25 m= 48 s=31337  val_MSE=0.01733 AU= 10 ep= 68 累計 34分
  [ 56/60] b=0.25 m= 64 s=42     val_MSE=0.01627 AU= 11 ep= 80 累計 36分
  [ 57/60] b=0.25 m= 64 s=123    val_MSE=0.01547 AU= 11 ep=114 累計 38分
  [ 58/60] b=0.25 m= 64 s=777    val_MSE=0.01514 AU= 11 ep=148 累計 39分
  [ 59/60] b=0.25 m= 64 s=2024   val_MSE=0.01583 AU= 11 ep= 93 累計 40分
  [ 60/60] b=0.25 m= 64 s=31337  val_MSE=0.01651 AU= 11 ep= 91 累計 42分
=== MNIST beta=0.25 完了 42.4 分 ===

=== dSprites  beta=0.25  尤度=bernoulli  グリッド 12 点 × 5 seeds = 60 ラン ===
  [  1/60] b=0.25 m=  2 s=42     val_MSE=0.01065 AU=  2 ep=103 累計 2分
  [  2/60] b=0.25 m=  2 s=123    val_MSE=0.01078 AU=  2 ep= 89 累計 5分
  [  3/60] b=0.25 m=  2 s=777    val_MSE=0.01035 AU=  2 ep= 95 累計 7分
  [  4/60] b=0.25 m=  2 s=2024   val_MSE=0.01068 AU=  2 ep= 81 累計 9分
  [  5/60] b=0.25 m=  2 s=31337  val_MSE=0.01136 AU=  2 ep= 65 累計 10分
  [  6/60] b=0.25 m=  4 s=42     val_MSE=0.00633 AU=  4 ep=104 累計 13分
  [  7/60] b=0.25 m=  4 s=123    val_MSE=0.00639 AU=  4 ep=110 累計 15分
  [  8/60] b=0.25 m=  4 s=777    val_MSE=0.00638 AU=  4 ep= 79 累計 17分
  [  9/60] b=0.25 m=  4 s=2024   val_MSE=0.00627 AU=  4 ep=103 累計 19分
  [ 10/60] b=0.25 m=  4 s=31337  val_MSE=0.00641 AU=  4 ep=101 累計 22分
  [ 11/60] b=0.25 m=  6 s=42     val_MSE=0.00223 AU=  6 ep=169 累計 26分
  [ 12/60] b=0.25 m=  6 s=123    val_MSE=0.00263 AU=  6 ep=164 累計 30分
  [ 13/60] b=0.25 m=  6 s=777    val_MSE=0.00273 AU=  6 ep=158 累計 33分
  [ 14/60] b=0.25 m=  6 s=2024   val_MSE=0.00251 AU=  6 ep=183 累計 39分
  [ 15/60] b=0.25 m=  6 s=31337  val_MSE=0.00321 AU=  6 ep=124 累計 44分
  [ 16/60] b=0.25 m=  8 s=42     val_MSE=0.00179 AU=  8 ep=175 累計 50分
  [ 17/60] b=0.25 m=  8 s=123    val_MSE=0.00198 AU=  8 ep=147 累計 56分
  [ 18/60] b=0.25 m=  8 s=777    val_MSE=0.00210 AU=  8 ep=110 累計 59分
  [ 19/60] b=0.25 m=  8 s=2024   val_MSE=0.00205 AU=  8 ep=142 累計 64分
  [ 20/60] b=0.25 m=  8 s=31337  val_MSE=0.00178 AU=  8 ep=142 累計 69分
  [ 21/60] b=0.25 m= 10 s=42     val_MSE=0.00165 AU= 10 ep=110 累計 74分
  [ 22/60] b=0.25 m= 10 s=123    val_MSE=0.00150 AU= 10 ep=148 累計 79分
  [ 23/60] b=0.25 m= 10 s=777    val_MSE=0.00157 AU= 10 ep=147 累計 84分
  [ 24/60] b=0.25 m= 10 s=2024   val_MSE=0.00149 AU= 10 ep=149 累計 89分
  [ 25/60] b=0.25 m= 10 s=31337  val_MSE=0.00166 AU= 10 ep=140 累計 95分
  [ 26/60] b=0.25 m= 12 s=42     val_MSE=0.00136 AU= 12 ep=109 累計 99分
  [ 27/60] b=0.25 m= 12 s=123    val_MSE=0.00133 AU= 12 ep=131 累計 103分
  [ 28/60] b=0.25 m= 12 s=777    val_MSE=0.00129 AU= 12 ep=128 累計 108分
  [ 29/60] b=0.25 m= 12 s=2024   val_MSE=0.00123 AU= 12 ep=137 累計 113分
  [ 30/60] b=0.25 m= 12 s=31337  val_MSE=0.00137 AU= 12 ep=145 累計 118分
  [ 31/60] b=0.25 m= 16 s=42     val_MSE=0.00113 AU= 16 ep=153 累計 124分
  [ 32/60] b=0.25 m= 16 s=123    val_MSE=0.00114 AU= 16 ep=132 累計 128分
  [ 33/60] b=0.25 m= 16 s=777    val_MSE=0.00121 AU= 16 ep=111 累計 132分
  [ 34/60] b=0.25 m= 16 s=2024   val_MSE=0.00107 AU= 16 ep=156 累計 138分
  [ 35/60] b=0.25 m= 16 s=31337  val_MSE=0.00129 AU= 16 ep=173 累計 144分
  [ 36/60] b=0.25 m= 20 s=42     val_MSE=0.00119 AU= 20 ep=121 累計 148分
  [ 37/60] b=0.25 m= 20 s=123    val_MSE=0.00105 AU= 20 ep=168 累計 154分
  [ 38/60] b=0.25 m= 20 s=777    val_MSE=0.00116 AU= 20 ep=149 累計 159分
  [ 39/60] b=0.25 m= 20 s=2024   val_MSE=0.00109 AU= 20 ep=182 累計 165分
  [ 40/60] b=0.25 m= 20 s=31337  val_MSE=0.00122 AU= 20 ep=140 累計 170分
  [ 41/60] b=0.25 m= 24 s=42     val_MSE=0.00111 AU= 22 ep=169 累計 176分
  [ 42/60] b=0.25 m= 24 s=123    val_MSE=0.00116 AU= 23 ep=150 累計 181分
  [ 43/60] b=0.25 m= 24 s=777    val_MSE=0.00116 AU= 23 ep=185 累計 187分
  [ 44/60] b=0.25 m= 24 s=2024   val_MSE=0.00107 AU= 23 ep=153 累計 193分
  [ 45/60] b=0.25 m= 24 s=31337  val_MSE=0.00104 AU= 22 ep=178 累計 198分
  [ 46/60] b=0.25 m= 32 s=42     val_MSE=0.00105 AU= 32 ep=156 累計 201分
  [ 47/60] b=0.25 m= 32 s=123    val_MSE=0.00103 AU= 23 ep=208 累計 205分
  [ 48/60] b=0.25 m= 32 s=777    val_MSE=0.00099 AU= 23 ep=171 累計 208分
  [ 49/60] b=0.25 m= 32 s=2024   val_MSE=0.00107 AU= 29 ep=153 累計 211分
  [ 50/60] b=0.25 m= 32 s=31337  val_MSE=0.00112 AU= 26 ep=176 累計 214分
  [ 51/60] b=0.25 m= 48 s=42     val_MSE=0.00102 AU= 26 ep=229 累計 218分
  [ 52/60] b=0.25 m= 48 s=123    val_MSE=0.00109 AU= 28 ep=204 累計 222分
  [ 53/60] b=0.25 m= 48 s=777    val_MSE=0.00102 AU= 24 ep=194 累計 226分
  [ 54/60] b=0.25 m= 48 s=2024   val_MSE=0.00113 AU= 29 ep=199 累計 230分
  [ 55/60] b=0.25 m= 48 s=31337  val_MSE=0.00115 AU= 25 ep=184 累計 233分
  [ 56/60] b=0.25 m= 64 s=42     val_MSE=0.00103 AU= 22 ep=245 累計 238分
  [ 57/60] b=0.25 m= 64 s=123    val_MSE=0.00102 AU= 29 ep=211 累計 242分
  [ 58/60] b=0.25 m= 64 s=777    val_MSE=0.00103 AU= 21 ep=199 累計 246分
  [ 59/60] b=0.25 m= 64 s=2024   val_MSE=0.00104 AU= 29 ep=156 累計 249分
  [ 60/60] b=0.25 m= 64 s=31337  val_MSE=0.00096 AU= 22 ep=223 累計 254分
=== dSprites beta=0.25 完了 253.8 分 ===

=== CIFAR10  beta=0.25  尤度=gaussian  グリッド 10 点 × 5 seeds = 50 ラン ===
  [  1/50] b=0.25 m=  8 s=42     val_MSE=0.02240 AU=  8 ep= 55 累計 0分
  [  2/50] b=0.25 m=  8 s=123    val_MSE=0.02229 AU=  8 ep= 62 累計 1分
  [  3/50] b=0.25 m=  8 s=777    val_MSE=0.02246 AU=  8 ep= 49 累計 1分
  [  4/50] b=0.25 m=  8 s=2024   val_MSE=0.02242 AU=  8 ep= 51 累計 2分
  [  5/50] b=0.25 m=  8 s=31337  val_MSE=0.02237 AU=  8 ep= 52 累計 2分
  [  6/50] b=0.25 m= 16 s=42     val_MSE=0.01662 AU= 16 ep= 69 累計 3分
  [  7/50] b=0.25 m= 16 s=123    val_MSE=0.01656 AU= 16 ep= 58 累計 3分
  [  8/50] b=0.25 m= 16 s=777    val_MSE=0.01657 AU= 16 ep= 61 累計 4分
  [  9/50] b=0.25 m= 16 s=2024   val_MSE=0.01653 AU= 16 ep= 63 累計 5分
  [ 10/50] b=0.25 m= 16 s=31337  val_MSE=0.01662 AU= 16 ep= 57 累計 5分
  [ 11/50] b=0.25 m= 24 s=42     val_MSE=0.01381 AU= 24 ep= 59 累計 6分
  [ 12/50] b=0.25 m= 24 s=123    val_MSE=0.01385 AU= 24 ep= 64 累計 6分
  [ 13/50] b=0.25 m= 24 s=777    val_MSE=0.01377 AU= 24 ep= 65 累計 7分
  [ 14/50] b=0.25 m= 24 s=2024   val_MSE=0.01381 AU= 24 ep= 77 累計 7分
  [ 15/50] b=0.25 m= 24 s=31337  val_MSE=0.01383 AU= 24 ep= 71 累計 8分
  [ 16/50] b=0.25 m= 32 s=42     val_MSE=0.01195 AU= 32 ep= 70 累計 9分
  [ 17/50] b=0.25 m= 32 s=123    val_MSE=0.01202 AU= 32 ep= 67 累計 9分
  [ 18/50] b=0.25 m= 32 s=777    val_MSE=0.01197 AU= 32 ep= 71 累計 10分
  [ 19/50] b=0.25 m= 32 s=2024   val_MSE=0.01212 AU= 32 ep=103 累計 11分
  [ 20/50] b=0.25 m= 32 s=31337  val_MSE=0.01200 AU= 32 ep= 89 累計 12分
  [ 21/50] b=0.25 m= 48 s=42     val_MSE=0.00995 AU= 48 ep=100 累計 12分
  [ 22/50] b=0.25 m= 48 s=123    val_MSE=0.00997 AU= 48 ep= 98 累計 13分
  [ 23/50] b=0.25 m= 48 s=777    val_MSE=0.00986 AU= 48 ep=119 累計 14分
  [ 24/50] b=0.25 m= 48 s=2024   val_MSE=0.01066 AU= 48 ep= 47 累計 15分
  [ 25/50] b=0.25 m= 48 s=31337  val_MSE=0.01013 AU= 48 ep= 52 累計 15分
  [ 26/50] b=0.25 m= 64 s=42     val_MSE=0.01183 AU= 64 ep= 40 累計 16分
  [ 27/50] b=0.25 m= 64 s=123    val_MSE=0.01012 AU= 62 ep= 47 累計 17分
  [ 28/50] b=0.25 m= 64 s=777    val_MSE=0.01089 AU= 64 ep= 43 累計 17分
  [ 29/50] b=0.25 m= 64 s=2024   val_MSE=0.00959 AU= 63 ep= 52 累計 18分
  [ 30/50] b=0.25 m= 64 s=31337  val_MSE=0.00928 AU= 63 ep= 59 累計 19分
  [ 31/50] b=0.25 m= 96 s=42     val_MSE=0.00937 AU= 94 ep= 56 累計 19分
  [ 32/50] b=0.25 m= 96 s=123    val_MSE=0.00908 AU= 94 ep= 57 累計 20分
  [ 33/50] b=0.25 m= 96 s=777    val_MSE=0.00965 AU= 95 ep= 54 累計 21分
  [ 34/50] b=0.25 m= 96 s=2024   val_MSE=0.00962 AU= 96 ep= 52 累計 22分
  [ 35/50] b=0.25 m= 96 s=31337  val_MSE=0.01044 AU= 95 ep= 45 累計 23分
  [ 36/50] b=0.25 m=128 s=42     val_MSE=0.01127 AU=128 ep= 41 累計 24分
  [ 37/50] b=0.25 m=128 s=123    val_MSE=0.00950 AU=124 ep= 51 累計 25分
  [ 38/50] b=0.25 m=128 s=777    val_MSE=0.01064 AU=127 ep= 43 累計 26分
  [ 39/50] b=0.25 m=128 s=2024   val_MSE=0.01024 AU=128 ep= 45 累計 26分
  [ 40/50] b=0.25 m=128 s=31337  val_MSE=0.00966 AU=127 ep= 49 累計 27分
  [ 41/50] b=0.25 m=192 s=42     val_MSE=0.00953 AU=186 ep= 54 累計 28分
  [ 42/50] b=0.25 m=192 s=123    val_MSE=0.00960 AU=189 ep= 53 累計 29分
  [ 43/50] b=0.25 m=192 s=777    val_MSE=0.00968 AU=188 ep= 52 累計 30分
  [ 44/50] b=0.25 m=192 s=2024   val_MSE=0.01018 AU=188 ep= 47 累計 31分
  [ 45/50] b=0.25 m=192 s=31337  val_MSE=0.01135 AU=185 ep= 42 累計 32分
  [ 46/50] b=0.25 m=256 s=42     val_MSE=0.01039 AU=254 ep= 48 累計 34分
  [ 47/50] b=0.25 m=256 s=123    val_MSE=0.00901 AU=255 ep= 68 累計 35分
  [ 48/50] b=0.25 m=256 s=777    val_MSE=0.00939 AU=255 ep= 62 累計 36分
  [ 49/50] b=0.25 m=256 s=2024   val_MSE=0.00881 AU=254 ep= 73 累計 37分
  [ 50/50] b=0.25 m=256 s=31337  val_MSE=0.00943 AU=249 ep= 62 累計 38分
=== CIFAR10 beta=0.25 完了 38.5 分 ===

=== FashionMNIST  beta=0.25  尤度=gaussian  グリッド 12 点 × 5 seeds = 60 ラン ===
  [  1/60] b=0.25 m=  2 s=42     val_MSE=0.02564 AU=  2 ep= 78 累計 0分
  [  2/60] b=0.25 m=  2 s=123    val_MSE=0.02584 AU=  2 ep= 92 累計 1分
  [  3/60] b=0.25 m=  2 s=777    val_MSE=0.02600 AU=  2 ep= 88 累計 1分
  [  4/60] b=0.25 m=  2 s=2024   val_MSE=0.02539 AU=  2 ep=116 累計 2分
  [  5/60] b=0.25 m=  2 s=31337  val_MSE=0.02534 AU=  2 ep=114 累計 3分
  [  6/60] b=0.25 m=  4 s=42     val_MSE=0.01910 AU=  4 ep= 80 累計 3分
  [  7/60] b=0.25 m=  4 s=123    val_MSE=0.01996 AU=  4 ep= 48 累計 3分
  [  8/60] b=0.25 m=  4 s=777    val_MSE=0.01878 AU=  4 ep=102 累計 4分
  [  9/60] b=0.25 m=  4 s=2024   val_MSE=0.01903 AU=  4 ep= 75 累計 4分
  [ 10/60] b=0.25 m=  4 s=31337  val_MSE=0.01874 AU=  4 ep=127 累計 5分
  [ 11/60] b=0.25 m=  6 s=42     val_MSE=0.01589 AU=  6 ep= 99 累計 6分
  [ 12/60] b=0.25 m=  6 s=123    val_MSE=0.01652 AU=  6 ep= 87 累計 6分
  [ 13/60] b=0.25 m=  6 s=777    val_MSE=0.01599 AU=  6 ep= 96 累計 7分
  [ 14/60] b=0.25 m=  6 s=2024   val_MSE=0.01644 AU=  6 ep= 69 累計 7分
  [ 15/60] b=0.25 m=  6 s=31337  val_MSE=0.01624 AU=  6 ep= 75 累計 7分
  [ 16/60] b=0.25 m=  8 s=42     val_MSE=0.01532 AU=  7 ep= 90 累計 8分
  [ 17/60] b=0.25 m=  8 s=123    val_MSE=0.01584 AU=  6 ep=100 累計 9分
  [ 18/60] b=0.25 m=  8 s=777    val_MSE=0.01580 AU=  6 ep=103 累計 9分
  [ 19/60] b=0.25 m=  8 s=2024   val_MSE=0.01549 AU=  7 ep= 73 累計 10分
  [ 20/60] b=0.25 m=  8 s=31337  val_MSE=0.01509 AU=  7 ep=103 累計 10分
  [ 21/60] b=0.25 m= 10 s=42     val_MSE=0.01515 AU=  7 ep=110 累計 11分
  [ 22/60] b=0.25 m= 10 s=123    val_MSE=0.01588 AU=  7 ep= 59 累計 11分
  [ 23/60] b=0.25 m= 10 s=777    val_MSE=0.01537 AU=  7 ep= 84 累計 12分
  [ 24/60] b=0.25 m= 10 s=2024   val_MSE=0.01518 AU=  7 ep= 98 累計 12分
  [ 25/60] b=0.25 m= 10 s=31337  val_MSE=0.01647 AU=  6 ep= 63 累計 13分
  [ 26/60] b=0.25 m= 12 s=42     val_MSE=0.01517 AU=  7 ep=104 累計 14分
  [ 27/60] b=0.25 m= 12 s=123    val_MSE=0.01512 AU=  7 ep= 93 累計 14分
  [ 28/60] b=0.25 m= 12 s=777    val_MSE=0.01516 AU=  7 ep=105 累計 15分
  [ 29/60] b=0.25 m= 12 s=2024   val_MSE=0.01519 AU=  7 ep= 87 累計 15分
  [ 30/60] b=0.25 m= 12 s=31337  val_MSE=0.01498 AU=  7 ep=127 累計 16分
  [ 31/60] b=0.25 m= 16 s=42     val_MSE=0.01534 AU=  7 ep= 84 累計 17分
  [ 32/60] b=0.25 m= 16 s=123    val_MSE=0.01505 AU=  7 ep= 99 累計 17分
  [ 33/60] b=0.25 m= 16 s=777    val_MSE=0.01521 AU=  7 ep=105 累計 18分
  [ 34/60] b=0.25 m= 16 s=2024   val_MSE=0.01732 AU=  9 ep= 49 累計 18分
  [ 35/60] b=0.25 m= 16 s=31337  val_MSE=0.01498 AU=  7 ep=120 累計 19分
  [ 36/60] b=0.25 m= 20 s=42     val_MSE=0.01511 AU=  7 ep=104 累計 20分
  [ 37/60] b=0.25 m= 20 s=123    val_MSE=0.01565 AU=  7 ep= 70 累計 20分
  [ 38/60] b=0.25 m= 20 s=777    val_MSE=0.01512 AU=  7 ep=100 累計 21分
  [ 39/60] b=0.25 m= 20 s=2024   val_MSE=0.01501 AU=  7 ep=118 累計 22分
  [ 40/60] b=0.25 m= 20 s=31337  val_MSE=0.01581 AU=  6 ep=120 累計 23分
  [ 41/60] b=0.25 m= 24 s=42     val_MSE=0.01525 AU=  7 ep= 87 累計 23分
  [ 42/60] b=0.25 m= 24 s=123    val_MSE=0.01596 AU=  8 ep= 84 累計 24分
  [ 43/60] b=0.25 m= 24 s=777    val_MSE=0.01492 AU=  7 ep=143 累計 25分
  [ 44/60] b=0.25 m= 24 s=2024   val_MSE=0.01577 AU=  6 ep=134 累計 26分
  [ 45/60] b=0.25 m= 24 s=31337  val_MSE=0.01601 AU= 10 ep= 63 累計 26分
  [ 46/60] b=0.25 m= 32 s=42     val_MSE=0.01518 AU=  7 ep= 94 累計 27分
  [ 47/60] b=0.25 m= 32 s=123    val_MSE=0.01510 AU=  7 ep= 99 累計 27分
  [ 48/60] b=0.25 m= 32 s=777    val_MSE=0.01539 AU=  7 ep= 76 累計 28分
  [ 49/60] b=0.25 m= 32 s=2024   val_MSE=0.01510 AU=  7 ep=113 累計 29分
  [ 50/60] b=0.25 m= 32 s=31337  val_MSE=0.01493 AU=  7 ep=158 累計 30分
  [ 51/60] b=0.25 m= 48 s=42     val_MSE=0.01650 AU=  9 ep= 62 累計 31分
  [ 52/60] b=0.25 m= 48 s=123    val_MSE=0.01547 AU=  7 ep= 85 累計 31分
  [ 53/60] b=0.25 m= 48 s=777    val_MSE=0.01536 AU=  8 ep= 70 累計 32分
  [ 54/60] b=0.25 m= 48 s=2024   val_MSE=0.01512 AU=  7 ep=122 累計 33分
  [ 55/60] b=0.25 m= 48 s=31337  val_MSE=0.01562 AU=  7 ep= 77 累計 33分
  [ 56/60] b=0.25 m= 64 s=42     val_MSE=0.01666 AU=  6 ep= 79 累計 34分
  [ 57/60] b=0.25 m= 64 s=123    val_MSE=0.01542 AU=  7 ep= 78 累計 35分
  [ 58/60] b=0.25 m= 64 s=777    val_MSE=0.01578 AU=  7 ep= 70 累計 36分
  [ 59/60] b=0.25 m= 64 s=2024   val_MSE=0.01518 AU= 13 ep= 96 累計 37分
  [ 60/60] b=0.25 m= 64 s=31337  val_MSE=0.01491 AU=  8 ep= 99 累計 38分
=== FashionMNIST beta=0.25 完了 37.8 分 ===

########## beta = 0.5 ##########

=== MNIST  beta=0.5  尤度=gaussian  グリッド 12 点 × 5 seeds = 60 ラン ===
  [  1/60] b=0.5 m=  2 s=42     val_MSE=0.03803 AU=  2 ep= 78 累計 0分
  [  2/60] b=0.5 m=  2 s=123    val_MSE=0.03753 AU=  2 ep= 96 累計 1分
  [  3/60] b=0.5 m=  2 s=777    val_MSE=0.03797 AU=  2 ep= 69 累計 1分
  [  4/60] b=0.5 m=  2 s=2024   val_MSE=0.03706 AU=  2 ep=117 累計 2分
  [  5/60] b=0.5 m=  2 s=31337  val_MSE=0.03729 AU=  2 ep=108 累計 3分
  [  6/60] b=0.5 m=  4 s=42     val_MSE=0.02835 AU=  4 ep= 78 累計 3分
  [  7/60] b=0.5 m=  4 s=123    val_MSE=0.02792 AU=  4 ep=111 累計 4分
  [  8/60] b=0.5 m=  4 s=777    val_MSE=0.02815 AU=  4 ep= 66 累計 4分
  [  9/60] b=0.5 m=  4 s=2024   val_MSE=0.02786 AU=  4 ep= 98 累計 4分
  [ 10/60] b=0.5 m=  4 s=31337  val_MSE=0.02802 AU=  4 ep= 73 累計 5分
  [ 11/60] b=0.5 m=  6 s=42     val_MSE=0.02171 AU=  6 ep=106 累計 5分
  [ 12/60] b=0.5 m=  6 s=123    val_MSE=0.02165 AU=  6 ep=117 累計 6分
  [ 13/60] b=0.5 m=  6 s=777    val_MSE=0.02171 AU=  6 ep=123 累計 7分
  [ 14/60] b=0.5 m=  6 s=2024   val_MSE=0.02190 AU=  6 ep=117 累計 7分
  [ 15/60] b=0.5 m=  6 s=31337  val_MSE=0.02157 AU=  6 ep=103 累計 8分
  [ 16/60] b=0.5 m=  8 s=42     val_MSE=0.01844 AU=  8 ep=121 累計 9分
  [ 17/60] b=0.5 m=  8 s=123    val_MSE=0.01885 AU=  8 ep= 86 累計 9分
  [ 18/60] b=0.5 m=  8 s=777    val_MSE=0.01842 AU=  8 ep=121 累計 10分
  [ 19/60] b=0.5 m=  8 s=2024   val_MSE=0.01909 AU=  8 ep= 85 累計 10分
  [ 20/60] b=0.5 m=  8 s=31337  val_MSE=0.02011 AU=  7 ep= 95 累計 11分
  [ 21/60] b=0.5 m= 10 s=42     val_MSE=0.01840 AU=  8 ep=143 累計 12分
  [ 22/60] b=0.5 m= 10 s=123    val_MSE=0.01766 AU=  9 ep= 93 累計 12分
  [ 23/60] b=0.5 m= 10 s=777    val_MSE=0.01979 AU=  8 ep= 65 累計 13分
  [ 24/60] b=0.5 m= 10 s=2024   val_MSE=0.01744 AU=  9 ep=124 累計 13分
  [ 25/60] b=0.5 m= 10 s=31337  val_MSE=0.01736 AU=  9 ep=118 累計 14分
  [ 26/60] b=0.5 m= 12 s=42     val_MSE=0.01663 AU= 10 ep=133 累計 15分
  [ 27/60] b=0.5 m= 12 s=123    val_MSE=0.01737 AU=  9 ep=133 累計 15分
  [ 28/60] b=0.5 m= 12 s=777    val_MSE=0.01769 AU=  9 ep=100 累計 16分
  [ 29/60] b=0.5 m= 12 s=2024   val_MSE=0.01762 AU=  9 ep=117 累計 17分
  [ 30/60] b=0.5 m= 12 s=31337  val_MSE=0.01732 AU=  9 ep=116 累計 17分
  [ 31/60] b=0.5 m= 16 s=42     val_MSE=0.01879 AU=  8 ep=134 累計 18分
  [ 32/60] b=0.5 m= 16 s=123    val_MSE=0.01781 AU=  9 ep=125 累計 19分
  [ 33/60] b=0.5 m= 16 s=777    val_MSE=0.01797 AU=  9 ep= 92 累計 20分
  [ 34/60] b=0.5 m= 16 s=2024   val_MSE=0.01746 AU=  9 ep=155 累計 20分
  [ 35/60] b=0.5 m= 16 s=31337  val_MSE=0.01847 AU=  8 ep=159 累計 21分
  [ 36/60] b=0.5 m= 20 s=42     val_MSE=0.01731 AU=  9 ep=143 累計 22分
  [ 37/60] b=0.5 m= 20 s=123    val_MSE=0.01809 AU=  9 ep= 86 累計 23分
  [ 38/60] b=0.5 m= 20 s=777    val_MSE=0.01895 AU=  8 ep=116 累計 23分
  [ 39/60] b=0.5 m= 20 s=2024   val_MSE=0.01937 AU=  8 ep=113 累計 24分
  [ 40/60] b=0.5 m= 20 s=31337  val_MSE=0.01745 AU=  9 ep=154 累計 25分
  [ 41/60] b=0.5 m= 24 s=42     val_MSE=0.01910 AU=  8 ep=135 累計 26分
  [ 42/60] b=0.5 m= 24 s=123    val_MSE=0.01782 AU=  9 ep=131 累計 27分
  [ 43/60] b=0.5 m= 24 s=777    val_MSE=0.01766 AU=  9 ep=130 累計 27分
  [ 44/60] b=0.5 m= 24 s=2024   val_MSE=0.01878 AU=  8 ep=116 累計 28分
  [ 45/60] b=0.5 m= 24 s=31337  val_MSE=0.01919 AU=  8 ep=109 累計 29分
  [ 46/60] b=0.5 m= 32 s=42     val_MSE=0.01775 AU=  9 ep=215 累計 30分
  [ 47/60] b=0.5 m= 32 s=123    val_MSE=0.01815 AU=  9 ep=102 累計 31分
  [ 48/60] b=0.5 m= 32 s=777    val_MSE=0.01795 AU=  9 ep=157 累計 32分
  [ 49/60] b=0.5 m= 32 s=2024   val_MSE=0.01787 AU=  9 ep=142 累計 32分
  [ 50/60] b=0.5 m= 32 s=31337  val_MSE=0.01832 AU=  9 ep=114 累計 33分
  [ 51/60] b=0.5 m= 48 s=42     val_MSE=0.02038 AU=  8 ep=103 累計 34分
  [ 52/60] b=0.5 m= 48 s=123    val_MSE=0.01907 AU=  8 ep=141 累計 35分
  [ 53/60] b=0.5 m= 48 s=777    val_MSE=0.01919 AU=  8 ep=160 累計 36分
  [ 54/60] b=0.5 m= 48 s=2024   val_MSE=0.01795 AU= 10 ep=121 累計 36分
  [ 55/60] b=0.5 m= 48 s=31337  val_MSE=0.01933 AU=  8 ep=180 累計 38分
  [ 56/60] b=0.5 m= 64 s=42     val_MSE=0.01835 AU=  9 ep=163 累計 39分
  [ 57/60] b=0.5 m= 64 s=123    val_MSE=0.01965 AU=  8 ep=117 累計 40分
  [ 58/60] b=0.5 m= 64 s=777    val_MSE=0.01933 AU=  8 ep=173 累計 41分
  [ 59/60] b=0.5 m= 64 s=2024   val_MSE=0.01929 AU=  8 ep=163 累計 42分
  [ 60/60] b=0.5 m= 64 s=31337  val_MSE=0.01939 AU=  8 ep=218 累計 43分
=== MNIST beta=0.5 完了 43.2 分 ===

=== dSprites  beta=0.5  尤度=bernoulli  グリッド 12 点 × 5 seeds = 60 ラン ===
  [  1/60] b=0.5 m=  2 s=42     val_MSE=0.01089 AU=  2 ep= 81 累計 2分
  [  2/60] b=0.5 m=  2 s=123    val_MSE=0.01106 AU=  2 ep= 76 累計 3分
  [  3/60] b=0.5 m=  2 s=777    val_MSE=0.01045 AU=  2 ep= 93 累計 5分
  [  4/60] b=0.5 m=  2 s=2024   val_MSE=0.01096 AU=  2 ep= 66 累計 6分
  [  5/60] b=0.5 m=  2 s=31337  val_MSE=0.01092 AU=  2 ep= 68 累計 7分
  [  6/60] b=0.5 m=  4 s=42     val_MSE=0.00633 AU=  4 ep=110 累計 9分
  [  7/60] b=0.5 m=  4 s=123    val_MSE=0.00634 AU=  4 ep=107 累計 11分
  [  8/60] b=0.5 m=  4 s=777    val_MSE=0.00634 AU=  4 ep= 96 累計 13分
  [  9/60] b=0.5 m=  4 s=2024   val_MSE=0.00640 AU=  4 ep=101 累計 15分
  [ 10/60] b=0.5 m=  4 s=31337  val_MSE=0.00635 AU=  4 ep= 99 累計 17分
  [ 11/60] b=0.5 m=  6 s=42     val_MSE=0.00248 AU=  6 ep=174 累計 20分
  [ 12/60] b=0.5 m=  6 s=123    val_MSE=0.00276 AU=  6 ep=149 累計 23分
  [ 13/60] b=0.5 m=  6 s=777    val_MSE=0.00294 AU=  6 ep=172 累計 26分
  [ 14/60] b=0.5 m=  6 s=2024   val_MSE=0.00287 AU=  6 ep=142 累計 28分
  [ 15/60] b=0.5 m=  6 s=31337  val_MSE=0.00288 AU=  6 ep=134 累計 31分
  [ 16/60] b=0.5 m=  8 s=42     val_MSE=0.00190 AU=  8 ep=140 累計 33分
  [ 17/60] b=0.5 m=  8 s=123    val_MSE=0.00199 AU=  8 ep=159 累計 36分
  [ 18/60] b=0.5 m=  8 s=777    val_MSE=0.00188 AU=  8 ep=143 累計 39分
  [ 19/60] b=0.5 m=  8 s=2024   val_MSE=0.00182 AU=  8 ep=155 累計 42分
  [ 20/60] b=0.5 m=  8 s=31337  val_MSE=0.00173 AU=  8 ep=148 累計 44分
  [ 21/60] b=0.5 m= 10 s=42     val_MSE=0.00156 AU= 10 ep=163 累計 47分
  [ 22/60] b=0.5 m= 10 s=123    val_MSE=0.00134 AU= 10 ep=162 累計 50分
  [ 23/60] b=0.5 m= 10 s=777    val_MSE=0.00151 AU= 10 ep=211 累計 54分
  [ 24/60] b=0.5 m= 10 s=2024   val_MSE=0.00157 AU= 10 ep=146 累計 57分
  [ 25/60] b=0.5 m= 10 s=31337  val_MSE=0.00161 AU= 10 ep=164 累計 60分
  [ 26/60] b=0.5 m= 12 s=42     val_MSE=0.00139 AU= 12 ep=135 累計 63分
  [ 27/60] b=0.5 m= 12 s=123    val_MSE=0.00141 AU= 12 ep=119 累計 65分
  [ 28/60] b=0.5 m= 12 s=777    val_MSE=0.00132 AU= 12 ep=117 累計 67分
  [ 29/60] b=0.5 m= 12 s=2024   val_MSE=0.00127 AU= 12 ep=145 累計 70分
  [ 30/60] b=0.5 m= 12 s=31337  val_MSE=0.00133 AU= 12 ep=157 累計 73分
  [ 31/60] b=0.5 m= 16 s=42     val_MSE=0.00114 AU= 15 ep=175 累計 76分
  [ 32/60] b=0.5 m= 16 s=123    val_MSE=0.00122 AU= 16 ep=164 累計 79分
  [ 33/60] b=0.5 m= 16 s=777    val_MSE=0.00122 AU= 16 ep=172 累計 82分
  [ 34/60] b=0.5 m= 16 s=2024   val_MSE=0.00112 AU= 16 ep=182 累計 85分
  [ 35/60] b=0.5 m= 16 s=31337  val_MSE=0.00133 AU= 16 ep=202 累計 89分
  [ 36/60] b=0.5 m= 20 s=42     val_MSE=0.00123 AU= 18 ep=141 累計 92分
  [ 37/60] b=0.5 m= 20 s=123    val_MSE=0.00114 AU= 17 ep=190 累計 95分
  [ 38/60] b=0.5 m= 20 s=777    val_MSE=0.00116 AU= 16 ep=175 累計 98分
  [ 39/60] b=0.5 m= 20 s=2024   val_MSE=0.00115 AU= 19 ep=202 累計 102分
  [ 40/60] b=0.5 m= 20 s=31337  val_MSE=0.00125 AU= 16 ep=208 累計 106分
  [ 41/60] b=0.5 m= 24 s=42     val_MSE=0.00117 AU= 20 ep=222 累計 110分
  [ 42/60] b=0.5 m= 24 s=123    val_MSE=0.00120 AU= 17 ep=212 累計 114分
  [ 43/60] b=0.5 m= 24 s=777    val_MSE=0.00127 AU= 18 ep=175 累計 117分
  [ 44/60] b=0.5 m= 24 s=2024   val_MSE=0.00114 AU= 21 ep=146 累計 120分
  [ 45/60] b=0.5 m= 24 s=31337  val_MSE=0.00108 AU= 18 ep=182 累計 123分
  [ 46/60] b=0.5 m= 32 s=42     val_MSE=0.00111 AU= 20 ep=211 累計 127分
  [ 47/60] b=0.5 m= 32 s=123    val_MSE=0.00108 AU= 14 ep=179 累計 131分
  [ 48/60] b=0.5 m= 32 s=777    val_MSE=0.00110 AU= 18 ep=169 累計 134分
  [ 49/60] b=0.5 m= 32 s=2024   val_MSE=0.00114 AU= 20 ep=167 累計 137分
  [ 50/60] b=0.5 m= 32 s=31337  val_MSE=0.00118 AU= 21 ep=231 累計 141分
  [ 51/60] b=0.5 m= 48 s=42     val_MSE=0.00113 AU= 18 ep=164 累計 144分
  [ 52/60] b=0.5 m= 48 s=123    val_MSE=0.00107 AU= 21 ep=281 累計 150分
  [ 53/60] b=0.5 m= 48 s=777    val_MSE=0.00108 AU= 21 ep=194 累計 153分
  [ 54/60] b=0.5 m= 48 s=2024   val_MSE=0.00115 AU= 19 ep=227 累計 158分
  [ 55/60] b=0.5 m= 48 s=31337  val_MSE=0.00114 AU= 22 ep=204 累計 162分
  [ 56/60] b=0.5 m= 64 s=42     val_MSE=0.00102 AU= 20 ep=213 累計 166分
  [ 57/60] b=0.5 m= 64 s=123    val_MSE=0.00102 AU= 22 ep=234 累計 170分
  [ 58/60] b=0.5 m= 64 s=777    val_MSE=0.00105 AU= 20 ep=206 累計 175分
  [ 59/60] b=0.5 m= 64 s=2024   val_MSE=0.00109 AU= 19 ep=220 累計 179分
  [ 60/60] b=0.5 m= 64 s=31337  val_MSE=0.00102 AU= 14 ep=192 累計 183分
=== dSprites beta=0.5 完了 182.6 分 ===

=== CIFAR10  beta=0.5  尤度=gaussian  グリッド 10 点 × 5 seeds = 50 ラン ===
  [  1/50] b=0.5 m=  8 s=42     val_MSE=0.02246 AU=  8 ep= 53 累計 0分
  [  2/50] b=0.5 m=  8 s=123    val_MSE=0.02230 AU=  8 ep= 62 累計 1分
  [  3/50] b=0.5 m=  8 s=777    val_MSE=0.02235 AU=  8 ep= 56 累計 2分
  [  4/50] b=0.5 m=  8 s=2024   val_MSE=0.02237 AU=  8 ep= 53 累計 2分
  [  5/50] b=0.5 m=  8 s=31337  val_MSE=0.02232 AU=  8 ep= 63 累計 3分
  [  6/50] b=0.5 m= 16 s=42     val_MSE=0.01670 AU= 16 ep= 69 累計 3分
  [  7/50] b=0.5 m= 16 s=123    val_MSE=0.01675 AU= 16 ep= 58 累計 4分
  [  8/50] b=0.5 m= 16 s=777    val_MSE=0.01673 AU= 16 ep= 55 累計 4分
  [  9/50] b=0.5 m= 16 s=2024   val_MSE=0.01673 AU= 16 ep= 52 累計 5分
  [ 10/50] b=0.5 m= 16 s=31337  val_MSE=0.01684 AU= 16 ep= 53 累計 5分
  [ 11/50] b=0.5 m= 24 s=42     val_MSE=0.01404 AU= 24 ep= 67 累計 6分
  [ 12/50] b=0.5 m= 24 s=123    val_MSE=0.01408 AU= 24 ep= 86 累計 6分
  [ 13/50] b=0.5 m= 24 s=777    val_MSE=0.01421 AU= 24 ep= 53 累計 7分
  [ 14/50] b=0.5 m= 24 s=2024   val_MSE=0.01424 AU= 24 ep= 55 累計 7分
  [ 15/50] b=0.5 m= 24 s=31337  val_MSE=0.01433 AU= 24 ep= 56 累計 8分
  [ 16/50] b=0.5 m= 32 s=42     val_MSE=0.01243 AU= 32 ep= 63 累計 8分
  [ 17/50] b=0.5 m= 32 s=123    val_MSE=0.01275 AU= 31 ep= 53 累計 9分
  [ 18/50] b=0.5 m= 32 s=777    val_MSE=0.01275 AU= 32 ep= 53 累計 9分
  [ 19/50] b=0.5 m= 32 s=2024   val_MSE=0.01242 AU= 32 ep= 77 累計 10分
  [ 20/50] b=0.5 m= 32 s=31337  val_MSE=0.01247 AU= 32 ep= 88 累計 11分
  [ 21/50] b=0.5 m= 48 s=42     val_MSE=0.01160 AU= 48 ep= 64 累計 11分
  [ 22/50] b=0.5 m= 48 s=123    val_MSE=0.01187 AU= 48 ep= 59 累計 12分
  [ 23/50] b=0.5 m= 48 s=777    val_MSE=0.01171 AU= 48 ep= 53 累計 13分
  [ 24/50] b=0.5 m= 48 s=2024   val_MSE=0.01114 AU= 48 ep= 94 累計 13分
  [ 25/50] b=0.5 m= 48 s=31337  val_MSE=0.01197 AU= 48 ep= 52 累計 14分
  [ 26/50] b=0.5 m= 64 s=42     val_MSE=0.01113 AU= 64 ep= 93 累計 15分
  [ 27/50] b=0.5 m= 64 s=123    val_MSE=0.01104 AU= 63 ep= 76 累計 16分
  [ 28/50] b=0.5 m= 64 s=777    val_MSE=0.01165 AU= 62 ep= 56 累計 17分
  [ 29/50] b=0.5 m= 64 s=2024   val_MSE=0.01107 AU= 63 ep= 72 累計 18分
  [ 30/50] b=0.5 m= 64 s=31337  val_MSE=0.01096 AU= 62 ep= 83 累計 19分
  [ 31/50] b=0.5 m= 96 s=42     val_MSE=0.01131 AU= 90 ep= 63 累計 20分
  [ 32/50] b=0.5 m= 96 s=123    val_MSE=0.01183 AU= 91 ep= 49 累計 20分
  [ 33/50] b=0.5 m= 96 s=777    val_MSE=0.01219 AU= 92 ep= 49 累計 21分
  [ 34/50] b=0.5 m= 96 s=2024   val_MSE=0.01134 AU= 89 ep= 63 累計 22分
  [ 35/50] b=0.5 m= 96 s=31337  val_MSE=0.01134 AU= 90 ep= 63 累計 23分
  [ 36/50] b=0.5 m=128 s=42     val_MSE=0.01103 AU=121 ep= 83 累計 24分
  [ 37/50] b=0.5 m=128 s=123    val_MSE=0.01125 AU=120 ep= 88 累計 25分
  [ 38/50] b=0.5 m=128 s=777    val_MSE=0.01086 AU=124 ep= 81 累計 27分
  [ 39/50] b=0.5 m=128 s=2024   val_MSE=0.01126 AU=126 ep= 68 累計 28分
  [ 40/50] b=0.5 m=128 s=31337  val_MSE=0.01109 AU=122 ep= 73 累計 29分
  [ 41/50] b=0.5 m=192 s=42     val_MSE=0.01146 AU=182 ep= 62 累計 30分
  [ 42/50] b=0.5 m=192 s=123    val_MSE=0.01095 AU=180 ep= 93 累計 31分
  [ 43/50] b=0.5 m=192 s=777    val_MSE=0.01106 AU=178 ep= 73 累計 32分
  [ 44/50] b=0.5 m=192 s=2024   val_MSE=0.01144 AU=183 ep= 61 累計 33分
  [ 45/50] b=0.5 m=192 s=31337  val_MSE=0.01099 AU=187 ep= 88 累計 35分
  [ 46/50] b=0.5 m=256 s=42     val_MSE=0.01125 AU=241 ep= 66 累計 36分
  [ 47/50] b=0.5 m=256 s=123    val_MSE=0.01144 AU=242 ep= 70 累計 37分
  [ 48/50] b=0.5 m=256 s=777    val_MSE=0.01110 AU=240 ep= 78 累計 38分
  [ 49/50] b=0.5 m=256 s=2024   val_MSE=0.01101 AU=241 ep= 94 累計 40分
  [ 50/50] b=0.5 m=256 s=31337  val_MSE=0.01094 AU=245 ep= 85 累計 41分
=== CIFAR10 beta=0.5 完了 41.2 分 ===

=== FashionMNIST  beta=0.5  尤度=gaussian  グリッド 12 点 × 5 seeds = 60 ラン ===
  [  1/60] b=0.5 m=  2 s=42     val_MSE=0.02559 AU=  2 ep=132 累計 1分
  [  2/60] b=0.5 m=  2 s=123    val_MSE=0.02581 AU=  2 ep= 92 累計 1分
  [  3/60] b=0.5 m=  2 s=777    val_MSE=0.02505 AU=  2 ep=186 累計 2分
  [  4/60] b=0.5 m=  2 s=2024   val_MSE=0.02568 AU=  2 ep= 89 累計 3分
  [  5/60] b=0.5 m=  2 s=31337  val_MSE=0.02528 AU=  2 ep=174 累計 4分
  [  6/60] b=0.5 m=  4 s=42     val_MSE=0.01889 AU=  4 ep= 99 累計 4分
  [  7/60] b=0.5 m=  4 s=123    val_MSE=0.01898 AU=  4 ep=106 累計 5分
  [  8/60] b=0.5 m=  4 s=777    val_MSE=0.01944 AU=  4 ep= 67 累計 5分
  [  9/60] b=0.5 m=  4 s=2024   val_MSE=0.01952 AU=  4 ep= 68 累計 5分
  [ 10/60] b=0.5 m=  4 s=31337  val_MSE=0.01875 AU=  4 ep=117 累計 6分
  [ 11/60] b=0.5 m=  6 s=42     val_MSE=0.01647 AU=  6 ep=106 累計 7分
  [ 12/60] b=0.5 m=  6 s=123    val_MSE=0.01896 AU=  4 ep= 99 累計 7分
  [ 13/60] b=0.5 m=  6 s=777    val_MSE=0.01911 AU=  4 ep= 80 累計 8分
  [ 14/60] b=0.5 m=  6 s=2024   val_MSE=0.01739 AU=  5 ep=117 累計 8分
  [ 15/60] b=0.5 m=  6 s=31337  val_MSE=0.01701 AU=  6 ep= 75 累計 9分
  [ 16/60] b=0.5 m=  8 s=42     val_MSE=0.01703 AU=  5 ep=140 累計 10分
  [ 17/60] b=0.5 m=  8 s=123    val_MSE=0.01640 AU=  6 ep=100 累計 10分
  [ 18/60] b=0.5 m=  8 s=777    val_MSE=0.01650 AU=  6 ep= 91 累計 11分
  [ 19/60] b=0.5 m=  8 s=2024   val_MSE=0.01734 AU=  5 ep=108 累計 12分
  [ 20/60] b=0.5 m=  8 s=31337  val_MSE=0.01623 AU=  6 ep=113 累計 12分
  [ 21/60] b=0.5 m= 10 s=42     val_MSE=0.01749 AU=  5 ep=127 累計 13分
  [ 22/60] b=0.5 m= 10 s=123    val_MSE=0.01627 AU=  6 ep=115 累計 14分
  [ 23/60] b=0.5 m= 10 s=777    val_MSE=0.01656 AU=  6 ep=140 累計 15分
  [ 24/60] b=0.5 m= 10 s=2024   val_MSE=0.01644 AU=  6 ep= 97 累計 15分
  [ 25/60] b=0.5 m= 10 s=31337  val_MSE=0.01710 AU=  5 ep=161 累計 16分
  [ 26/60] b=0.5 m= 12 s=42     val_MSE=0.01641 AU=  6 ep=138 累計 17分
  [ 27/60] b=0.5 m= 12 s=123    val_MSE=0.01647 AU=  6 ep=111 累計 18分
  [ 28/60] b=0.5 m= 12 s=777    val_MSE=0.01696 AU=  6 ep=105 累計 18分
  [ 29/60] b=0.5 m= 12 s=2024   val_MSE=0.01696 AU=  5 ep=152 累計 19分
  [ 30/60] b=0.5 m= 12 s=31337  val_MSE=0.01737 AU=  5 ep=106 累計 20分
  [ 31/60] b=0.5 m= 16 s=42     val_MSE=0.01734 AU=  5 ep=133 累計 21分
  [ 32/60] b=0.5 m= 16 s=123    val_MSE=0.01630 AU=  6 ep=138 累計 22分
  [ 33/60] b=0.5 m= 16 s=777    val_MSE=0.01632 AU=  6 ep=123 累計 22分
  [ 34/60] b=0.5 m= 16 s=2024   val_MSE=0.01636 AU=  6 ep=117 累計 23分
  [ 35/60] b=0.5 m= 16 s=31337  val_MSE=0.01665 AU=  6 ep=118 累計 24分
  [ 36/60] b=0.5 m= 20 s=42     val_MSE=0.01664 AU=  6 ep= 87 累計 25分
  [ 37/60] b=0.5 m= 20 s=123    val_MSE=0.01765 AU=  6 ep= 82 累計 25分
  [ 38/60] b=0.5 m= 20 s=777    val_MSE=0.01645 AU=  6 ep=126 累計 26分
  [ 39/60] b=0.5 m= 20 s=2024   val_MSE=0.01731 AU=  5 ep=115 累計 27分
  [ 40/60] b=0.5 m= 20 s=31337  val_MSE=0.01625 AU=  6 ep=156 累計 28分
  [ 41/60] b=0.5 m= 24 s=42     val_MSE=0.01749 AU=  5 ep=115 累計 28分
  [ 42/60] b=0.5 m= 24 s=123    val_MSE=0.01646 AU=  6 ep=121 累計 29分
  [ 43/60] b=0.5 m= 24 s=777    val_MSE=0.01755 AU=  5 ep=109 累計 30分
  [ 44/60] b=0.5 m= 24 s=2024   val_MSE=0.01696 AU=  6 ep= 88 累計 31分
  [ 45/60] b=0.5 m= 24 s=31337  val_MSE=0.01620 AU=  6 ep=134 累計 31分
  [ 46/60] b=0.5 m= 32 s=42     val_MSE=0.01682 AU=  6 ep=119 累計 32分
  [ 47/60] b=0.5 m= 32 s=123    val_MSE=0.01734 AU=  5 ep=106 累計 33分
  [ 48/60] b=0.5 m= 32 s=777    val_MSE=0.01687 AU=  6 ep=107 累計 34分
  [ 49/60] b=0.5 m= 32 s=2024   val_MSE=0.01740 AU=  6 ep= 98 累計 35分
  [ 50/60] b=0.5 m= 32 s=31337  val_MSE=0.01701 AU=  6 ep=117 累計 35分
  [ 51/60] b=0.5 m= 48 s=42     val_MSE=0.01715 AU=  5 ep=198 累計 37分
  [ 52/60] b=0.5 m= 48 s=123    val_MSE=0.01735 AU=  6 ep= 78 累計 37分
  [ 53/60] b=0.5 m= 48 s=777    val_MSE=0.01759 AU=  5 ep=110 累計 38分
  [ 54/60] b=0.5 m= 48 s=2024   val_MSE=0.01734 AU=  5 ep=161 累計 39分
  [ 55/60] b=0.5 m= 48 s=31337  val_MSE=0.01633 AU=  6 ep=167 累計 40分
  [ 56/60] b=0.5 m= 64 s=42     val_MSE=0.01815 AU=  5 ep= 90 累計 41分
  [ 57/60] b=0.5 m= 64 s=123    val_MSE=0.01732 AU=  6 ep=113 累計 42分
  [ 58/60] b=0.5 m= 64 s=777    val_MSE=0.01759 AU=  5 ep=105 累計 43分
  [ 59/60] b=0.5 m= 64 s=2024   val_MSE=0.01675 AU=  6 ep=108 累計 44分
  [ 60/60] b=0.5 m= 64 s=31337  val_MSE=0.01724 AU=  6 ep=110 累計 45分
=== FashionMNIST beta=0.5 完了 45.4 分 ===

########## beta = 2.0 ##########

=== MNIST  beta=2.0  尤度=gaussian  グリッド 12 点 × 5 seeds = 60 ラン ===
  [  1/60] b=2 m=  2 s=42     val_MSE=0.03675 AU=  2 ep=175 累計 1分
  [  2/60] b=2 m=  2 s=123    val_MSE=0.03715 AU=  2 ep=209 累計 2分
  [  3/60] b=2 m=  2 s=777    val_MSE=0.03751 AU=  2 ep=172 累計 3分
  [  4/60] b=2 m=  2 s=2024   val_MSE=0.03777 AU=  2 ep=124 累計 4分
  [  5/60] b=2 m=  2 s=31337  val_MSE=0.03750 AU=  2 ep=207 累計 5分
  [  6/60] b=2 m=  4 s=42     val_MSE=0.02888 AU=  4 ep=198 累計 6分
  [  7/60] b=2 m=  4 s=123    val_MSE=0.02926 AU=  4 ep=106 累計 6分
  [  8/60] b=2 m=  4 s=777    val_MSE=0.02845 AU=  4 ep=192 累計 7分
  [  9/60] b=2 m=  4 s=2024   val_MSE=0.02842 AU=  4 ep=212 累計 9分
  [ 10/60] b=2 m=  4 s=31337  val_MSE=0.02975 AU=  4 ep=172 累計 10分
  [ 11/60] b=2 m=  6 s=42     val_MSE=0.02579 AU=  5 ep=253 累計 11分
  [ 12/60] b=2 m=  6 s=123    val_MSE=0.02656 AU=  5 ep=278 累計 12分
  [ 13/60] b=2 m=  6 s=777    val_MSE=0.02680 AU=  5 ep=210 累計 13分
  [ 14/60] b=2 m=  6 s=2024   val_MSE=0.02632 AU=  5 ep=269 累計 15分
  [ 15/60] b=2 m=  6 s=31337  val_MSE=0.02632 AU=  5 ep=180 累計 16分
  [ 16/60] b=2 m=  8 s=42     val_MSE=0.02667 AU=  5 ep=176 累計 17分
  [ 17/60] b=2 m=  8 s=123    val_MSE=0.02499 AU=  6 ep=189 累計 18分
  [ 18/60] b=2 m=  8 s=777    val_MSE=0.02674 AU=  5 ep=171 累計 19分
  [ 19/60] b=2 m=  8 s=2024   val_MSE=0.02713 AU=  5 ep=117 累計 20分
  [ 20/60] b=2 m=  8 s=31337  val_MSE=0.02548 AU=  6 ep=205 累計 21分
  [ 21/60] b=2 m= 10 s=42     val_MSE=0.02653 AU=  5 ep=286 累計 22分
  [ 22/60] b=2 m= 10 s=123    val_MSE=0.02723 AU=  5 ep=129 累計 23分
  [ 23/60] b=2 m= 10 s=777    val_MSE=0.02520 AU=  6 ep=196 累計 24分
  [ 24/60] b=2 m= 10 s=2024   val_MSE=0.02755 AU=  5 ep=125 累計 25分
  [ 25/60] b=2 m= 10 s=31337  val_MSE=0.02661 AU=  5 ep=293 累計 27分
  [ 26/60] b=2 m= 12 s=42     val_MSE=0.02714 AU=  5 ep=220 累計 28分
  [ 27/60] b=2 m= 12 s=123    val_MSE=0.02666 AU=  5 ep=260 累計 29分
  [ 28/60] b=2 m= 12 s=777    val_MSE=0.02682 AU=  5 ep=215 累計 31分
  [ 29/60] b=2 m= 12 s=2024   val_MSE=0.02711 AU=  5 ep=185 累計 32分
  [ 30/60] b=2 m= 12 s=31337  val_MSE=0.02700 AU=  5 ep=203 累計 33分
  [ 31/60] b=2 m= 16 s=42     val_MSE=0.02811 AU=  5 ep=219 累計 34分
  [ 32/60] b=2 m= 16 s=123    val_MSE=0.02992 AU=  4 ep=255 累計 35分
  [ 33/60] b=2 m= 16 s=777    val_MSE=0.02729 AU=  5 ep=246 累計 37分
  [ 34/60] b=2 m= 16 s=2024   val_MSE=0.02758 AU=  5 ep=210 累計 38分
  [ 35/60] b=2 m= 16 s=31337  val_MSE=0.02779 AU=  5 ep=237 累計 39分
  [ 36/60] b=2 m= 20 s=42     val_MSE=0.03026 AU=  4 ep=222 累計 41分
  [ 37/60] b=2 m= 20 s=123    val_MSE=0.02762 AU=  5 ep=254 累計 42分
  [ 38/60] b=2 m= 20 s=777    val_MSE=0.02738 AU=  5 ep=289 累計 44分
  [ 39/60] b=2 m= 20 s=2024   val_MSE=0.02807 AU=  5 ep=273 累計 45分
  [ 40/60] b=2 m= 20 s=31337  val_MSE=0.03032 AU=  4 ep=229 累計 47分
  [ 41/60] b=2 m= 24 s=42     val_MSE=0.02804 AU=  5 ep=300 累計 48分
  [ 42/60] b=2 m= 24 s=123    val_MSE=0.02976 AU=  5 ep=197 累計 49分
  [ 43/60] b=2 m= 24 s=777    val_MSE=0.03068 AU=  4 ep=211 累計 51分
  [ 44/60] b=2 m= 24 s=2024   val_MSE=0.02778 AU=  5 ep=238 累計 52分
  [ 45/60] b=2 m= 24 s=31337  val_MSE=0.02767 AU=  5 ep=297 累計 54分
  [ 46/60] b=2 m= 32 s=42     val_MSE=0.02921 AU=  6 ep=200 累計 55分
  [ 47/60] b=2 m= 32 s=123    val_MSE=0.02788 AU=  6 ep=225 累計 56分
  [ 48/60] b=2 m= 32 s=777    val_MSE=0.03100 AU=  4 ep=231 累計 58分
  [ 49/60] b=2 m= 32 s=2024   val_MSE=0.02861 AU=  5 ep=249 累計 59分
  [ 50/60] b=2 m= 32 s=31337  val_MSE=0.02843 AU=  5 ep=292 累計 61分
  [ 51/60] b=2 m= 48 s=42     val_MSE=0.02890 AU=  5 ep=221 累計 62分
  [ 52/60] b=2 m= 48 s=123    val_MSE=0.03077 AU=  4 ep=292 累計 64分
  [ 53/60] b=2 m= 48 s=777    val_MSE=0.02840 AU=  5 ep=300 累計 66分
  [ 54/60] b=2 m= 48 s=2024   val_MSE=0.02903 AU=  5 ep=300 累計 67分
  [ 55/60] b=2 m= 48 s=31337  val_MSE=0.02921 AU=  5 ep=177 累計 68分
  [ 56/60] b=2 m= 64 s=42     val_MSE=0.02936 AU=  5 ep=236 累計 70分
  [ 57/60] b=2 m= 64 s=123    val_MSE=0.03032 AU=  5 ep=269 累計 72分
  [ 58/60] b=2 m= 64 s=777    val_MSE=0.03085 AU=  4 ep=300 累計 74分
  [ 59/60] b=2 m= 64 s=2024   val_MSE=0.02998 AU=  5 ep=168 累計 75分
  [ 60/60] b=2 m= 64 s=31337  val_MSE=0.02979 AU=  5 ep=237 累計 77分
=== MNIST beta=2.0 完了 76.5 分 ===

=== dSprites  beta=2.0  尤度=bernoulli  グリッド 12 点 × 5 seeds = 60 ラン ===
  [  1/60] b=2 m=  2 s=42     val_MSE=0.01061 AU=  2 ep= 99 累計 2分
  [  2/60] b=2 m=  2 s=123    val_MSE=0.01028 AU=  2 ep=139 累計 4分
  [  3/60] b=2 m=  2 s=777    val_MSE=0.01101 AU=  2 ep= 83 累計 6分
  [  4/60] b=2 m=  2 s=2024   val_MSE=0.01084 AU=  2 ep= 81 累計 8分
  [  5/60] b=2 m=  2 s=31337  val_MSE=0.01122 AU=  2 ep= 75 累計 9分
  [  6/60] b=2 m=  4 s=42     val_MSE=0.00620 AU=  4 ep=148 累計 12分
  [  7/60] b=2 m=  4 s=123    val_MSE=0.00616 AU=  4 ep=157 累計 15分
  [  8/60] b=2 m=  4 s=777    val_MSE=0.00601 AU=  4 ep=143 累計 17分
  [  9/60] b=2 m=  4 s=2024   val_MSE=0.00625 AU=  4 ep=147 累計 20分
  [ 10/60] b=2 m=  4 s=31337  val_MSE=0.00602 AU=  4 ep=128 累計 22分
  [ 11/60] b=2 m=  6 s=42     val_MSE=0.00291 AU=  6 ep=181 累計 26分
  [ 12/60] b=2 m=  6 s=123    val_MSE=0.00243 AU=  6 ep=261 累計 30分
  [ 13/60] b=2 m=  6 s=777    val_MSE=0.00281 AU=  6 ep=223 累計 34分
  [ 14/60] b=2 m=  6 s=2024   val_MSE=0.00301 AU=  6 ep=187 累計 38分
  [ 15/60] b=2 m=  6 s=31337  val_MSE=0.00278 AU=  6 ep=213 累計 42分
  [ 16/60] b=2 m=  8 s=42     val_MSE=0.00200 AU=  8 ep=251 累計 46分
  [ 17/60] b=2 m=  8 s=123    val_MSE=0.00195 AU=  8 ep=288 累計 52分
  [ 18/60] b=2 m=  8 s=777    val_MSE=0.00191 AU=  8 ep=225 累計 56分
  [ 19/60] b=2 m=  8 s=2024   val_MSE=0.00189 AU=  8 ep=248 累計 60分
  [ 20/60] b=2 m=  8 s=31337  val_MSE=0.00181 AU=  8 ep=292 累計 66分
  [ 21/60] b=2 m= 10 s=42     val_MSE=0.00166 AU= 10 ep=276 累計 71分
  [ 22/60] b=2 m= 10 s=123    val_MSE=0.00163 AU= 10 ep=213 累計 75分
  [ 23/60] b=2 m= 10 s=777    val_MSE=0.00165 AU= 10 ep=300 累計 80分
  [ 24/60] b=2 m= 10 s=2024   val_MSE=0.00164 AU= 10 ep=285 累計 85分
  [ 25/60] b=2 m= 10 s=31337  val_MSE=0.00166 AU= 10 ep=244 累計 90分
  [ 26/60] b=2 m= 12 s=42     val_MSE=0.00170 AU= 12 ep=268 累計 95分
  [ 27/60] b=2 m= 12 s=123    val_MSE=0.00155 AU= 12 ep=274 累計 100分
  [ 28/60] b=2 m= 12 s=777    val_MSE=0.00156 AU= 12 ep=300 累計 105分
  [ 29/60] b=2 m= 12 s=2024   val_MSE=0.00154 AU= 11 ep=266 累計 110分
  [ 30/60] b=2 m= 12 s=31337  val_MSE=0.00163 AU= 12 ep=295 累計 116分
  [ 31/60] b=2 m= 16 s=42     val_MSE=0.00164 AU= 12 ep=265 累計 121分
  [ 32/60] b=2 m= 16 s=123    val_MSE=0.00157 AU= 13 ep=247 累計 125分
  [ 33/60] b=2 m= 16 s=777    val_MSE=0.00158 AU= 13 ep=300 累計 131分
  [ 34/60] b=2 m= 16 s=2024   val_MSE=0.00150 AU= 14 ep=225 累計 135分
  [ 35/60] b=2 m= 16 s=31337  val_MSE=0.00158 AU= 13 ep=262 累計 140分
  [ 36/60] b=2 m= 20 s=42     val_MSE=0.00149 AU= 16 ep=274 累計 145分
  [ 37/60] b=2 m= 20 s=123    val_MSE=0.00148 AU= 13 ep=300 累計 150分
  [ 38/60] b=2 m= 20 s=777    val_MSE=0.00154 AU= 14 ep=290 累計 156分
  [ 39/60] b=2 m= 20 s=2024   val_MSE=0.00150 AU= 12 ep=239 累計 160分
  [ 40/60] b=2 m= 20 s=31337  val_MSE=0.00153 AU= 14 ep=292 累計 165分
  [ 41/60] b=2 m= 24 s=42     val_MSE=0.00148 AU= 13 ep=300 累計 171分
  [ 42/60] b=2 m= 24 s=123    val_MSE=0.00151 AU= 14 ep=300 累計 177分
  [ 43/60] b=2 m= 24 s=777    val_MSE=0.00157 AU= 14 ep=262 累計 181分
  [ 44/60] b=2 m= 24 s=2024   val_MSE=0.00151 AU= 12 ep=244 累計 186分
  [ 45/60] b=2 m= 24 s=31337  val_MSE=0.00153 AU= 13 ep=295 累計 191分
  [ 46/60] b=2 m= 32 s=42     val_MSE=0.00144 AU= 13 ep=300 累計 197分
  [ 47/60] b=2 m= 32 s=123    val_MSE=0.00151 AU= 14 ep=300 累計 203分
  [ 48/60] b=2 m= 32 s=777    val_MSE=0.00145 AU= 13 ep=193 累計 206分
  [ 49/60] b=2 m= 32 s=2024   val_MSE=0.00145 AU= 13 ep=246 累計 211分
  [ 50/60] b=2 m= 32 s=31337  val_MSE=0.00161 AU= 16 ep=252 累計 215分
  [ 51/60] b=2 m= 48 s=42     val_MSE=0.00143 AU= 15 ep=266 累計 220分
  [ 52/60] b=2 m= 48 s=123    val_MSE=0.00149 AU= 13 ep=297 累計 226分
  [ 53/60] b=2 m= 48 s=777    val_MSE=0.00149 AU= 14 ep=254 累計 231分
  [ 54/60] b=2 m= 48 s=2024   val_MSE=0.03759 AU=  0 ep=234 累計 235分
  [ 55/60] b=2 m= 48 s=31337  val_MSE=0.00150 AU= 14 ep=300 累計 241分
  [ 56/60] b=2 m= 64 s=42     val_MSE=0.00144 AU= 14 ep=300 累計 247分
  [ 57/60] b=2 m= 64 s=123    val_MSE=0.00150 AU= 14 ep=268 累計 252分
  [ 58/60] b=2 m= 64 s=777    val_MSE=0.00147 AU= 13 ep=247 累計 257分
  [ 59/60] b=2 m= 64 s=2024   val_MSE=0.00146 AU= 14 ep=300 累計 263分
  [ 60/60] b=2 m= 64 s=31337  val_MSE=0.00140 AU= 13 ep=300 累計 268分
=== dSprites beta=2.0 完了 268.4 分 ===

=== CIFAR10  beta=2.0  尤度=gaussian  グリッド 10 点 × 5 seeds = 50 ラン ===
  [  1/50] b=2 m=  8 s=42     val_MSE=0.02267 AU=  8 ep= 84 累計 1分
  [  2/50] b=2 m=  8 s=123    val_MSE=0.02281 AU=  8 ep= 66 累計 1分
  [  3/50] b=2 m=  8 s=777    val_MSE=0.02258 AU=  8 ep= 75 累計 2分
  [  4/50] b=2 m=  8 s=2024   val_MSE=0.02263 AU=  8 ep= 75 累計 3分
  [  5/50] b=2 m=  8 s=31337  val_MSE=0.02273 AU=  8 ep= 95 累計 3分
  [  6/50] b=2 m= 16 s=42     val_MSE=0.01824 AU= 16 ep= 92 累計 4分
  [  7/50] b=2 m= 16 s=123    val_MSE=0.01837 AU= 16 ep= 77 累計 5分
  [  8/50] b=2 m= 16 s=777    val_MSE=0.01845 AU= 16 ep= 57 累計 5分
  [  9/50] b=2 m= 16 s=2024   val_MSE=0.01830 AU= 16 ep= 84 累計 6分
  [ 10/50] b=2 m= 16 s=31337  val_MSE=0.01826 AU= 16 ep= 75 累計 7分
  [ 11/50] b=2 m= 24 s=42     val_MSE=0.01756 AU= 22 ep= 93 累計 8分
  [ 12/50] b=2 m= 24 s=123    val_MSE=0.01775 AU= 24 ep= 64 累計 8分
  [ 13/50] b=2 m= 24 s=777    val_MSE=0.01757 AU= 22 ep=111 累計 9分
  [ 14/50] b=2 m= 24 s=2024   val_MSE=0.01757 AU= 22 ep=131 累計 10分
  [ 15/50] b=2 m= 24 s=31337  val_MSE=0.01780 AU= 23 ep= 70 累計 11分
  [ 16/50] b=2 m= 32 s=42     val_MSE=0.01740 AU= 22 ep=127 累計 12分
  [ 17/50] b=2 m= 32 s=123    val_MSE=0.01757 AU= 24 ep=113 累計 13分
  [ 18/50] b=2 m= 32 s=777    val_MSE=0.01784 AU= 27 ep= 67 累計 14分
  [ 19/50] b=2 m= 32 s=2024   val_MSE=0.01766 AU= 29 ep= 92 累計 15分
  [ 20/50] b=2 m= 32 s=31337  val_MSE=0.01761 AU= 26 ep=108 累計 16分
  [ 21/50] b=2 m= 48 s=42     val_MSE=0.01770 AU= 34 ep= 72 累計 17分
  [ 22/50] b=2 m= 48 s=123    val_MSE=0.01753 AU= 35 ep= 92 累計 18分
  [ 23/50] b=2 m= 48 s=777    val_MSE=0.01763 AU= 36 ep= 80 累計 19分
  [ 24/50] b=2 m= 48 s=2024   val_MSE=0.01763 AU= 32 ep= 96 累計 20分
  [ 25/50] b=2 m= 48 s=31337  val_MSE=0.01775 AU= 32 ep= 83 累計 20分
  [ 26/50] b=2 m= 64 s=42     val_MSE=0.01751 AU= 37 ep=105 累計 22分
  [ 27/50] b=2 m= 64 s=123    val_MSE=0.01769 AU= 41 ep= 82 累計 23分
  [ 28/50] b=2 m= 64 s=777    val_MSE=0.01801 AU= 41 ep= 63 累計 24分
  [ 29/50] b=2 m= 64 s=2024   val_MSE=0.01767 AU= 43 ep= 59 累計 24分
  [ 30/50] b=2 m= 64 s=31337  val_MSE=0.01745 AU= 39 ep= 85 累計 26分
  [ 31/50] b=2 m= 96 s=42     val_MSE=0.01770 AU= 43 ep=101 累計 27分
  [ 32/50] b=2 m= 96 s=123    val_MSE=0.01756 AU= 42 ep=114 累計 28分
  [ 33/50] b=2 m= 96 s=777    val_MSE=0.01789 AU= 47 ep= 81 累計 29分
  [ 34/50] b=2 m= 96 s=2024   val_MSE=0.01757 AU= 46 ep=114 累計 31分
  [ 35/50] b=2 m= 96 s=31337  val_MSE=0.01794 AU= 59 ep= 73 累計 32分
  [ 36/50] b=2 m=128 s=42     val_MSE=0.01773 AU= 70 ep=108 累計 33分
  [ 37/50] b=2 m=128 s=123    val_MSE=0.01751 AU= 47 ep=106 累計 35分
  [ 38/50] b=2 m=128 s=777    val_MSE=0.01780 AU= 40 ep=100 累計 36分
  [ 39/50] b=2 m=128 s=2024   val_MSE=0.01773 AU= 37 ep= 97 累計 37分
  [ 40/50] b=2 m=128 s=31337  val_MSE=0.01781 AU= 40 ep= 97 累計 39分
  [ 41/50] b=2 m=192 s=42     val_MSE=0.01782 AU= 44 ep=105 累計 40分
  [ 42/50] b=2 m=192 s=123    val_MSE=0.01748 AU= 30 ep=171 累計 42分
  [ 43/50] b=2 m=192 s=777    val_MSE=0.01755 AU= 38 ep=146 累計 44分
  [ 44/50] b=2 m=192 s=2024   val_MSE=0.01777 AU= 53 ep=128 累計 46分
  [ 45/50] b=2 m=192 s=31337  val_MSE=0.01785 AU= 24 ep=202 累計 48分
  [ 46/50] b=2 m=256 s=42     val_MSE=0.01786 AU= 67 ep= 81 累計 49分
  [ 47/50] b=2 m=256 s=123    val_MSE=0.01770 AU= 28 ep=142 累計 51分
  [ 48/50] b=2 m=256 s=777    val_MSE=0.01760 AU= 25 ep=169 累計 53分
  [ 49/50] b=2 m=256 s=2024   val_MSE=0.01763 AU= 35 ep=114 累計 55分
  [ 50/50] b=2 m=256 s=31337  val_MSE=0.01824 AU= 85 ep= 77 累計 56分
=== CIFAR10 beta=2.0 完了 56.4 分 ===

=== FashionMNIST  beta=2.0  尤度=gaussian  グリッド 12 点 × 5 seeds = 60 ラン ===
  [  1/60] b=2 m=  2 s=42     val_MSE=0.02611 AU=  2 ep=197 累計 1分
  [  2/60] b=2 m=  2 s=123    val_MSE=0.02664 AU=  2 ep=122 累計 2分
  [  3/60] b=2 m=  2 s=777    val_MSE=0.02628 AU=  2 ep=181 累計 3分
  [  4/60] b=2 m=  2 s=2024   val_MSE=0.02592 AU=  2 ep=212 累計 4分
  [  5/60] b=2 m=  2 s=31337  val_MSE=0.02627 AU=  2 ep=156 累計 5分
  [  6/60] b=2 m=  4 s=42     val_MSE=0.02200 AU=  3 ep=148 累計 5分
  [  7/60] b=2 m=  4 s=123    val_MSE=0.02246 AU=  3 ep=127 累計 6分
  [  8/60] b=2 m=  4 s=777    val_MSE=0.02220 AU=  3 ep=128 累計 7分
  [  9/60] b=2 m=  4 s=2024   val_MSE=0.02165 AU=  4 ep=179 累計 8分
  [ 10/60] b=2 m=  4 s=31337  val_MSE=0.02236 AU=  3 ep=148 累計 9分
  [ 11/60] b=2 m=  6 s=42     val_MSE=0.02126 AU=  5 ep=136 累計 9分
  [ 12/60] b=2 m=  6 s=123    val_MSE=0.02164 AU=  4 ep= 95 累計 10分
  [ 13/60] b=2 m=  6 s=777    val_MSE=0.02097 AU=  4 ep=157 累計 11分
  [ 14/60] b=2 m=  6 s=2024   val_MSE=0.02193 AU=  3 ep=165 累計 12分
  [ 15/60] b=2 m=  6 s=31337  val_MSE=0.02089 AU=  4 ep=202 累計 13分
  [ 16/60] b=2 m=  8 s=42     val_MSE=0.02144 AU=  4 ep=133 累計 14分
  [ 17/60] b=2 m=  8 s=123    val_MSE=0.02228 AU=  3 ep=173 累計 15分
  [ 18/60] b=2 m=  8 s=777    val_MSE=0.02122 AU=  4 ep=144 累計 15分
  [ 19/60] b=2 m=  8 s=2024   val_MSE=0.02130 AU=  4 ep=155 累計 16分
  [ 20/60] b=2 m=  8 s=31337  val_MSE=0.02136 AU=  4 ep=136 累計 17分
  [ 21/60] b=2 m= 10 s=42     val_MSE=0.02123 AU=  4 ep=206 累計 18分
  [ 22/60] b=2 m= 10 s=123    val_MSE=0.02096 AU=  4 ep=149 累計 19分
  [ 23/60] b=2 m= 10 s=777    val_MSE=0.02147 AU=  4 ep=122 累計 20分
  [ 24/60] b=2 m= 10 s=2024   val_MSE=0.02158 AU=  4 ep=217 累計 21分
  [ 25/60] b=2 m= 10 s=31337  val_MSE=0.02246 AU=  3 ep=139 累計 22分
  [ 26/60] b=2 m= 12 s=42     val_MSE=0.02257 AU=  3 ep=120 累計 23分
  [ 27/60] b=2 m= 12 s=123    val_MSE=0.02102 AU=  4 ep=274 累計 25分
  [ 28/60] b=2 m= 12 s=777    val_MSE=0.02114 AU=  4 ep=196 累計 26分
  [ 29/60] b=2 m= 12 s=2024   val_MSE=0.02131 AU=  4 ep=139 累計 27分
  [ 30/60] b=2 m= 12 s=31337  val_MSE=0.02189 AU=  3 ep=201 累計 28分
  [ 31/60] b=2 m= 16 s=42     val_MSE=0.02143 AU=  4 ep=140 累計 29分
  [ 32/60] b=2 m= 16 s=123    val_MSE=0.02112 AU=  4 ep=211 累計 30分
  [ 33/60] b=2 m= 16 s=777    val_MSE=0.02146 AU=  4 ep=157 累計 31分
  [ 34/60] b=2 m= 16 s=2024   val_MSE=0.02127 AU=  4 ep=259 累計 32分
  [ 35/60] b=2 m= 16 s=31337  val_MSE=0.02250 AU=  3 ep=146 累計 33分
  [ 36/60] b=2 m= 20 s=42     val_MSE=0.02133 AU=  4 ep=177 累計 34分
  [ 37/60] b=2 m= 20 s=123    val_MSE=0.02185 AU=  5 ep=108 累計 35分
  [ 38/60] b=2 m= 20 s=777    val_MSE=0.02139 AU=  4 ep=176 累計 36分
  [ 39/60] b=2 m= 20 s=2024   val_MSE=0.02138 AU=  4 ep=183 累計 37分
  [ 40/60] b=2 m= 20 s=31337  val_MSE=0.02124 AU=  4 ep=228 累計 39分
  [ 41/60] b=2 m= 24 s=42     val_MSE=0.02230 AU=  3 ep=219 累計 40分
  [ 42/60] b=2 m= 24 s=123    val_MSE=0.02142 AU=  4 ep=137 累計 41分
  [ 43/60] b=2 m= 24 s=777    val_MSE=0.02125 AU=  4 ep=192 累計 42分
  [ 44/60] b=2 m= 24 s=2024   val_MSE=0.02156 AU=  4 ep=117 累計 43分
  [ 45/60] b=2 m= 24 s=31337  val_MSE=0.02120 AU=  4 ep=185 累計 44分
  [ 46/60] b=2 m= 32 s=42     val_MSE=0.02177 AU=  4 ep=228 累計 45分
  [ 47/60] b=2 m= 32 s=123    val_MSE=0.02151 AU=  4 ep=202 累計 47分
  [ 48/60] b=2 m= 32 s=777    val_MSE=0.02306 AU=  3 ep=102 累計 47分
  [ 49/60] b=2 m= 32 s=2024   val_MSE=0.02126 AU=  5 ep=163 累計 48分
  [ 50/60] b=2 m= 32 s=31337  val_MSE=0.02196 AU=  4 ep=170 累計 50分
  [ 51/60] b=2 m= 48 s=42     val_MSE=0.02175 AU=  4 ep=131 累計 51分
  [ 52/60] b=2 m= 48 s=123    val_MSE=0.02209 AU=  4 ep=146 累計 52分
  [ 53/60] b=2 m= 48 s=777    val_MSE=0.02243 AU=  4 ep=145 累計 53分
  [ 54/60] b=2 m= 48 s=2024   val_MSE=0.02284 AU=  3 ep=170 累計 54分
  [ 55/60] b=2 m= 48 s=31337  val_MSE=0.02192 AU=  4 ep=138 累計 55分
  [ 56/60] b=2 m= 64 s=42     val_MSE=0.02174 AU=  4 ep=158 累計 56分
  [ 57/60] b=2 m= 64 s=123    val_MSE=0.02233 AU=  3 ep=172 累計 57分
  [ 58/60] b=2 m= 64 s=777    val_MSE=0.02312 AU=  3 ep=120 累計 58分
  [ 59/60] b=2 m= 64 s=2024   val_MSE=0.02217 AU=  4 ep=192 累計 60分
  [ 60/60] b=2 m= 64 s=31337  val_MSE=0.02271 AU=  4 ep=141 累計 61分
=== FashionMNIST beta=2.0 完了 61.1 分 ===

########## beta = 4.0 ##########

=== MNIST  beta=4.0  尤度=gaussian  グリッド 12 点 × 5 seeds = 60 ラン ===
  [  1/60] b=4 m=  2 s=42     val_MSE=0.04668 AU=  2 ep=300 累計 2分
  [  2/60] b=4 m=  2 s=123    val_MSE=0.04675 AU=  2 ep=300 累計 3分
  [  3/60] b=4 m=  2 s=777    val_MSE=0.05088 AU=  1 ep=300 累計 5分
  [  4/60] b=4 m=  2 s=2024   val_MSE=0.04072 AU=  2 ep=287 累計 6分
  [  5/60] b=4 m=  2 s=31337  val_MSE=0.05086 AU=  1 ep=300 累計 8分
  [  6/60] b=4 m=  4 s=42     val_MSE=0.03709 AU=  4 ep=222 累計 9分
  [  7/60] b=4 m=  4 s=123    val_MSE=0.03802 AU=  3 ep=300 累計 11分
  [  8/60] b=4 m=  4 s=777    val_MSE=0.04050 AU=  2 ep=300 累計 12分
  [  9/60] b=4 m=  4 s=2024   val_MSE=0.04064 AU=  2 ep=255 累計 14分
  [ 10/60] b=4 m=  4 s=31337  val_MSE=0.03681 AU=  3 ep=282 累計 15分
  [ 11/60] b=4 m=  6 s=42     val_MSE=0.03838 AU=  3 ep=203 累計 16分
  [ 12/60] b=4 m=  6 s=123    val_MSE=0.03799 AU=  3 ep=173 累計 17分
  [ 13/60] b=4 m=  6 s=777    val_MSE=0.03545 AU=  4 ep=300 累計 19分
  [ 14/60] b=4 m=  6 s=2024   val_MSE=0.03777 AU=  3 ep=300 累計 21分
  [ 15/60] b=4 m=  6 s=31337  val_MSE=0.03868 AU=  3 ep=241 累計 22分
  [ 16/60] b=4 m=  8 s=42     val_MSE=0.03865 AU=  3 ep=173 累計 23分
  [ 17/60] b=4 m=  8 s=123    val_MSE=0.03609 AU=  4 ep=255 累計 24分
  [ 18/60] b=4 m=  8 s=777    val_MSE=0.03769 AU=  3 ep=187 累計 25分
  [ 19/60] b=4 m=  8 s=2024   val_MSE=0.03656 AU=  4 ep=183 累計 26分
  [ 20/60] b=4 m=  8 s=31337  val_MSE=0.03840 AU=  3 ep=258 累計 28分
  [ 21/60] b=4 m= 10 s=42     val_MSE=0.03608 AU=  4 ep=300 累計 30分
  [ 22/60] b=4 m= 10 s=123    val_MSE=0.03767 AU=  3 ep=157 累計 31分
  [ 23/60] b=4 m= 10 s=777    val_MSE=0.03752 AU=  3 ep=300 累計 32分
  [ 24/60] b=4 m= 10 s=2024   val_MSE=0.03754 AU=  3 ep=271 累計 34分
  [ 25/60] b=4 m= 10 s=31337  val_MSE=0.03720 AU=  3 ep=275 累計 35分
  [ 26/60] b=4 m= 12 s=42     val_MSE=0.03653 AU=  4 ep=249 累計 37分
  [ 27/60] b=4 m= 12 s=123    val_MSE=0.03728 AU=  3 ep=300 累計 38分
  [ 28/60] b=4 m= 12 s=777    val_MSE=0.03642 AU=  4 ep=272 累計 40分
  [ 29/60] b=4 m= 12 s=2024   val_MSE=0.03774 AU=  3 ep=300 累計 42分
  [ 30/60] b=4 m= 12 s=31337  val_MSE=0.03622 AU=  4 ep=300 累計 43分
  [ 31/60] b=4 m= 16 s=42     val_MSE=0.03640 AU=  4 ep=261 累計 45分
  [ 32/60] b=4 m= 16 s=123    val_MSE=0.03668 AU=  4 ep=279 累計 47分
  [ 33/60] b=4 m= 16 s=777    val_MSE=0.03704 AU=  4 ep=153 累計 47分
  [ 34/60] b=4 m= 16 s=2024   val_MSE=0.03678 AU=  4 ep=189 累計 49分
  [ 35/60] b=4 m= 16 s=31337  val_MSE=0.03801 AU=  3 ep=300 累計 50分
  [ 36/60] b=4 m= 20 s=42     val_MSE=0.03691 AU=  4 ep=300 累計 52分
  [ 37/60] b=4 m= 20 s=123    val_MSE=0.03757 AU=  3 ep=226 累計 53分
  [ 38/60] b=4 m= 20 s=777    val_MSE=0.03668 AU=  4 ep=300 累計 55分
  [ 39/60] b=4 m= 20 s=2024   val_MSE=0.03801 AU=  3 ep=300 累計 57分
  [ 40/60] b=4 m= 20 s=31337  val_MSE=0.03860 AU=  3 ep=238 累計 58分
  [ 41/60] b=4 m= 24 s=42     val_MSE=0.03828 AU=  3 ep=170 累計 59分
  [ 42/60] b=4 m= 24 s=123    val_MSE=0.03842 AU=  4 ep=266 累計 61分
  [ 43/60] b=4 m= 24 s=777    val_MSE=0.03927 AU=  3 ep=191 累計 62分
  [ 44/60] b=4 m= 24 s=2024   val_MSE=0.03828 AU=  3 ep=209 累計 63分
  [ 45/60] b=4 m= 24 s=31337  val_MSE=0.03738 AU=  4 ep=300 累計 65分
  [ 46/60] b=4 m= 32 s=42     val_MSE=0.03926 AU=  3 ep=176 累計 66分
  [ 47/60] b=4 m= 32 s=123    val_MSE=0.03905 AU=  3 ep=251 累計 67分
  [ 48/60] b=4 m= 32 s=777    val_MSE=0.03841 AU=  3 ep=300 累計 69分
  [ 49/60] b=4 m= 32 s=2024   val_MSE=0.03893 AU=  4 ep=225 累計 71分
  [ 50/60] b=4 m= 32 s=31337  val_MSE=0.03896 AU=  3 ep=220 累計 72分
  [ 51/60] b=4 m= 48 s=42     val_MSE=0.03911 AU=  3 ep=237 累計 73分
  [ 52/60] b=4 m= 48 s=123    val_MSE=0.03774 AU=  4 ep=263 累計 75分
  [ 53/60] b=4 m= 48 s=777    val_MSE=0.03908 AU=  3 ep=300 累計 77分
  [ 54/60] b=4 m= 48 s=2024   val_MSE=0.03954 AU=  3 ep=215 累計 78分
  [ 55/60] b=4 m= 48 s=31337  val_MSE=0.03897 AU=  4 ep=210 累計 80分
  [ 56/60] b=4 m= 64 s=42     val_MSE=0.03923 AU=  3 ep=300 累計 82分
  [ 57/60] b=4 m= 64 s=123    val_MSE=0.03824 AU=  4 ep=242 累計 83分
  [ 58/60] b=4 m= 64 s=777    val_MSE=0.03829 AU=  4 ep=294 累計 85分
  [ 59/60] b=4 m= 64 s=2024   val_MSE=0.03940 AU=  3 ep=300 累計 87分
  [ 60/60] b=4 m= 64 s=31337  val_MSE=0.03972 AU=  3 ep=234 累計 89分
=== MNIST beta=4.0 完了 88.8 分 ===

=== dSprites  beta=4.0  尤度=bernoulli  グリッド 12 点 × 5 seeds = 60 ラン ===
  [  1/60] b=4 m=  2 s=42     val_MSE=0.01072 AU=  2 ep= 99 累計 2分
  [  2/60] b=4 m=  2 s=123    val_MSE=0.01055 AU=  2 ep= 95 累計 4分
  [  3/60] b=4 m=  2 s=777    val_MSE=0.01106 AU=  2 ep= 83 累計 5分
  [  4/60] b=4 m=  2 s=2024   val_MSE=0.01121 AU=  2 ep= 90 累計 7分
  [  5/60] b=4 m=  2 s=31337  val_MSE=0.01127 AU=  2 ep= 86 累計 8分
  [  6/60] b=4 m=  4 s=42     val_MSE=0.00647 AU=  4 ep=127 累計 11分
  [  7/60] b=4 m=  4 s=123    val_MSE=0.00611 AU=  4 ep=179 累計 14分
  [  8/60] b=4 m=  4 s=777    val_MSE=0.00644 AU=  4 ep= 90 累計 16分
  [  9/60] b=4 m=  4 s=2024   val_MSE=0.00633 AU=  4 ep=171 累計 19分
  [ 10/60] b=4 m=  4 s=31337  val_MSE=0.00628 AU=  4 ep=152 累計 22分
  [ 11/60] b=4 m=  6 s=42     val_MSE=0.00299 AU=  6 ep=250 累計 26分
  [ 12/60] b=4 m=  6 s=123    val_MSE=0.00281 AU=  6 ep=300 累計 32分
  [ 13/60] b=4 m=  6 s=777    val_MSE=0.00290 AU=  6 ep=300 累計 37分
  [ 14/60] b=4 m=  6 s=2024   val_MSE=0.00308 AU=  6 ep=267 累計 42分
  [ 15/60] b=4 m=  6 s=31337  val_MSE=0.00300 AU=  6 ep=300 累計 48分
  [ 16/60] b=4 m=  8 s=42     val_MSE=0.00251 AU=  8 ep=300 累計 53分
  [ 17/60] b=4 m=  8 s=123    val_MSE=0.00238 AU=  8 ep=300 累計 59分
  [ 18/60] b=4 m=  8 s=777    val_MSE=0.00230 AU=  8 ep=300 累計 64分
  [ 19/60] b=4 m=  8 s=2024   val_MSE=0.00237 AU=  8 ep=300 累計 70分
  [ 20/60] b=4 m=  8 s=31337  val_MSE=0.00205 AU=  8 ep=300 累計 75分
  [ 21/60] b=4 m= 10 s=42     val_MSE=0.00227 AU= 10 ep=300 累計 81分
  [ 22/60] b=4 m= 10 s=123    val_MSE=0.00217 AU= 10 ep=300 累計 86分
  [ 23/60] b=4 m= 10 s=777    val_MSE=0.00231 AU= 10 ep=236 累計 91分
  [ 24/60] b=4 m= 10 s=2024   val_MSE=0.00223 AU= 10 ep=300 累計 96分
  [ 25/60] b=4 m= 10 s=31337  val_MSE=0.00227 AU= 10 ep=300 累計 102分
  [ 26/60] b=4 m= 12 s=42     val_MSE=0.00209 AU= 11 ep=300 累計 107分
  [ 27/60] b=4 m= 12 s=123    val_MSE=0.00219 AU= 10 ep=300 累計 113分
  [ 28/60] b=4 m= 12 s=777    val_MSE=0.00225 AU= 10 ep=300 累計 118分
  [ 29/60] b=4 m= 12 s=2024   val_MSE=0.00214 AU= 11 ep=300 累計 124分
  [ 30/60] b=4 m= 12 s=31337  val_MSE=0.00261 AU=  9 ep=300 累計 129分
  [ 31/60] b=4 m= 16 s=42     val_MSE=0.00217 AU= 10 ep=300 累計 135分
  [ 32/60] b=4 m= 16 s=123    val_MSE=0.00203 AU= 11 ep=300 累計 140分
  [ 33/60] b=4 m= 16 s=777    val_MSE=0.00199 AU= 10 ep=300 累計 146分
  [ 34/60] b=4 m= 16 s=2024   val_MSE=0.00211 AU=  9 ep=300 累計 151分
  [ 35/60] b=4 m= 16 s=31337  val_MSE=0.00240 AU= 13 ep=276 累計 157分
  [ 36/60] b=4 m= 20 s=42     val_MSE=0.00218 AU= 13 ep=300 累計 162分
  [ 37/60] b=4 m= 20 s=123    val_MSE=0.00208 AU= 12 ep=300 累計 168分
  [ 38/60] b=4 m= 20 s=777    val_MSE=0.00218 AU= 12 ep=300 累計 173分
  [ 39/60] b=4 m= 20 s=2024   val_MSE=0.00212 AU= 13 ep=299 累計 179分
  [ 40/60] b=4 m= 20 s=31337  val_MSE=0.00227 AU= 13 ep=300 累計 184分
  [ 41/60] b=4 m= 24 s=42     val_MSE=0.00218 AU= 12 ep=300 累計 190分
  [ 42/60] b=4 m= 24 s=123    val_MSE=0.00216 AU= 13 ep=300 累計 195分
  [ 43/60] b=4 m= 24 s=777    val_MSE=0.00218 AU= 11 ep=300 累計 201分
  [ 44/60] b=4 m= 24 s=2024   val_MSE=0.00205 AU= 12 ep=300 累計 206分
  [ 45/60] b=4 m= 24 s=31337  val_MSE=0.00206 AU= 12 ep=300 累計 212分
  [ 46/60] b=4 m= 32 s=42     val_MSE=0.00221 AU= 13 ep=300 累計 218分
  [ 47/60] b=4 m= 32 s=123    val_MSE=0.00207 AU= 12 ep=300 累計 223分
  [ 48/60] b=4 m= 32 s=777    val_MSE=0.00215 AU= 11 ep=300 累計 229分
  [ 49/60] b=4 m= 32 s=2024   val_MSE=0.00201 AU= 12 ep=300 累計 234分
  [ 50/60] b=4 m= 32 s=31337  val_MSE=0.03760 AU=  0 ep=155 累計 237分
  [ 51/60] b=4 m= 48 s=42     val_MSE=0.00204 AU= 13 ep=300 累計 243分
  [ 52/60] b=4 m= 48 s=123    val_MSE=0.00226 AU= 12 ep=300 累計 249分
  [ 53/60] b=4 m= 48 s=777    val_MSE=0.00217 AU= 12 ep=300 累計 254分
  [ 54/60] b=4 m= 48 s=2024   val_MSE=0.00225 AU= 12 ep=300 累計 260分
  [ 55/60] b=4 m= 48 s=31337  val_MSE=0.03761 AU=  0 ep= 97 累計 262分
  [ 56/60] b=4 m= 64 s=42     val_MSE=0.00207 AU= 12 ep=300 累計 268分
  [ 57/60] b=4 m= 64 s=123    val_MSE=0.00215 AU= 14 ep=300 累計 273分
  [ 58/60] b=4 m= 64 s=777    val_MSE=0.00209 AU= 12 ep=300 累計 279分
  [ 59/60] b=4 m= 64 s=2024   val_MSE=0.00220 AU= 11 ep=300 累計 285分
  [ 60/60] b=4 m= 64 s=31337  val_MSE=0.00221 AU= 10 ep=300 累計 291分
=== dSprites beta=4.0 完了 291.1 分 ===

=== CIFAR10  beta=4.0  尤度=gaussian  グリッド 10 点 × 5 seeds = 50 ラン ===
  [  1/50] b=4 m=  8 s=42     val_MSE=0.02365 AU=  8 ep= 78 累計 1分
  [  2/50] b=4 m=  8 s=123    val_MSE=0.02386 AU=  8 ep=106 累計 2分
  [  3/50] b=4 m=  8 s=777    val_MSE=0.02365 AU=  8 ep= 75 累計 2分
  [  4/50] b=4 m=  8 s=2024   val_MSE=0.02355 AU=  8 ep=125 累計 3分
  [  5/50] b=4 m=  8 s=31337  val_MSE=0.02374 AU=  8 ep= 93 累計 4分
  [  6/50] b=4 m= 16 s=42     val_MSE=0.02202 AU= 15 ep=123 累計 5分
  [  7/50] b=4 m= 16 s=123    val_MSE=0.02211 AU= 12 ep= 86 累計 6分
  [  8/50] b=4 m= 16 s=777    val_MSE=0.02216 AU= 13 ep= 70 累計 7分
  [  9/50] b=4 m= 16 s=2024   val_MSE=0.02205 AU= 15 ep= 96 累計 8分
  [ 10/50] b=4 m= 16 s=31337  val_MSE=0.02193 AU= 15 ep=111 累計 9分
  [ 11/50] b=4 m= 24 s=42     val_MSE=0.02216 AU= 18 ep= 72 累計 9分
  [ 12/50] b=4 m= 24 s=123    val_MSE=0.02221 AU= 14 ep= 60 累計 10分
  [ 13/50] b=4 m= 24 s=777    val_MSE=0.02206 AU= 15 ep= 77 累計 11分
  [ 14/50] b=4 m= 24 s=2024   val_MSE=0.02182 AU= 15 ep=103 累計 12分
  [ 15/50] b=4 m= 24 s=31337  val_MSE=0.02207 AU= 14 ep= 89 累計 12分
  [ 16/50] b=4 m= 32 s=42     val_MSE=0.02205 AU= 15 ep= 92 累計 13分
  [ 17/50] b=4 m= 32 s=123    val_MSE=0.02194 AU= 16 ep= 89 累計 14分
  [ 18/50] b=4 m= 32 s=777    val_MSE=0.02194 AU= 14 ep=119 累計 16分
  [ 19/50] b=4 m= 32 s=2024   val_MSE=0.02205 AU= 15 ep=118 累計 17分
  [ 20/50] b=4 m= 32 s=31337  val_MSE=0.02183 AU= 14 ep=100 累計 18分
  [ 21/50] b=4 m= 48 s=42     val_MSE=0.02199 AU= 13 ep= 94 累計 19分
  [ 22/50] b=4 m= 48 s=123    val_MSE=0.02198 AU= 15 ep= 79 累計 20分
  [ 23/50] b=4 m= 48 s=777    val_MSE=0.02213 AU= 13 ep= 97 累計 21分
  [ 24/50] b=4 m= 48 s=2024   val_MSE=0.02191 AU= 12 ep= 94 累計 22分
  [ 25/50] b=4 m= 48 s=31337  val_MSE=0.02201 AU= 16 ep= 84 累計 23分
  [ 26/50] b=4 m= 64 s=42     val_MSE=0.02201 AU= 17 ep= 77 累計 24分
  [ 27/50] b=4 m= 64 s=123    val_MSE=0.02212 AU= 16 ep=102 累計 25分
  [ 28/50] b=4 m= 64 s=777    val_MSE=0.02207 AU= 16 ep= 94 累計 26分
  [ 29/50] b=4 m= 64 s=2024   val_MSE=0.02187 AU= 13 ep= 72 累計 27分
  [ 30/50] b=4 m= 64 s=31337  val_MSE=0.02198 AU= 14 ep=109 累計 28分
  [ 31/50] b=4 m= 96 s=42     val_MSE=0.02215 AU= 21 ep= 76 累計 30分
  [ 32/50] b=4 m= 96 s=123    val_MSE=0.02181 AU= 13 ep=110 累計 31分
  [ 33/50] b=4 m= 96 s=777    val_MSE=0.02206 AU= 13 ep= 78 累計 32分
  [ 34/50] b=4 m= 96 s=2024   val_MSE=0.02209 AU= 15 ep= 73 累計 33分
  [ 35/50] b=4 m= 96 s=31337  val_MSE=0.02179 AU= 11 ep=106 累計 35分
  [ 36/50] b=4 m=128 s=42     val_MSE=0.02206 AU= 10 ep= 99 累計 36分
  [ 37/50] b=4 m=128 s=123    val_MSE=0.02197 AU= 14 ep= 90 累計 37分
  [ 38/50] b=4 m=128 s=777    val_MSE=0.02182 AU= 13 ep=109 累計 39分
  [ 39/50] b=4 m=128 s=2024   val_MSE=0.02194 AU= 13 ep=114 累計 40分
  [ 40/50] b=4 m=128 s=31337  val_MSE=0.02184 AU= 12 ep=149 累計 42分
  [ 41/50] b=4 m=192 s=42     val_MSE=0.02196 AU= 11 ep=128 累計 44分
  [ 42/50] b=4 m=192 s=123    val_MSE=0.02199 AU= 13 ep= 96 累計 45分
  [ 43/50] b=4 m=192 s=777    val_MSE=0.02215 AU= 15 ep=129 累計 47分
  [ 44/50] b=4 m=192 s=2024   val_MSE=0.02208 AU= 12 ep=138 累計 48分
  [ 45/50] b=4 m=192 s=31337  val_MSE=0.02202 AU= 10 ep= 99 累計 50分
  [ 46/50] b=4 m=256 s=42     val_MSE=0.02247 AU= 19 ep=130 累計 52分
  [ 47/50] b=4 m=256 s=123    val_MSE=0.02227 AU= 19 ep=112 累計 53分
  [ 48/50] b=4 m=256 s=777    val_MSE=0.02217 AU= 10 ep=111 累計 55分
  [ 49/50] b=4 m=256 s=2024   val_MSE=0.02287 AU= 35 ep= 88 累計 56分
  [ 50/50] b=4 m=256 s=31337  val_MSE=0.02221 AU=  9 ep=125 累計 58分
=== CIFAR10 beta=4.0 完了 58.0 分 ===

=== FashionMNIST  beta=4.0  尤度=gaussian  グリッド 12 点 × 5 seeds = 60 ラン ===
  [  1/60] b=4 m=  2 s=42     val_MSE=0.02838 AU=  2 ep=136 累計 1分
  [  2/60] b=4 m=  2 s=123    val_MSE=0.02808 AU=  2 ep=158 累計 2分
  [  3/60] b=4 m=  2 s=777    val_MSE=0.02800 AU=  2 ep=208 累計 3分
  [  4/60] b=4 m=  2 s=2024   val_MSE=0.02792 AU=  2 ep=236 累計 4分
  [  5/60] b=4 m=  2 s=31337  val_MSE=0.02809 AU=  2 ep=161 累計 5分
  [  6/60] b=4 m=  4 s=42     val_MSE=0.02524 AU=  3 ep=171 累計 6分
  [  7/60] b=4 m=  4 s=123    val_MSE=0.02559 AU=  3 ep=156 累計 7分
  [  8/60] b=4 m=  4 s=777    val_MSE=0.02520 AU=  3 ep=160 累計 8分
  [  9/60] b=4 m=  4 s=2024   val_MSE=0.02500 AU=  4 ep=163 累計 8分
  [ 10/60] b=4 m=  4 s=31337  val_MSE=0.02516 AU=  3 ep=129 累計 9分
  [ 11/60] b=4 m=  6 s=42     val_MSE=0.02513 AU=  3 ep=204 累計 10分
  [ 12/60] b=4 m=  6 s=123    val_MSE=0.02590 AU=  3 ep=110 累計 11分
  [ 13/60] b=4 m=  6 s=777    val_MSE=0.02526 AU=  3 ep=208 累計 12分
  [ 14/60] b=4 m=  6 s=2024   val_MSE=0.02536 AU=  3 ep=134 累計 13分
  [ 15/60] b=4 m=  6 s=31337  val_MSE=0.02638 AU=  3 ep=181 累計 14分
  [ 16/60] b=4 m=  8 s=42     val_MSE=0.02531 AU=  3 ep=187 累計 15分
  [ 17/60] b=4 m=  8 s=123    val_MSE=0.02500 AU=  4 ep=235 累計 16分
  [ 18/60] b=4 m=  8 s=777    val_MSE=0.02494 AU=  3 ep=258 累計 18分
  [ 19/60] b=4 m=  8 s=2024   val_MSE=0.02563 AU=  3 ep=117 累計 19分
  [ 20/60] b=4 m=  8 s=31337  val_MSE=0.02489 AU=  3 ep=172 累計 20分
  [ 21/60] b=4 m= 10 s=42     val_MSE=0.02525 AU=  3 ep=160 累計 21分
  [ 22/60] b=4 m= 10 s=123    val_MSE=0.02531 AU=  3 ep=106 累計 21分
  [ 23/60] b=4 m= 10 s=777    val_MSE=0.02547 AU=  3 ep=171 累計 22分
  [ 24/60] b=4 m= 10 s=2024   val_MSE=0.02500 AU=  4 ep=165 累計 23分
  [ 25/60] b=4 m= 10 s=31337  val_MSE=0.02539 AU=  3 ep=154 累計 24分
  [ 26/60] b=4 m= 12 s=42     val_MSE=0.02501 AU=  3 ep=198 累計 25分
  [ 27/60] b=4 m= 12 s=123    val_MSE=0.02548 AU=  3 ep=220 累計 27分
  [ 28/60] b=4 m= 12 s=777    val_MSE=0.02543 AU=  3 ep=176 累計 28分
  [ 29/60] b=4 m= 12 s=2024   val_MSE=0.02526 AU=  3 ep=131 累計 29分
  [ 30/60] b=4 m= 12 s=31337  val_MSE=0.02536 AU=  3 ep=230 累計 30分
  [ 31/60] b=4 m= 16 s=42     val_MSE=0.02553 AU=  3 ep=155 累計 31分
  [ 32/60] b=4 m= 16 s=123    val_MSE=0.02512 AU=  4 ep=207 累計 32分
  [ 33/60] b=4 m= 16 s=777    val_MSE=0.02561 AU=  3 ep=140 累計 33分
  [ 34/60] b=4 m= 16 s=2024   val_MSE=0.02556 AU=  3 ep=157 累計 34分
  [ 35/60] b=4 m= 16 s=31337  val_MSE=0.02515 AU=  3 ep=208 累計 35分
  [ 36/60] b=4 m= 20 s=42     val_MSE=0.02603 AU=  3 ep=112 累計 36分
  [ 37/60] b=4 m= 20 s=123    val_MSE=0.02577 AU=  3 ep=167 累計 37分
  [ 38/60] b=4 m= 20 s=777    val_MSE=0.02555 AU=  3 ep=174 累計 38分
  [ 39/60] b=4 m= 20 s=2024   val_MSE=0.02572 AU=  3 ep=132 累計 39分
  [ 40/60] b=4 m= 20 s=31337  val_MSE=0.02538 AU=  3 ep=188 累計 40分
  [ 41/60] b=4 m= 24 s=42     val_MSE=0.02572 AU=  3 ep=217 累計 41分
  [ 42/60] b=4 m= 24 s=123    val_MSE=0.02538 AU=  3 ep=236 累計 43分
  [ 43/60] b=4 m= 24 s=777    val_MSE=0.02573 AU=  3 ep=160 累計 44分
  [ 44/60] b=4 m= 24 s=2024   val_MSE=0.02524 AU=  3 ep=221 累計 45分
  [ 45/60] b=4 m= 24 s=31337  val_MSE=0.02545 AU=  3 ep=169 累計 46分
  [ 46/60] b=4 m= 32 s=42     val_MSE=0.02565 AU=  3 ep=239 累計 48分
  [ 47/60] b=4 m= 32 s=123    val_MSE=0.02500 AU=  3 ep=187 累計 49分
  [ 48/60] b=4 m= 32 s=777    val_MSE=0.02577 AU=  3 ep=150 累計 50分
  [ 49/60] b=4 m= 32 s=2024   val_MSE=0.02551 AU=  3 ep=256 累計 51分
  [ 50/60] b=4 m= 32 s=31337  val_MSE=0.02538 AU=  3 ep=254 累計 53分
  [ 51/60] b=4 m= 48 s=42     val_MSE=0.02564 AU=  3 ep=166 累計 54分
  [ 52/60] b=4 m= 48 s=123    val_MSE=0.02548 AU=  3 ep=227 累計 56分
  [ 53/60] b=4 m= 48 s=777    val_MSE=0.02580 AU=  3 ep=277 累計 57分
  [ 54/60] b=4 m= 48 s=2024   val_MSE=0.02662 AU=  3 ep=140 累計 58分
  [ 55/60] b=4 m= 48 s=31337  val_MSE=0.02559 AU=  3 ep=200 累計 59分
  [ 56/60] b=4 m= 64 s=42     val_MSE=0.02693 AU=  3 ep=212 累計 61分
  [ 57/60] b=4 m= 64 s=123    val_MSE=0.02568 AU=  3 ep=234 累計 63分
  [ 58/60] b=4 m= 64 s=777    val_MSE=0.02543 AU=  3 ep=300 累計 65分
  [ 59/60] b=4 m= 64 s=2024   val_MSE=0.02572 AU=  3 ep=151 累計 66分
  [ 60/60] b=4 m= 64 s=31337  val_MSE=0.02608 AU=  3 ep=217 累計 68分
=== FashionMNIST beta=4.0 完了 67.8 分 ===

全データ完了
