================================================================================================
1. AU は beta で決まるか（delta=0.01、5 seeds 平均、容量ごと）
================================================================================================

--- MNIST ---
      m    b=0.25    b=0.5    b=1.0    b=2.0    b=4.0
      2       2.0      2.0      2.0      2.0      1.6
      4       4.0      4.0      4.0      4.0      2.8
      6       6.0      6.0      6.0      5.0      3.2
      8       8.0      7.8      6.4      5.4      3.4
     10      10.0      8.6      6.4      5.2      3.2
     12      10.6      9.2      6.4      5.0      3.6
     16      11.2      8.6      6.2      4.8      3.8
     20      12.0      8.6      6.2      4.6      3.4
     24      12.4      8.4      6.4      4.8      3.4
     32      12.2      9.0      6.0      5.2      3.2
     48      11.4      8.4      6.4      4.8      3.4
     64      11.0      8.2      6.4      4.8      3.4
  → m 依存の幅（beta 別）平均    5.5 / beta 依存の幅（m 別）平均    6.0

--- FashionMNIST ---
      m    b=0.25    b=0.5    b=1.0    b=2.0    b=4.0
      2       2.0      2.0      2.0      2.0      2.0
      4       4.0      4.0      4.0      3.2      3.2
      6       6.0      5.0      4.4      4.0      3.0
      8       6.6      5.6      5.0      3.8      3.2
     10       6.8      5.6      4.4      3.8      3.2
     12       7.0      5.6      4.4      3.6      3.0
     16       7.4      5.8      4.8      3.8      3.2
     20       6.8      5.8      4.4      4.2      3.0
     24       7.6      5.6      4.4      3.8      3.0
     32       7.0      5.8      4.4      4.0      3.0
     48       7.6      5.4      4.4      3.8      3.0
     64       8.2      5.6      4.0      3.6      3.0
  → m 依存の幅（beta 別）平均    3.3 / beta 依存の幅（m 別）平均    3.4

--- dSprites ---
      m    b=0.25    b=0.5    b=1.0    b=2.0    b=4.0
      2       2.0      2.0      2.0      2.0      2.0
      4       4.0      4.0      4.0      4.0      4.0
      6       6.0      6.0      6.0      6.0      6.0
      8       8.0      8.0      8.0      8.0      8.0
     10      10.0     10.0     10.0     10.0     10.0
     12      12.0     12.0     12.0     11.8     10.2
     16      16.0     15.8     14.0     13.0     10.6
     20      20.0     17.2     15.6     13.8     12.6
     24      22.6     18.8     15.0     13.2     12.0
     32      26.6     18.6     14.8     13.8      9.6
     48      26.4     20.2     13.0     11.2      9.8
     64      24.6     19.0     14.0     13.6     11.8
  → m 依存の幅（beta 別）平均   15.8 / beta 依存の幅（m 別）平均    6.0

--- CIFAR10 ---
      m    b=0.25    b=0.5    b=1.0    b=2.0    b=4.0
      8       8.0      8.0      8.0      8.0      8.0
     16      16.0     16.0     16.0     16.0     14.0
     24      24.0     24.0     24.0     22.6     15.2
     32      32.0     31.8     31.6     25.6     14.8
     48      48.0     48.0     45.0     33.8     13.8
     64      63.2     62.8     57.6     40.2     15.2
     96      94.8     90.4     84.0     47.4     14.6
    128     126.8    122.6     86.2     46.8     12.4
    192     187.2    182.0    117.6     37.8     12.2
    256     253.4    241.8    167.8     48.0     18.4
  → m 依存の幅（beta 別）平均  137.9 / beta 依存の幅（m 別）平均   71.5

================================================================================================
2. delta 感度は beta 全域で成り立つか（AU が m と一致する割合＝遮断が全く起きない割合）
================================================================================================
  データ             delta    b=0.25    b=0.5    b=1.0    b=2.0    b=4.0
  MNIST           0.001       47%      32%      25%      18%       8%
  MNIST           0.010       42%      32%      25%      17%       7%
  MNIST           0.100       42%      32%      25%      17%       7%
  FashionMNIST    0.001       30%      22%      17%      10%      12%
  FashionMNIST    0.010       25%      20%      17%      10%      10%
  FashionMNIST    0.100       25%      20%      17%      10%      10%
  dSprites        0.001      100%      90%      60%      50%      42%
  dSprites        0.010       68%      57%      50%      48%      42%
  dSprites        0.100       63%      55%      50%      48%      42%
  CIFAR10         0.001      100%     100%     100%      98%      60%
  CIFAR10         0.010       60%      50%      36%      22%      10%
  CIFAR10         0.100       48%      38%      32%      20%      10%

================================================================================================
3. 品質条件 Q による選択 m（anchor=グリッド最大、eps=10% 相対）— beta 別
================================================================================================
  データ                b=0.25      b=0.5      b=1.0      b=2.0      b=4.0
  MNIST            9.6±0.9    8.0±0.0    6.0±0.0    4.0±0.0    3.6±0.9 
  FashionMNIST     6.0±0.0    4.8±1.1    4.0±0.0    4.0±0.0    2.4±0.9 
  dSprites        21.6±6.7   24.8±7.2   20.0±4.0   14.8±4.8    9.6±1.7 
  CIFAR10         60.8±20.9  48.0±0.0   24.0±0.0   16.0±0.0    8.0±0.0 

================================================================================================
4. B7(GECO) の選択は品質目標 tau で説明できるか — Q との同一性
================================================================================================
  データ           手法                b=0.25       b=0.5       b=1.0       b=2.0       b=4.0   beta 幅
  MNIST         B7_geco_l0     11.8±1.3     9.4±0.5     7.2±0.4     5.6±0.5     3.0±0.0       8.8
  MNIST         B8_ard_vae      6.0±0.0     6.0±0.0     6.0±0.0     6.0±0.0     6.0±0.0       0.0
  FashionMNIST  B7_geco_l0      5.8±0.4     5.2±0.4     4.2±0.4     4.0±0.7     3.8±0.8       2.0
  FashionMNIST  B8_ard_vae      3.8±0.4     3.8±0.4     3.8±0.4     3.8±0.4     3.8±0.4       0.0
  dSprites      B7_geco_l0     64.0±0.0    64.0±0.0    64.0±0.0    64.0±0.0    64.0±0.0       0.0
  dSprites      B8_ard_vae      9.2±1.5     9.2±1.5     9.2±1.5     9.2±1.5     9.2±1.5       0.0
  CIFAR10       B7_geco_l0     42.6±5.1    30.8±0.8    20.0±1.0    13.4±0.5     8.4±0.5      34.2
  CIFAR10       B8_ard_vae     14.2±0.4    14.2±0.4    14.2±0.4    14.2±0.4    14.2±0.4       0.0

  B7 は tau（= 各段の anchor から導いた品質目標）で動き、B8 は beta 文脈に不変。
  B7 の beta 幅が大きいほど、その選択が品質目標に支配されていることを示す。

  --- B7 の制約充足率（5 seeds 中）---
  データ             b=0.25   b=0.5   b=1.0   b=2.0   b=4.0
  MNIST              0/5     0/5     0/5     2/5     2/5
  FashionMNIST       4/5     2/5     1/5     2/5     2/5
  dSprites           0/5     0/5     0/5     0/5     0/5
  CIFAR10            3/5     4/5     5/5     4/5     5/5

書き出し: results/make49/stage7_analysis.json
