beta 梯子の実行可能性확認 / 梯子=[0.25, 0.5, 1.0, 2.0, 4.0] / 追加確認点=[0.05, 0.1]
学習 60 epochs・1 seed・early stopping なし（崩壊の有無のみ見る）

=== dSprites_Conv (m=16) ===
  beta     AU   val_rec    val_KL   val_ELBO     崩壊
  0.05   0/16   173.513     0.000   -173.513     はい
  0.10   0/16   173.515     0.000   -173.515     はい
  0.25   0/16   173.519     0.000   -173.519     はい
  0.50   0/16   173.521     0.000   -173.521     はい
  1.00   0/16   173.521     0.000   -173.521     はい
  2.00   0/16   173.523     0.000   -173.523     はい
  4.00   0/16   173.524     0.000   -173.524     はい
  梯子内で崩壊しない beta: なし

=== CIFAR10_Conv (m=64) ===
  beta     AU   val_rec    val_KL   val_ELBO     崩壊
  0.05  64/64    24.666   119.542   -144.208    いいえ
  0.10  63/64    24.868    92.588   -117.456    いいえ
  0.25  64/64    27.359    59.364    -86.723    いいえ
  0.50  60/64    34.131    37.080    -71.211    いいえ
  1.00  59/64    43.145    22.501    -65.646    いいえ
  2.00  40/64    54.101    13.030    -67.130    いいえ
  4.00  17/64    68.072     6.954    -75.026    いいえ
  梯子内で崩壊しない beta: [0.25, 0.5, 1.0, 2.0, 4.0]

書き出し: results/make49/stage3_beta_feasibility.json
