
=== MNIST  尤度=gaussian  グリッド 12 点 × 5 seeds = 60 ラン ===
  [  1/60] m=  2 s=42     val_MSE=0.03740 AU=  2 ep=106 新 累計 1分
  [  2/60] m=  2 s=123    val_MSE=0.03723 AU=  2 ep=103 新 累計 1分
  [  3/60] m=  2 s=777    val_MSE=0.03785 AU=  2 ep= 95 新 累計 2分
  [  4/60] m=  2 s=2024   val_MSE=0.03768 AU=  2 ep=110 新 累計 2分
  [  5/60] m=  2 s=31337  val_MSE=0.03735 AU=  2 ep=111 新 累計 3分
  [  6/60] m=  4 s=42     val_MSE=0.02789 AU=  4 ep=106 新 累計 4分
  [  7/60] m=  4 s=123    val_MSE=0.02775 AU=  4 ep=107 新 累計 4分
  [  8/60] m=  4 s=777    val_MSE=0.02770 AU=  4 ep=110 新 累計 5分
  [  9/60] m=  4 s=2024   val_MSE=0.02792 AU=  4 ep=103 新 累計 6分
  [ 10/60] m=  4 s=31337  val_MSE=0.02764 AU=  4 ep=118 新 累計 7分
  [ 11/60] m=  6 s=42     val_MSE=0.02267 AU=  6 ep=106 新 累計 7分
  [ 12/60] m=  6 s=123    val_MSE=0.02241 AU=  6 ep=114 新 累計 8分
  [ 13/60] m=  6 s=777    val_MSE=0.02244 AU=  6 ep=115 新 累計 8分
  [ 14/60] m=  6 s=2024   val_MSE=0.02245 AU=  6 ep=121 新 累計 9分
  [ 15/60] m=  6 s=31337  val_MSE=0.02224 AU=  6 ep=128 新 累計 10分
  [ 16/60] m=  8 s=42     val_MSE=0.02117 AU=  7 ep=181 新 累計 11分
  [ 17/60] m=  8 s=123    val_MSE=0.02128 AU=  7 ep= 94 新 累計 11分
  [ 18/60] m=  8 s=777    val_MSE=0.02177 AU=  6 ep=207 新 累計 13分
  [ 19/60] m=  8 s=2024   val_MSE=0.02234 AU=  6 ep=130 新 累計 13分
  [ 20/60] m=  8 s=31337  val_MSE=0.02204 AU=  6 ep=160 新 累計 14分
  [ 21/60] m= 10 s=42     val_MSE=0.02227 AU=  6 ep=181 新 累計 15分
  [ 22/60] m= 10 s=123    val_MSE=0.02221 AU=  6 ep=128 新 累計 16分
  [ 23/60] m= 10 s=777    val_MSE=0.02266 AU=  6 ep=106 新 累計 17分
  [ 24/60] m= 10 s=2024   val_MSE=0.02084 AU=  7 ep=145 新 累計 17分
  [ 25/60] m= 10 s=31337  val_MSE=0.02100 AU=  7 ep=136 新 累計 18分
  [ 26/60] m= 12 s=42     val_MSE=0.02287 AU=  6 ep=121 新 累計 19分
  [ 27/60] m= 12 s=123    val_MSE=0.02223 AU=  6 ep=177 新 累計 20分
  [ 28/60] m= 12 s=777    val_MSE=0.02066 AU=  7 ep=168 新 累計 21分
  [ 29/60] m= 12 s=2024   val_MSE=0.02088 AU=  7 ep=139 新 累計 22分
  [ 30/60] m= 12 s=31337  val_MSE=0.02272 AU=  6 ep=118 新 累計 22分
  [ 31/60] m= 16 s=42     val_MSE=0.02252 AU=  6 ep=203 新 累計 24分
  [ 32/60] m= 16 s=123    val_MSE=0.02291 AU=  6 ep=139 新 累計 24分
  [ 33/60] m= 16 s=777    val_MSE=0.02123 AU=  7 ep=143 新 累計 25分
  [ 34/60] m= 16 s=2024   val_MSE=0.02351 AU=  6 ep= 99 新 累計 26分
  [ 35/60] m= 16 s=31337  val_MSE=0.02252 AU=  6 ep=189 新 累計 27分
  [ 36/60] m= 20 s=42     val_MSE=0.02292 AU=  6 ep=139 新 累計 28分
  [ 37/60] m= 20 s=123    val_MSE=0.02245 AU=  6 ep=177 新 累計 29分
  [ 38/60] m= 20 s=777    val_MSE=0.02129 AU=  7 ep=162 新 累計 30分
  [ 39/60] m= 20 s=2024   val_MSE=0.02362 AU=  6 ep=110 新 累計 30分
  [ 40/60] m= 20 s=31337  val_MSE=0.02264 AU=  6 ep=173 新 累計 31分
  [ 41/60] m= 24 s=42     val_MSE=0.02311 AU=  6 ep=155 新 累計 32分
  [ 42/60] m= 24 s=123    val_MSE=0.02125 AU=  7 ep=179 新 累計 33分
  [ 43/60] m= 24 s=777    val_MSE=0.02281 AU=  6 ep=209 新 累計 35分
  [ 44/60] m= 24 s=2024   val_MSE=0.02148 AU=  7 ep=128 新 累計 35分
  [ 45/60] m= 24 s=31337  val_MSE=0.02311 AU=  6 ep=150 新 累計 36分
  [ 46/60] m= 32 s=42     val_MSE=0.02337 AU=  6 ep=212 新 累計 37分
  [ 47/60] m= 32 s=123    val_MSE=0.02356 AU=  6 ep=149 新 累計 38分
  [ 48/60] m= 32 s=777    val_MSE=0.02332 AU=  6 ep=149 新 累計 39分
  [ 49/60] m= 32 s=2024   val_MSE=0.02360 AU=  6 ep=134 新 累計 40分
  [ 50/60] m= 32 s=31337  val_MSE=0.02330 AU=  6 ep=163 新 累計 41分
  [ 51/60] m= 48 s=42     val_MSE=0.02401 AU=  6 ep=177 新 累計 42分
  [ 52/60] m= 48 s=123    val_MSE=0.02291 AU=  7 ep=145 新 累計 43分
  [ 53/60] m= 48 s=777    val_MSE=0.02357 AU=  6 ep=191 新 累計 44分
  [ 54/60] m= 48 s=2024   val_MSE=0.02250 AU=  7 ep=207 新 累計 45分
  [ 55/60] m= 48 s=31337  val_MSE=0.02357 AU=  6 ep=174 新 累計 46分
  [ 56/60] m= 64 s=42     val_MSE=0.02385 AU=  6 ep=207 新 累計 48分
  [ 57/60] m= 64 s=123    val_MSE=0.02428 AU=  6 ep=141 新 累計 49分
  [ 58/60] m= 64 s=777    val_MSE=0.02290 AU=  7 ep=207 新 累計 50分
  [ 59/60] m= 64 s=2024   val_MSE=0.02352 AU=  7 ep=197 新 累計 52分
  [ 60/60] m= 64 s=31337  val_MSE=0.02402 AU=  6 ep=225 新 累計 53分
=== MNIST 完了 53.1 分 ===

=== dSprites  尤度=bernoulli  グリッド 12 点 × 5 seeds = 60 ラン ===
  [  1/60] m=  2 s=42     val_MSE=0.01059 AU=  2 ep=102 新 累計 2分
  [  2/60] m=  2 s=123    val_MSE=0.01066 AU=  2 ep= 95 新 累計 4分
  [  3/60] m=  2 s=777    val_MSE=0.01086 AU=  2 ep= 84 新 累計 5分
  [  4/60] m=  2 s=2024   val_MSE=0.01116 AU=  2 ep= 77 新 累計 7分
  [  5/60] m=  2 s=31337  val_MSE=0.01121 AU=  2 ep= 72 新 累計 8分
  [  6/60] m=  4 s=42     val_MSE=0.00623 AU=  4 ep=133 新 累計 10分
  [  7/60] m=  4 s=123    val_MSE=0.00574 AU=  4 ep=123 新 累計 13分
  [  8/60] m=  4 s=777    val_MSE=0.00623 AU=  4 ep=122 新 累計 15分
  [  9/60] m=  4 s=2024   val_MSE=0.00627 AU=  4 ep=100 新 累計 17分
  [ 10/60] m=  4 s=31337  val_MSE=0.00609 AU=  4 ep=128 新 累計 19分
  [ 11/60] m=  6 s=42     val_MSE=0.00296 AU=  6 ep=179 新 累計 22分
  [ 12/60] m=  6 s=123    val_MSE=0.00274 AU=  6 ep=163 新 累計 25分
  [ 13/60] m=  6 s=777    val_MSE=0.00292 AU=  6 ep=162 新 累計 28分
  [ 14/60] m=  6 s=2024   val_MSE=0.00282 AU=  6 ep=161 新 累計 31分
  [ 15/60] m=  6 s=31337  val_MSE=0.00310 AU=  6 ep=137 新 累計 34分
  [ 16/60] m=  8 s=42     val_MSE=0.00186 AU=  8 ep=218 新 累計 38分
  [ 17/60] m=  8 s=123    val_MSE=0.00182 AU=  8 ep=233 新 累計 42分
  [ 18/60] m=  8 s=777    val_MSE=0.00198 AU=  8 ep=152 新 累計 45分
  [ 19/60] m=  8 s=2024   val_MSE=0.00170 AU=  8 ep=200 新 累計 49分
  [ 20/60] m=  8 s=31337  val_MSE=0.00188 AU=  8 ep=175 新 累計 52分
  [ 21/60] m= 10 s=42     val_MSE=0.00149 AU= 10 ep=217 新 累計 56分
  [ 22/60] m= 10 s=123    val_MSE=0.00144 AU= 10 ep=206 新 累計 60分
  [ 23/60] m= 10 s=777    val_MSE=0.00156 AU= 10 ep=233 新 累計 64分
  [ 24/60] m= 10 s=2024   val_MSE=0.00149 AU= 10 ep=195 新 累計 67分
  [ 25/60] m= 10 s=31337  val_MSE=0.00148 AU= 10 ep=230 新 累計 72分
  [ 26/60] m= 12 s=42     val_MSE=0.00137 AU= 12 ep=198 新 累計 75分
  [ 27/60] m= 12 s=123    val_MSE=0.00140 AU= 12 ep=245 新 累計 80分
  [ 28/60] m= 12 s=777    val_MSE=0.00142 AU= 12 ep=196 新 累計 83分
  [ 29/60] m= 12 s=2024   val_MSE=0.00131 AU= 12 ep=234 新 累計 88分
  [ 30/60] m= 12 s=31337  val_MSE=0.00141 AU= 12 ep=184 新 累計 91分
  [ 31/60] m= 16 s=42     val_MSE=0.00137 AU= 14 ep=217 新 累計 95分
  [ 32/60] m= 16 s=123    val_MSE=0.00136 AU= 14 ep=203 新 累計 99分
  [ 33/60] m= 16 s=777    val_MSE=0.00130 AU= 13 ep=188 新 累計 102分
  [ 34/60] m= 16 s=2024   val_MSE=0.00128 AU= 15 ep=234 新 累計 107分
  [ 35/60] m= 16 s=31337  val_MSE=0.00135 AU= 14 ep=252 新 累計 111分
  [ 36/60] m= 20 s=42     val_MSE=0.00131 AU= 17 ep=212 新 累計 115分
  [ 37/60] m= 20 s=123    val_MSE=0.00118 AU= 16 ep=221 新 累計 119分
  [ 38/60] m= 20 s=777    val_MSE=0.00138 AU= 13 ep=241 新 累計 124分
  [ 39/60] m= 20 s=2024   val_MSE=0.00128 AU= 16 ep=205 新 累計 127分
  [ 40/60] m= 20 s=31337  val_MSE=0.00133 AU= 16 ep=227 新 累計 132分
  [ 41/60] m= 24 s=42     val_MSE=0.00127 AU= 16 ep=210 新 累計 136分
  [ 42/60] m= 24 s=123    val_MSE=0.00124 AU= 17 ep=231 新 累計 140分
  [ 43/60] m= 24 s=777    val_MSE=0.00129 AU= 14 ep=268 新 累計 145分
  [ 44/60] m= 24 s=2024   val_MSE=0.00132 AU= 13 ep=239 新 累計 149分
  [ 45/60] m= 24 s=31337  val_MSE=0.00124 AU= 15 ep=175 新 累計 152分
  [ 46/60] m= 32 s=42     val_MSE=0.00121 AU= 16 ep=272 新 累計 158分
  [ 47/60] m= 32 s=123    val_MSE=0.00120 AU= 14 ep=233 新 累計 162分
  [ 48/60] m= 32 s=777    val_MSE=0.00117 AU= 14 ep=198 新 累計 166分
  [ 49/60] m= 32 s=2024   val_MSE=0.00121 AU= 15 ep=202 新 累計 169分
  [ 50/60] m= 32 s=31337  val_MSE=0.00131 AU= 15 ep=260 新 累計 174分
  [ 51/60] m= 48 s=42     val_MSE=0.00119 AU= 15 ep=220 新 累計 178分
  [ 52/60] m= 48 s=123    val_MSE=0.03760 AU=  0 ep=176 新 累計 182分
  [ 53/60] m= 48 s=777    val_MSE=0.00119 AU= 16 ep=252 新 累計 186分
  [ 54/60] m= 48 s=2024   val_MSE=0.00125 AU= 17 ep=300 新 累計 192分
  [ 55/60] m= 48 s=31337  val_MSE=0.00125 AU= 17 ep=165 新 累計 195分
  [ 56/60] m= 64 s=42     val_MSE=0.00117 AU= 13 ep=226 新 累計 200分
  [ 57/60] m= 64 s=123    val_MSE=0.00114 AU= 15 ep=210 新 累計 204分
  [ 58/60] m= 64 s=777    val_MSE=0.00120 AU= 13 ep=212 新 累計 208分
  [ 59/60] m= 64 s=2024   val_MSE=0.00117 AU= 16 ep=213 新 累計 212分
  [ 60/60] m= 64 s=31337  val_MSE=0.00117 AU= 13 ep=200 新 累計 216分
=== dSprites 完了 216.2 分 ===

=== CIFAR10  尤度=gaussian  グリッド 10 点 × 5 seeds = 50 ラン ===
  [  1/50] m=  8 s=42     val_MSE=0.02242 AU=  8 ep= 69 新 累計 1分
  [  2/50] m=  8 s=123    val_MSE=0.02243 AU=  8 ep= 67 新 累計 1分
  [  3/50] m=  8 s=777    val_MSE=0.02251 AU=  8 ep= 52 新 累計 2分
  [  4/50] m=  8 s=2024   val_MSE=0.02262 AU=  8 ep= 53 新 累計 2分
  [  5/50] m=  8 s=31337  val_MSE=0.02237 AU=  8 ep= 68 新 累計 3分
  [  6/50] m= 16 s=42     val_MSE=0.01709 AU= 16 ep= 94 新 累計 4分
  [  7/50] m= 16 s=123    val_MSE=0.01717 AU= 16 ep= 66 新 累計 4分
  [  8/50] m= 16 s=777    val_MSE=0.01718 AU= 16 ep= 57 新 累計 5分
  [  9/50] m= 16 s=2024   val_MSE=0.01697 AU= 16 ep= 65 新 累計 5分
  [ 10/50] m= 16 s=31337  val_MSE=0.01704 AU= 16 ep= 57 新 累計 6分
  [ 11/50] m= 24 s=42     val_MSE=0.01514 AU= 24 ep= 72 新 累計 6分
  [ 12/50] m= 24 s=123    val_MSE=0.01511 AU= 24 ep= 85 新 累計 7分
  [ 13/50] m= 24 s=777    val_MSE=0.01533 AU= 24 ep= 55 新 累計 7分
  [ 14/50] m= 24 s=2024   val_MSE=0.01502 AU= 24 ep= 92 新 累計 8分
  [ 15/50] m= 24 s=31337  val_MSE=0.01498 AU= 24 ep= 87 新 累計 9分
  [ 16/50] m= 32 s=42     val_MSE=0.01419 AU= 31 ep= 85 新 累計 10分
  [ 17/50] m= 32 s=123    val_MSE=0.01409 AU= 32 ep=116 新 累計 11分
  [ 18/50] m= 32 s=777    val_MSE=0.01431 AU= 31 ep= 69 新 累計 12分
  [ 19/50] m= 32 s=2024   val_MSE=0.01411 AU= 32 ep= 89 新 累計 12分
  [ 20/50] m= 32 s=31337  val_MSE=0.01416 AU= 32 ep= 89 新 累計 13分
  [ 21/50] m= 48 s=42     val_MSE=0.01404 AU= 46 ep= 72 新 累計 14分
  [ 22/50] m= 48 s=123    val_MSE=0.01428 AU= 46 ep= 71 新 累計 15分
  [ 23/50] m= 48 s=777    val_MSE=0.01402 AU= 47 ep= 80 新 累計 15分
  [ 24/50] m= 48 s=2024   val_MSE=0.01396 AU= 45 ep= 78 新 累計 16分
  [ 25/50] m= 48 s=31337  val_MSE=0.01385 AU= 41 ep=101 新 累計 17分
  [ 26/50] m= 64 s=42     val_MSE=0.01410 AU= 59 ep= 63 新 累計 18分
  [ 27/50] m= 64 s=123    val_MSE=0.01410 AU= 58 ep= 73 新 累計 19分
  [ 28/50] m= 64 s=777    val_MSE=0.01391 AU= 53 ep= 94 新 累計 20分
  [ 29/50] m= 64 s=2024   val_MSE=0.01396 AU= 59 ep= 68 新 累計 21分
  [ 30/50] m= 64 s=31337  val_MSE=0.01384 AU= 59 ep=101 新 累計 22分
  [ 31/50] m= 96 s=42     val_MSE=0.01422 AU= 83 ep= 60 新 累計 23分
  [ 32/50] m= 96 s=123    val_MSE=0.01418 AU= 91 ep= 67 新 累計 24分
  [ 33/50] m= 96 s=777    val_MSE=0.01390 AU= 82 ep= 99 新 累計 25分
  [ 34/50] m= 96 s=2024   val_MSE=0.01418 AU= 87 ep= 78 新 累計 26分
  [ 35/50] m= 96 s=31337  val_MSE=0.01404 AU= 77 ep= 87 新 累計 28分
  [ 36/50] m=128 s=42     val_MSE=0.01390 AU= 82 ep=100 新 累計 29分
  [ 37/50] m=128 s=123    val_MSE=0.01384 AU= 82 ep= 99 新 累計 30分
  [ 38/50] m=128 s=777    val_MSE=0.01386 AU= 80 ep=101 新 累計 31分
  [ 39/50] m=128 s=2024   val_MSE=0.01377 AU= 87 ep= 98 新 累計 33分
  [ 40/50] m=128 s=31337  val_MSE=0.01403 AU=100 ep= 78 新 累計 34分
  [ 41/50] m=192 s=42     val_MSE=0.01386 AU=103 ep=100 新 累計 35分
  [ 42/50] m=192 s=123    val_MSE=0.01401 AU=148 ep= 95 新 累計 37分
  [ 43/50] m=192 s=777    val_MSE=0.01395 AU=108 ep=103 新 累計 38分
  [ 44/50] m=192 s=2024   val_MSE=0.01376 AU= 76 ep=128 新 累計 40分
  [ 45/50] m=192 s=31337  val_MSE=0.01421 AU=153 ep= 77 新 累計 41分
  [ 46/50] m=256 s=42     val_MSE=0.01413 AU=182 ep= 96 新 累計 42分
  [ 47/50] m=256 s=123    val_MSE=0.01420 AU=181 ep= 85 新 累計 44分
  [ 48/50] m=256 s=777    val_MSE=0.01408 AU=169 ep= 78 新 累計 45分
  [ 49/50] m=256 s=2024   val_MSE=0.01394 AU=165 ep= 97 新 累計 47分
  [ 50/50] m=256 s=31337  val_MSE=0.01397 AU=142 ep=124 新 累計 48分
=== CIFAR10 完了 48.3 分 ===

全データ完了
