\BOOKMARK [1][-]{section.1}{\376\377\060\157\060\130\060\201\060\153}{}% 1
\BOOKMARK [1][-]{section.2}{\376\377\225\242\220\043\170\024\172\166}{}% 2
\BOOKMARK [2][-]{subsection.2.1}{\376\377\153\041\121\103\377\014\121\215\151\313\142\020\377\014\157\134\127\050\131\011\145\160\060\156\155\073\140\047}{section.2}% 3
\BOOKMARK [2][-]{subsection.2.2}{\376\377\121\110\210\114\117\032\213\160\212\326\145\207\060\112\060\210\060\163\116\345\122\115\060\156\123\237\172\077\060\150\060\156\225\242\117\302}{section.2}% 4
\BOOKMARK [1][-]{section.3}{\376\377\212\125\117\241\060\156\147\240\175\104\060\177}{}% 5
\BOOKMARK [2][-]{subsection.3.1}{\376\377\060\342\060\307\060\353\060\150\124\301\214\352\166\356\152\031}{section.3}% 6
\BOOKMARK [2][-]{subsection.3.2}{\376\377\121\215\212\125\117\241\165\050\060\156\175\161\116\000\123\130\117\241\060\150\220\116\123\273\060\156\214\273\165\050\212\030\223\062}{section.3}% 7
\BOOKMARK [2][-]{subsection.3.3}{\376\377\121\372\122\233\060\150\175\102\116\206\162\266\141\113}{section.3}% 8
\BOOKMARK [2][-]{subsection.3.4}{\376\377\123\302\161\147\060\342\060\307\060\353\177\244\060\150\117\341\230\074\140\047\151\034\147\373}{section.3}% 9
\BOOKMARK [2][-]{subsection.3.5}{\376\377\116\213\137\214\166\204\060\153\133\232\177\251\060\127\060\137\143\242\175\042\145\271\173\126}{section.3}% 10
\BOOKMARK [1][-]{section.4}{\376\377\164\006\212\326\166\204\200\314\146\157}{}% 11
\BOOKMARK [1][-]{section.5}{\376\377\133\237\232\023\212\055\133\232}{}% 12
\BOOKMARK [2][-]{subsection.5.1}{\376\377\060\307\060\374\060\277\377\014\151\313\220\040\377\014\147\000\220\151\123\026}{section.5}% 13
\BOOKMARK [2][-]{subsection.5.2}{\376\377\142\113\154\325\060\150\212\255\060\177\123\326\060\212}{section.5}% 14
\BOOKMARK [2][-]{subsection.5.3}{\376\377\133\237\210\114\164\260\130\203\060\150\116\213\122\115\116\325\151\330\060\156\173\304\126\362}{section.5}% 15
\BOOKMARK [2][-]{subsection.5.4}{\376\377\173\304\126\362\060\222\226\120\133\232\060\127\060\137\145\260\211\217\060\342\060\307\060\353\151\034\212\074}{section.5}% 16
\BOOKMARK [1][-]{section.6}{\376\377\175\120\147\234}{}% 17
\BOOKMARK [2][-]{subsection.6.1}{\376\377\143\242\175\042\060\156\122\044\145\255\060\150\175\161\116\000\214\273\165\050}{section.6}% 18
\BOOKMARK [2][-]{subsection.6.2}{\376\377\117\302\145\160\377\014\117\341\230\074\140\047\377\014\121\215\122\051\165\050\060\153\133\376\060\131\060\213\141\037\136\246}{section.6}% 19
\BOOKMARK [2][-]{subsection.6.3}{\376\377\212\030\223\062\060\125\060\214\060\137\220\170\142\236\126\150\060\156\124\301\214\352}{section.6}% 20
\BOOKMARK [2][-]{subsection.6.4}{\376\377\000I\000D\060\156\210\150\163\376\117\235\133\130\140\047\060\150\152\031\147\054\145\160\117\235\133\130\140\047}{section.6}% 21
\BOOKMARK [2][-]{subsection.6.5}{\376\377\153\143\122\107\123\026\060\150\124\301\214\352\147\141\116\366\060\170\060\156\117\235\133\130}{section.6}% 22
\BOOKMARK [2][-]{subsection.6.6}{\376\377\133\146\177\322\146\362\175\332\377\014\000t\000e\000s\000t\212\125\117\241\377\014\220\170\142\236\127\372\156\226}{section.6}% 23
\BOOKMARK [2][-]{subsection.6.7}{\376\377\155\073\140\047\136\246\060\156\212\255\060\177\123\326\060\212\377\032\143\250\171\373\377\014\225\276\120\044\377\014\116\210\156\054}{section.6}% 24
\BOOKMARK [2][-]{subsection.6.8}{\376\377\133\237\210\305\166\343\147\373\060\150\220\000\123\026\121\372\122\233}{section.6}% 25
\BOOKMARK [1][-]{section.7}{\376\377\200\003\133\337}{}% 26
\BOOKMARK [1][-]{section.8}{\376\377\175\120\212\326}{}% 27
\BOOKMARK [1][-]{appendix.A}{\376\377\124\301\214\352\166\356\152\031\060\150\175\120\147\234\060\156\212\010\116\012}{}% 28
\BOOKMARK [2][-]{subsection.A.1}{\376\377\124\004\162\266\141\113\060\156\162\354\172\313\060\127\060\137\226\306\212\010}{appendix.A}% 29
\BOOKMARK [1][-]{appendix.B}{\376\377\143\242\175\042\141\037\136\246\060\150\146\102\225\223\212\030\223\062\060\156\147\145\153\164}{}% 30
\BOOKMARK [2][-]{subsection.B.1}{\376\377\220\116\123\273\060\156\146\102\225\223\212\010\116\012\060\150\175\161\116\000\146\102\225\223\212\010\116\012}{appendix.B}% 31
\BOOKMARK [1][-]{appendix.C}{\376\377\133\237\210\114\173\304\126\362\060\150\133\237\210\305\060\156\212\163\175\060}{}% 32
\BOOKMARK [2][-]{subsection.C.1}{\376\377\137\223\147\145\060\156\126\372\133\232\143\242\175\042\172\223\142\113\230\006}{appendix.C}% 33
\BOOKMARK [2][-]{subsection.C.2}{\376\377\122\152\133\232\060\373\225\242\220\043\136\246\142\113\154\325\060\156\131\011\146\364\133\237\210\305}{appendix.C}% 34
\BOOKMARK [2][-]{subsection.C.3}{\376\377\225\276\120\044\060\156\060\177\060\156\211\343\147\220\060\150\124\301\214\352\212\061\133\271\136\105\060\156\211\343\147\220}{appendix.C}% 35
\BOOKMARK [1][-]{appendix.D}{\376\377\124\010\142\020\060\307\060\374\060\277\060\156\134\072\136\246\060\373\226\144\123\273\212\072\145\255}{}% 36
\BOOKMARK [1][-]{appendix.E}{\376\377\145\260\060\127\060\104\000M\000N\000I\000S\000T\060\342\060\307\060\353\060\156\212\030\223\062}{}% 37
\BOOKMARK [1][-]{appendix.F}{\376\377\121\215\163\376\214\307\145\231\060\156\116\000\211\247\060\150\153\213\060\213\212\030\223\062\116\012\060\156\122\066\175\004}{}% 38
